 sihlviewer

 Timestamp is 559aa56d (Mon Jul 06 12:57:33 2015)

 Preferred load address is 00400000

 Start         Length     Name                   Class
 0001:00000000 000070fdH .text$di                CODE
 0001:00007100 00155705H .text$mn                CODE
 0001:0015c810 000059b6H .text$x                 CODE
 0001:001621d0 00001ea3H .text$yd                CODE
 0002:00000000 00000104H .CRT$XCA                DATA
 0002:00000104 00000104H .CRT$XCC                DATA
 0002:00000208 0000047eH .CRT$XCU                DATA
 0002:00000688 00000104H .CRT$XCZ                DATA
 0002:0000078c 00000104H .CRT$XIA                DATA
 0002:00000890 00000113H .CRT$XIC                DATA
 0002:000009a4 00000104H .CRT$XIY                DATA
 0002:00000aa8 00000104H .CRT$XIZ                DATA
 0002:00000bac 00000104H .CRT$XPA                DATA
 0002:00000cb0 00000109H .CRT$XPX                DATA
 0002:00000dbc 00000104H .CRT$XPXA               DATA
 0002:00000ec0 00000104H .CRT$XPZ                DATA
 0002:00000fc4 00000104H .CRT$XTA                DATA
 0002:000010c8 00000104H .CRT$XTZ                DATA
 0002:000011d0 0002b33dH .rdata                  DATA
 0002:0002c510 000001c0H .rdata$debug            DATA
 0002:0002c6d0 00001628H .rdata$r                DATA
 0002:0002dd00 000005b4H .rdata$sxdata           DATA
 0002:0002e2b4 00000104H .rtc$IAA                DATA
 0002:0002e3b8 0000010eH .rtc$IMZ                DATA
 0002:0002e4c8 00000104H .rtc$IZZ                DATA
 0002:0002e5cc 00000104H .rtc$TAA                DATA
 0002:0002e6d0 0000010eH .rtc$TMZ                DATA
 0002:0002e7e0 00000104H .rtc$TZZ                DATA
 0002:0002e8e8 00006145H .xdata$x                DATA
 0002:00034a2d 00000000H .edata                  DATA
 0003:00000000 000057fdH .data                   DATA
 0003:00005800 000009adH .data$r                 DATA
 0003:000061c0 0005fe84H .bss                    DATA
 0004:00000000 00000978H .idata$5                DATA
 0004:00000978 000000dcH .idata$2                DATA
 0004:00000a54 00000014H .idata$3                DATA
 0004:00000a68 00000978H .idata$4                DATA
 0004:000013e0 00001ee8H .idata$6                DATA
 0005:00000000 00001656H .rsrc$01                DATA
 0005:00001660 00055360H .rsrc$02                DATA

  Address         Publics by Value              Rva+Base       Lib:Object

 0000:00000000       ___guard_fids_count        00000000     <absolute>
 0000:00000000       ___guard_fids_table        00000000     <absolute>
 0000:00000000       ___guard_flags             00000000     <absolute>
 0000:00000000       __except_list              00000000     <absolute>
 0000:000000fb       ___safe_se_handler_count   000000fb     <absolute>
 0000:00000000       ___ImageBase               00400000     <linker-defined>
 0001:00007100       ?DoGetBkGndBitmap@@YAPAUHBITMAP__@@I@Z 00408100 f   AboutBox.obj
 0001:00007170       ?DoSDKEraseBkGnd@@YAHQAUHDC__@@K@Z 00408170 f   AboutBox.obj
 0001:00007360       ?ShowAboutBox@@YAXXZ       00408360 f   AboutBox.obj
 0001:00007430       ??$_Allocate@D@std@@YAPADIPAD@Z 00408430 f i AboutBox.obj
 0001:00007480       ??$_Allocate@U_Container_proxy@std@@@std@@YAPAU_Container_proxy@0@IPAU10@@Z 00408480 f i AboutBox.obj
 0001:000074d0       ??$_Debug_pointer@D@std@@YAXPBDPB_WI@Z 004084d0 f i AboutBox.obj
 0001:00007500       ??$addressof@D@std@@YAPADAAD@Z 00408500 f i AboutBox.obj
 0001:00007510       ??$construct@PADAAPAD@?$_Wrap_alloc@V?$allocator@D@std@@@std@@QAEXPAPADAAPAD@Z 00408510 f i AboutBox.obj
 0001:00007550       ??$construct@PADAAPAD@?$allocator@D@std@@QAEXPAPADAAPAD@Z 00408550 f i AboutBox.obj
 0001:00007600       ??$construct@PADAAPAD@?$allocator_traits@V?$allocator@D@std@@@std@@SAXAAV?$allocator@D@1@PAPADAAPAD@Z 00408600 f i AboutBox.obj
 0001:00007630       ??$construct@U_Container_proxy@std@@U12@@?$allocator@U_Container_proxy@std@@@std@@QAEXPAU_Container_proxy@1@$$QAU21@@Z 00408630 f i AboutBox.obj
 0001:000076e0       ??$destroy@PAD@?$_Wrap_alloc@V?$allocator@D@std@@@std@@QAEXPAPAD@Z 004086e0 f i AboutBox.obj
 0001:00007710       ??$destroy@PAD@?$allocator@D@std@@QAEXPAPAD@Z 00408710 f i AboutBox.obj
 0001:00007720       ??$destroy@PAD@?$allocator_traits@V?$allocator@D@std@@@std@@SAXAAV?$allocator@D@1@PAPAD@Z 00408720 f i AboutBox.obj
 0001:00007740       ??$destroy@U_Container_proxy@std@@@?$allocator@U_Container_proxy@std@@@std@@QAEXPAU_Container_proxy@1@@Z 00408740 f i AboutBox.obj
 0001:00007750       ??$forward@AAPAD@std@@YAAAPADAAPAD@Z 00408750 f i AboutBox.obj
 0001:00007760       ??$forward@U_Container_proxy@std@@@std@@YA$$QAU_Container_proxy@0@AAU10@@Z 00408760 f i AboutBox.obj
 0001:00007770       ??0?$_String_alloc@$0A@U?$_String_base_types@DV?$allocator@D@std@@@std@@@std@@QAE@ABV?$allocator@D@1@@Z 00408770 f i AboutBox.obj
 0001:000077e0       ??0?$_String_val@U?$_Simple_types@D@std@@@std@@QAE@XZ 004087e0 f i AboutBox.obj
 0001:00007820       ??0?$_Wrap_alloc@V?$allocator@D@std@@@std@@QAE@XZ 00408820 f i AboutBox.obj
 0001:00007840       ??0?$allocator@D@std@@QAE@XZ 00408840 f i AboutBox.obj
 0001:00007860       ??0?$allocator@U_Container_proxy@std@@@std@@QAE@XZ 00408860 f i AboutBox.obj
 0001:00007880       ??0?$basic_string@DU?$char_traits@D@std@@V?$allocator@D@2@@std@@QAE@PBD@Z 00408880 f i AboutBox.obj
 0001:00007910       ??0_Container_base12@std@@QAE@XZ 00408910 f i AboutBox.obj
 0001:00007930       ??0_Container_proxy@std@@QAE@XZ 00408930 f i AboutBox.obj
 0001:00007960       ??0_Generic_error_category@std@@QAE@XZ 00408960 f i AboutBox.obj
 0001:00007990       ??0_Ignore@std@@QAE@XZ     00408990 f i AboutBox.obj
 0001:000079b0       ??0_Iostream_error_category@std@@QAE@XZ 004089b0 f i AboutBox.obj
 0001:000079e0       ??0_System_error_category@std@@QAE@XZ 004089e0 f i AboutBox.obj
 0001:00007a10       ??0error_category@std@@QAE@XZ 00408a10 f i AboutBox.obj
 0001:00007a30       ??0error_condition@std@@QAE@HABVerror_category@1@@Z 00408a30 f i AboutBox.obj
 0001:00007a60       ??0id@locale@std@@QAE@I@Z  00408a60 f i AboutBox.obj
 0001:00007a80       ??1?$_String_alloc@$0A@U?$_String_base_types@DV?$allocator@D@std@@@std@@@std@@QAE@XZ 00408a80 f i AboutBox.obj
 0001:00007ab0       ??1?$_String_val@U?$_Simple_types@D@std@@@std@@QAE@XZ 00408ab0 f i AboutBox.obj
 0001:00007ad0       ??1_Container_base12@std@@QAE@XZ 00408ad0 f i AboutBox.obj
 0001:00007af0       ??1_Generic_error_category@std@@UAE@XZ 00408af0 f i AboutBox.obj
 0001:00007b10       ??1_Iostream_error_category@std@@UAE@XZ 00408b10 f i AboutBox.obj
 0001:00007b30       ??1_System_error_category@std@@UAE@XZ 00408b30 f i AboutBox.obj
 0001:00007b50       ??1error_category@std@@UAE@XZ 00408b50 f i AboutBox.obj
 0001:00007b70       ??2@YAPAXIPAX@Z            00408b70 f i AboutBox.obj
 0001:00007b80       ??3@YAXPAX0@Z              00408b80 f i AboutBox.obj
 0001:00007b90       ??8error_category@std@@QBE_NABV01@@Z 00408b90 f i AboutBox.obj
 0001:00007bd0       ??8error_condition@std@@QBE_NABV01@@Z 00408bd0 f i AboutBox.obj
 0001:00007c40       ??_E_Generic_error_category@std@@UAEPAXI@Z 00408c40 f i AboutBox.obj
 0001:00007c40       ??_G_Generic_error_category@std@@UAEPAXI@Z 00408c40 f i AboutBox.obj
 0001:00007c80       ??_G_Iostream_error_category@std@@UAEPAXI@Z 00408c80 f i AboutBox.obj
 0001:00007c80       ??_E_Iostream_error_category@std@@UAEPAXI@Z 00408c80 f i AboutBox.obj
 0001:00007cc0       ??_E_System_error_category@std@@UAEPAXI@Z 00408cc0 f i AboutBox.obj
 0001:00007cc0       ??_G_System_error_category@std@@UAEPAXI@Z 00408cc0 f i AboutBox.obj
 0001:00007d00       ??_Eerror_category@std@@UAEPAXI@Z 00408d00 f i AboutBox.obj
 0001:00007d00       ??_Gerror_category@std@@UAEPAXI@Z 00408d00 f i AboutBox.obj
 0001:00007d40       ?_Alloc_proxy@?$_String_alloc@$0A@U?$_String_base_types@DV?$allocator@D@std@@@std@@@std@@QAEXXZ 00408d40 f i AboutBox.obj
 0001:00007da0       ?_Copy@?$basic_string@DU?$char_traits@D@std@@V?$allocator@D@2@@std@@QAEXII@Z 00408da0 f i AboutBox.obj
 0001:00007fd0       ?_Eos@?$basic_string@DU?$char_traits@D@std@@V?$allocator@D@2@@std@@QAEXI@Z 00408fd0 f i AboutBox.obj
 0001:00008020       ?_Free_proxy@?$_String_alloc@$0A@U?$_String_base_types@DV?$allocator@D@std@@@std@@@std@@QAEXXZ 00409020 f i AboutBox.obj
 0001:00008080       ?_Getal@?$_String_alloc@$0A@U?$_String_base_types@DV?$allocator@D@std@@@std@@@std@@QBE?AU?$_Wrap_alloc@V?$allocator@D@std@@@2@XZ 00409080 f i AboutBox.obj
 0001:000080a0       ?_Grow@?$basic_string@DU?$char_traits@D@std@@V?$allocator@D@2@@std@@QAE_NI_N@Z 004090a0 f i AboutBox.obj
 0001:00008170       ?_Inside@?$basic_string@DU?$char_traits@D@std@@V?$allocator@D@2@@std@@QAE_NPBD@Z 00409170 f i AboutBox.obj
 0001:000081c0       ?_Myptr@?$_String_val@U?$_Simple_types@D@std@@@std@@QAEPADXZ 004091c0 f i AboutBox.obj
 0001:00008210       ?_Myptr@?$_String_val@U?$_Simple_types@D@std@@@std@@QBEPBDXZ 00409210 f i AboutBox.obj
 0001:00008260       ?_Orphan_all@_Container_base12@std@@QAEXXZ 00409260 f i AboutBox.obj
 0001:000082e0       ?_Tidy@?$basic_string@DU?$char_traits@D@std@@V?$allocator@D@2@@std@@QAEX_NI@Z 004092e0 f i AboutBox.obj
 0001:000083b0       ?_Xlen@?$basic_string@DU?$char_traits@D@std@@V?$allocator@D@2@@std@@QBEXXZ 004093b0 f i AboutBox.obj
 0001:000083d0       ?_Xran@?$basic_string@DU?$char_traits@D@std@@V?$allocator@D@2@@std@@QBEXXZ 004093d0 f i AboutBox.obj
 0001:000083f0       ?allocate@?$_Wrap_alloc@V?$allocator@D@std@@@std@@QAEPADI@Z 004093f0 f i AboutBox.obj
 0001:00008410       ?allocate@?$allocator@D@std@@QAEPADI@Z 00409410 f i AboutBox.obj
 0001:00008440       ?allocate@?$allocator@U_Container_proxy@std@@@std@@QAEPAU_Container_proxy@2@I@Z 00409440 f i AboutBox.obj
 0001:00008470       ?assign@?$basic_string@DU?$char_traits@D@std@@V?$allocator@D@2@@std@@QAEAAV12@ABV12@II@Z 00409470 f i AboutBox.obj
 0001:00008550       ?assign@?$basic_string@DU?$char_traits@D@std@@V?$allocator@D@2@@std@@QAEAAV12@PBD@Z 00409550 f i AboutBox.obj
 0001:000085a0       ?assign@?$basic_string@DU?$char_traits@D@std@@V?$allocator@D@2@@std@@QAEAAV12@PBDI@Z 004095a0 f i AboutBox.obj
 0001:00008660       ?assign@?$char_traits@D@std@@SAXAADABD@Z 00409660 f i AboutBox.obj
 0001:00008680       ?category@error_code@std@@QBEABVerror_category@2@XZ 00409680 f i AboutBox.obj
 0001:000086a0       ?category@error_condition@std@@QBEABVerror_category@2@XZ 004096a0 f i AboutBox.obj
 0001:000086c0       ?copy@?$char_traits@D@std@@SAPADPADPBDI@Z 004096c0 f i AboutBox.obj
 0001:00008700       ?deallocate@?$_Wrap_alloc@V?$allocator@D@std@@@std@@QAEXPADI@Z 00409700 f i AboutBox.obj
 0001:00008730       ?deallocate@?$allocator@D@std@@QAEXPADI@Z 00409730 f i AboutBox.obj
 0001:00008750       ?deallocate@?$allocator@U_Container_proxy@std@@@std@@QAEXPAU_Container_proxy@2@I@Z 00409750 f i AboutBox.obj
 0001:00008770       ?default_error_condition@_System_error_category@std@@UBE?AVerror_condition@2@H@Z 00409770 f i AboutBox.obj
 0001:000087d0       ?default_error_condition@error_category@std@@UBE?AVerror_condition@2@H@Z 004097d0 f i AboutBox.obj
 0001:00008800       ?equivalent@error_category@std@@UBE_NABVerror_code@2@H@Z 00409800 f i AboutBox.obj
 0001:00008860       ?equivalent@error_category@std@@UBE_NHABVerror_condition@2@@Z 00409860 f i AboutBox.obj
 0001:000088a0       ?erase@?$basic_string@DU?$char_traits@D@std@@V?$allocator@D@2@@std@@QAEAAV12@I@Z 004098a0 f i AboutBox.obj
 0001:000088e0       ?erase@?$basic_string@DU?$char_traits@D@std@@V?$allocator@D@2@@std@@QAEAAV12@II@Z 004098e0 f i AboutBox.obj
 0001:00008990       ?generic_category@std@@YAABVerror_category@1@XZ 00409990 f i AboutBox.obj
 0001:000089a0       ?length@?$char_traits@D@std@@SAIPBD@Z 004099a0 f i AboutBox.obj
 0001:000089e0       ?max_size@?$_Wrap_alloc@V?$allocator@D@std@@@std@@QBEIXZ 004099e0 f i AboutBox.obj
 0001:00008a00       ?max_size@?$allocator@D@std@@QBEIXZ 00409a00 f i AboutBox.obj
 0001:00008a20       ?max_size@?$allocator_traits@V?$allocator@D@std@@@std@@SAIABV?$allocator@D@2@@Z 00409a20 f i AboutBox.obj
 0001:00008a30       ?max_size@?$basic_string@DU?$char_traits@D@std@@V?$allocator@D@2@@std@@QBEIXZ 00409a30 f i AboutBox.obj
 0001:00008a80       ?message@_Generic_error_category@std@@UBE?AV?$basic_string@DU?$char_traits@D@std@@V?$allocator@D@2@@2@H@Z 00409a80 f i AboutBox.obj
 0001:00008af0       ?message@_Iostream_error_category@std@@UBE?AV?$basic_string@DU?$char_traits@D@std@@V?$allocator@D@2@@2@H@Z 00409af0 f i AboutBox.obj
 0001:00008b60       ?message@_System_error_category@std@@UBE?AV?$basic_string@DU?$char_traits@D@std@@V?$allocator@D@2@@2@H@Z 00409b60 f i AboutBox.obj
 0001:00008bd0       ?move@?$char_traits@D@std@@SAPADPADPBDI@Z 00409bd0 f i AboutBox.obj
 0001:00008c10       ?name@_Generic_error_category@std@@UBEPBDXZ 00409c10 f i AboutBox.obj
 0001:00008c30       ?name@_Iostream_error_category@std@@UBEPBDXZ 00409c30 f i AboutBox.obj
 0001:00008c50       ?name@_System_error_category@std@@UBEPBDXZ 00409c50 f i AboutBox.obj
 0001:00008c70       ?size@?$basic_string@DU?$char_traits@D@std@@V?$allocator@D@2@@std@@QBEIXZ 00409c70 f i AboutBox.obj
 0001:00008c90       ?system_category@std@@YAABVerror_category@1@XZ 00409c90 f i AboutBox.obj
 0001:00008ca0       ?value@error_code@std@@QBEHXZ 00409ca0 f i AboutBox.obj
 0001:00008cc0       ?value@error_condition@std@@QBEHXZ 00409cc0 f i AboutBox.obj
 0001:00008ce0       _hypot                     00409ce0 f i AboutBox.obj
 0001:00008d10       ??0AccelKeys@@QAE@XZ       00409d10 f   AccelKeys.obj
 0001:00008ff0       ?TranslateAccelKeys@AccelKeys@@QAE_NPAUtagMSG@@@Z 00409ff0 f   AccelKeys.obj
 0001:00009040       ??1AccelKeys@@UAE@XZ       0040a040 f   AccelKeys.obj
 0001:00009140       ??_EAccelKeys@@UAEPAXI@Z   0040a140 f i AccelKeys.obj
 0001:00009140       ??_GAccelKeys@@UAEPAXI@Z   0040a140 f i AccelKeys.obj
 0001:00009180       ??0AuthDialog@@QAE@XZ      0040a180 f   AuthDialog.obj
 0001:000091c0       ??1AuthDialog@@UAE@XZ      0040a1c0 f   AuthDialog.obj
 0001:000091e0       ?DoDialog@AuthDialog@@QAEH_NQADH00@Z 0040a1e0 f   AuthDialog.obj
 0001:00009310       ?DlgProc@AuthDialog@@SGHPAUHWND__@@IIJ@Z 0040a310 f   AuthDialog.obj
 0001:00009500       ?DlgProc1@AuthDialog@@SGHPAUHWND__@@IIJ@Z 0040a500 f   AuthDialog.obj
 0001:00009810       ??$SafeGetWindowUserData@VAuthDialog@@@helper@@YAPAVAuthDialog@@PAUHWND__@@@Z 0040a810 f i AuthDialog.obj
 0001:00009830       ??$strcat_s@$0PK@@@YAHAAY0PK@DPBD@Z 0040a830 f i AuthDialog.obj
 0001:00009850       ??$strcpy_s@$0PK@@@YAHAAY0PK@DPBD@Z 0040a850 f i AuthDialog.obj
 0001:00009870       ??_EAuthDialog@@UAEPAXI@Z  0040a870 f i AuthDialog.obj
 0001:00009870       ??_GAuthDialog@@UAEPAXI@Z  0040a870 f i AuthDialog.obj
 0001:000098d0       ?ReconnectThreadProc@@YGKPAX@Z 0040a8d0 f   ClientConnection.obj
 0001:00009a00       ?HandleQuickOption@ClientConnection@@QAEXXZ 0040aa00 f   ClientConnection.obj
 0001:00009bb0       ?RebuildToolbar@ClientConnection@@QAEXPAUHWND__@@@Z 0040abb0 f   ClientConnection.obj
 0001:00009c90       ?GTGBS_CreateDisplay@ClientConnection@@QAEXXZ 0040ac90 f   ClientConnection.obj
 0001:00009df0       ?GTGBS_ScrollToolbar@ClientConnection@@QAEXHH@Z 0040adf0 f   ClientConnection.obj
 0001:00009e00       ?CreateButtons@ClientConnection@@QAEXHH@Z 0040ae00 f   ClientConnection.obj
 0001:0000ae00       ??0ClientConnection@@QAE@PAVVNCviewerApp@@@Z 0040be00 f   ClientConnection.obj
 0001:0000afe0       ??0ClientConnection@@QAE@PAVVNCviewerApp@@I@Z 0040bfe0 f   ClientConnection.obj
 0001:0000b280       ??0ClientConnection@@QAE@PAVVNCviewerApp@@PADH@Z 0040c280 f   ClientConnection.obj
 0001:0000b4f0       ??1ClientConnection@@UAE@XZ 0040c4f0 f   ClientConnection.obj
 0001:0000bc90       ?CloseWindows@ClientConnection@@QAEXXZ 0040cc90 f   ClientConnection.obj
 0001:0000bd00       ?Run@ClientConnection@@QAEXXZ 0040cd00 f   ClientConnection.obj
 0001:0000be80       ?KillThread@ClientConnection@@QAEXXZ 0040ce80 f   ClientConnection.obj
 0001:0000bf10       ?SuspendThread@ClientConnection@@QAEXXZ 0040cf10 f   ClientConnection.obj
 0001:0000c0f0       ?SetSendTimeout@ClientConnection@@QAE_NH@Z 0040d0f0 f   ClientConnection.obj
 0001:0000c150       ?SetRecvTimeout@ClientConnection@@QAE_NH@Z 0040d150 f   ClientConnection.obj
 0001:0000c1b0       ?SendKeepAlive@ClientConnection@@QAEX_N0@Z 0040d1b0 f   ClientConnection.obj
 0001:0000c230       ?Internal_SendKeepAlive@ClientConnection@@QAEX_N@Z 0040d230 f   ClientConnection.obj
 0001:0000c3f0       ?WndProc@ClientConnection@@CGJPAUHWND__@@IIJ@Z 0040d3f0 f   ClientConnection.obj
 0001:0000f800       ?WndProcTBwin@ClientConnection@@CGJPAUHWND__@@IIJ@Z 00410800 f   ClientConnection.obj
 0001:00010010       ?WndProchwnd@ClientConnection@@CGJPAUHWND__@@IIJ@Z 00411010 f   ClientConnection.obj
 0001:00010e20       ?Init@ClientConnection@@AAEXPAVVNCviewerApp@@@Z 00411e20 f   ClientConnection.obj
 0001:00011840       ?CreateDisplay@ClientConnection@@AAEXXZ 00412840 f   ClientConnection.obj
 0001:000122c0       ?UpdateMenuItems@ClientConnection@@AAEXXZ 004132c0 f   ClientConnection.obj
 0001:000125b0       ?GTGBS_CreateToolbar@ClientConnection@@AAEXXZ 004135b0 f   ClientConnection.obj
 0001:00012c10       ?GTGBS_ShowConnectWindow@ClientConnection@@AAEPAUHWND__@@XZ 00413c10 f   ClientConnection.obj
 0001:00012c60       ?GTGBS_ShowStatusWindow@ClientConnection@@CGJPAX@Z 00413c60 f   ClientConnection.obj
 0001:00012c80       ?GTGBS_StatusProc@ClientConnection@@CGJPAUHWND__@@IIJ@Z 00413c80 f   ClientConnection.obj
 0001:000131f0       ?GTGBS_SendCustomKey_proc@ClientConnection@@CGJPAUHWND__@@IIJ@Z 004141f0 f   ClientConnection.obj
 0001:000133f0       ?LoadDSMPlugin@ClientConnection@@AAEX_N@Z 004143f0 f   ClientConnection.obj
 0001:00013580       ?SetDSMPluginStuff@ClientConnection@@AAEXXZ 00414580 f   ClientConnection.obj
 0001:000138e0       ?GetConnectDetails@ClientConnection@@AAEXXZ 004148e0 f   ClientConnection.obj
 0001:00013c60       ?Connect@ClientConnection@@AAEXXZ 00414c60 f   ClientConnection.obj
 0001:00014090       ?ConnectProxy@ClientConnection@@AAEXXZ 00415090 f   ClientConnection.obj
 0001:00014420       ?SetSocketOptions@ClientConnection@@AAEXXZ 00415420 f   ClientConnection.obj
 0001:00014510       ?Authenticate@ClientConnection@@AAEXAAV?$vector@KV?$allocator@K@std@@@std@@@Z 00415510 f   ClientConnection.obj
 0001:00014b90       ?AuthenticateServer@ClientConnection@@AAEXKAAV?$vector@KV?$allocator@K@std@@@std@@@Z 00415b90 f   ClientConnection.obj
 0001:000156c0       ?NegotiateProtocolVersion@ClientConnection@@AAEXXZ 004166c0 f   ClientConnection.obj
 0001:00015fb0       ?AuthVnc@ClientConnection@@AAEXXZ 00416fb0 f   ClientConnection.obj
 0001:00016310       ?AuthSCPrompt@ClientConnection@@AAEXXZ 00417310 f   ClientConnection.obj
 0001:00016480       ?AuthSessionSelect@ClientConnection@@AAEXXZ 00417480 f   ClientConnection.obj
 0001:00016520       ?AuthMsLogonI@ClientConnection@@AAEXXZ 00417520 f   ClientConnection.obj
 0001:00016b30       ?AuthMsLogonII@ClientConnection@@AAEXXZ 00417b30 f   ClientConnection.obj
 0001:00016f30       ?AuthSecureVNCPlugin@ClientConnection@@AAEXXZ 00417f30 f   ClientConnection.obj
 0001:000176e0       ?AuthSecureVNCPlugin_old@ClientConnection@@AAEXXZ 004186e0 f   ClientConnection.obj
 0001:00017e00       ?NegotiateProxy@ClientConnection@@AAEXXZ 00418e00 f   ClientConnection.obj
 0001:00018140       ?ReadServerInit@ClientConnection@@AAEXXZ 00419140 f   ClientConnection.obj
 0001:000185f0       ?SendClientInit@ClientConnection@@AAEXXZ 004195f0 f   ClientConnection.obj
 0001:00018630       ?CreateLocalFramebuffer@ClientConnection@@AAEXXZ 00419630 f   ClientConnection.obj
 0001:00018660       ?SetupPixelFormat@ClientConnection@@AAEXXZ 00419660 f   ClientConnection.obj
 0001:00018940       ?SetFormatAndEncodings@ClientConnection@@AAEXXZ 00419940 f   ClientConnection.obj
 0001:000191f0       ?HandleFramebufferUpdateRequest@ClientConnection@@AAEXIJ@Z 0041a1f0 f   ClientConnection.obj
 0001:00019230       ?SendIncrementalFramebufferUpdateRequest@ClientConnection@@AAEX_N@Z 0041a230 f   ClientConnection.obj
 0001:00019250       ?SendFullFramebufferUpdateRequest@ClientConnection@@AAEX_N@Z 0041a250 f   ClientConnection.obj
 0001:00019270       ?SendAppropriateFramebufferUpdateRequest@ClientConnection@@AAEX_N@Z 0041a270 f   ClientConnection.obj
 0001:00019290       ?SendFramebufferUpdateRequest@ClientConnection@@AAEXI_N@Z 0041a290 f   ClientConnection.obj
 0001:000192e0       ?Internal_SendIncrementalFramebufferUpdateRequest@ClientConnection@@AAEXXZ 0041a2e0 f   ClientConnection.obj
 0001:00019310       ?Internal_SendFullFramebufferUpdateRequest@ClientConnection@@AAEXXZ 0041a310 f   ClientConnection.obj
 0001:00019340       ?Internal_SendAppropriateFramebufferUpdateRequest@ClientConnection@@AAEXXZ 0041a340 f   ClientConnection.obj
 0001:00019630       ?Internal_SendFramebufferUpdateRequest@ClientConnection@@AAEXHHHH_N@Z 0041a630 f   ClientConnection.obj
 0001:00019760       ?FlushThrottledMouseMove@ClientConnection@@AAE_NXZ 0041a760 f   ClientConnection.obj
 0001:00019800       ??0PendingMouseMove@ClientConnection@@QAE@XZ 0041a800 f   ClientConnection.obj
 0001:00019850       ?SizeWindow@ClientConnection@@AAEXXZ 0041a850 f   ClientConnection.obj
 0001:0001a290       ?ScrollScreen@ClientConnection@@AAE_NHH@Z 0041b290 f   ClientConnection.obj
 0001:0001a480       ?ReadNewFBSize@ClientConnection@@AAEXPAUrfbFramebufferUpdateRectHeader@@@Z 0041b480 f   ClientConnection.obj
 0001:0001a530       ?SendClientCutText@ClientConnection@@AAEXPADH@Z 0041b530 f   ClientConnection.obj
 0001:0001a740       ?ReadServerCutText@ClientConnection@@AAEXXZ 0041b740 f   ClientConnection.obj
 0001:0001aa90       ?NotifyPluginStreamingSupport@ClientConnection@@AAEXXZ 0041ba90 f   ClientConnection.obj
 0001:0001aad0       ?ReadBell@ClientConnection@@AAEXXZ 0041bad0 f   ClientConnection.obj
 0001:0001ab80       ?ReadExactProxy@ClientConnection@@AAEXPADH@Z 0041bb80 f   ClientConnection.obj
 0001:0001ac80       ?ReadString@ClientConnection@@AAEXPADH@Z 0041bc80 f   ClientConnection.obj
 0001:0001acd0       ?Send@ClientConnection@@AAEHPBDIH@Z 0041bcd0 f   ClientConnection.obj
 0001:0001ae60       ?Write_timeout@ClientConnection@@AAEXPADHH_N@Z 0041be60 f   ClientConnection.obj
 0001:0001ae90       ?WriteTransformed_timeout@ClientConnection@@AAEXPADHH_N@Z 0041be90 f   ClientConnection.obj
 0001:0001afa0       ?WriteTransformed_timeout@ClientConnection@@AAEXPADHEH_N@Z 0041bfa0 f   ClientConnection.obj
 0001:0001b030       ?WriteExact_timeout@ClientConnection@@AAEXPADHH@Z 0041c030 f   ClientConnection.obj
 0001:0001b060       ?WriteExact_timeout@ClientConnection@@AAEXPADHEH@Z 0041c060 f   ClientConnection.obj
 0001:0001b090       ?Write@ClientConnection@@AAEXPADH_N1H@Z 0041c090 f   ClientConnection.obj
 0001:0001b2c0       ?WriteTransformed@ClientConnection@@AAEXPADH_N@Z 0041c2c0 f   ClientConnection.obj
 0001:0001b3d0       ?WriteTransformed@ClientConnection@@AAEXPADHE_N@Z 0041c3d0 f   ClientConnection.obj
 0001:0001b450       ?WriteExact@ClientConnection@@AAEXPADH@Z 0041c450 f   ClientConnection.obj
 0001:0001b470       ?WriteExactProxy@ClientConnection@@AAEXPADH@Z 0041c470 f   ClientConnection.obj
 0001:0001b4a0       ?WriteExact@ClientConnection@@AAEXPADHE@Z 0041c4a0 f   ClientConnection.obj
 0001:0001b4d0       ?WriteQueue@ClientConnection@@AAEXPADH@Z 0041c4d0 f   ClientConnection.obj
 0001:0001b500       ?WriteExactQueue@ClientConnection@@AAEXPADH@Z 0041c500 f   ClientConnection.obj
 0001:0001b520       ?WriteExactQueue@ClientConnection@@AAEXPADHE@Z 0041c520 f   ClientConnection.obj
 0001:0001b550       ?WriteExactQueue_timeout@ClientConnection@@AAEXPADHH@Z 0041c550 f   ClientConnection.obj
 0001:0001b580       ?WriteExactQueue_timeout@ClientConnection@@AAEXPADHEH@Z 0041c580 f   ClientConnection.obj
 0001:0001b5b0       ?FlushOutstandingWriteQueue@ClientConnection@@AAEXAAPADAAH_NH@Z 0041c5b0 f   ClientConnection.obj
 0001:0001b7d0       ?FlushWriteQueue@ClientConnection@@AAEX_NH@Z 0041c7d0 f   ClientConnection.obj
 0001:0001b800       ?ReadExactProtocolVersion@ClientConnection@@AAEXPADHAA_N@Z 0041c800 f   ClientConnection.obj
 0001:0001bd50       ?GetFriendlySizeString@ClientConnection@@AAEX_JPAD@Z 0041cd50 f   ClientConnection.obj
 0001:0001bf10       ?UpdateStatusFields@ClientConnection@@AAEXXZ 0041cf10 f   ClientConnection.obj
 0001:0001c4e0       ?run_undetached@ClientConnection@@EAEPAXPAX@Z 0041d4e0 f   ClientConnection.obj
 0001:0001ce80       ?SendServerScale@ClientConnection@@AAE_NH@Z 0041de80 f   ClientConnection.obj
 0001:0001cec0       ?SendServerInput@ClientConnection@@AAE_NH@Z 0041dec0 f   ClientConnection.obj
 0001:0001cf00       ?SendSW@ClientConnection@@AAE_NHH@Z 0041df00 f   ClientConnection.obj
 0001:0001cff0       ?ReadServerState@ClientConnection@@AAEXXZ 0041dff0 f   ClientConnection.obj
 0001:0001d2f0       ?CheckBufferSize@ClientConnection@@AAEXH@Z 0041e2f0 f   ClientConnection.obj
 0001:0001d430       ?CheckZipBufferSize@ClientConnection@@AAEXH@Z 0041e430 f   ClientConnection.obj
 0001:0001d570       ?CheckFileZipBufferSize@ClientConnection@@AAEXH@Z 0041e570 f   ClientConnection.obj
 0001:0001d6b0       ?CheckFileChunkBufferSize@ClientConnection@@AAEXH@Z 0041e6b0 f   ClientConnection.obj
 0001:0001d7f0       ?TransformBuffer@ClientConnection@@AAEPAEPAEHPAH@Z 0041e7f0 f   ClientConnection.obj
 0001:0001d850       ?RestoreBufferStep1@ClientConnection@@AAEPAEPAEHPAH@Z 0041e850 f   ClientConnection.obj
 0001:0001d8b0       ?RestoreBufferStep2@ClientConnection@@AAEPAEPAEHPAH@Z 0041e8b0 f   ClientConnection.obj
 0001:0001d910       ?ShowConnInfo@ClientConnection@@AAEXXZ 0041e910 f   ClientConnection.obj
 0001:0001db50       ?SetDormant@ClientConnection@@AAEXH@Z 0041eb50 f   ClientConnection.obj
 0001:0001dbc0       ?WatchClipboard@ClientConnection@@AAEXXZ 0041ebc0 f   ClientConnection.obj
 0001:0001dc30       ?ConvertAll@ClientConnection@@AAEXHHHHHPAE0H@Z 0041ec30 f   ClientConnection.obj
 0001:0001dcf0       ?ConvertPixel@ClientConnection@@AAEXHHHPAE0H@Z 0041ecf0 f   ClientConnection.obj
 0001:0001dd70       ?Copybuffer@ClientConnection@@AAEXHHHHHPAE0H@Z 0041ed70 f   ClientConnection.obj
 0001:0001de40       ?Copyto0buffer@ClientConnection@@AAEXHHHHHPAE0H@Z 0041ee40 f   ClientConnection.obj
 0001:0001df00       ?Copyfrom0buffer@ClientConnection@@AAEXHHHHHPAE0H@Z 0041ef00 f   ClientConnection.obj
 0001:0001dfc0       ?Switchbuffer@ClientConnection@@AAEXHHHHHPAE0H@Z 0041efc0 f   ClientConnection.obj
 0001:0001e0e0       ?ConvertPixel_to_bpp_from_32@ClientConnection@@AAEXHHHPAE0H@Z 0041f0e0 f   ClientConnection.obj
 0001:0001e380       ?SolidColor@ClientConnection@@AAEXHHHHHPAE0H@Z 0041f380 f   ClientConnection.obj
 0001:0001e450       ?Createdib@ClientConnection@@AAEXXZ 0041f450 f   ClientConnection.obj
 0001:0001ecb0       ?Check_Rectangle_borders@ClientConnection@@AAE_NHHHH@Z 0041fcb0 f   ClientConnection.obj
 0001:0001ed30       ?Reconnect@ClientConnection@@AAEXXZ 0041fd30 f   ClientConnection.obj
 0001:0001ee50       ?DoConnection@ClientConnection@@QAEXXZ 0041fe50 f   ClientConnection.obj
 0001:0001ef90       ?ReadExact@ClientConnection@@QAEXPADH@Z 0041ff90 f   ClientConnection.obj
 0001:0001f280       ?DialogProc@@YGHPAUHWND__@@IIJ@Z 00420280 f   ClientConnection.obj
 0001:0001f7f0       ?SocketTimeout@@YGKPAX@Z   004207f0 f   ClientConnection.obj
 0001:00025040       ??$?0U?$_Tree_node@U?$pair@$$CBK_W@std@@PAX@std@@@?$allocator@U_Container_proxy@std@@@std@@QAE@ABV?$allocator@U?$_Tree_node@U?$pair@$$CBK_W@std@@PAX@std@@@1@@Z 00426040 f i ClientConnection.obj
 0001:00025060       ??$?0U?$_Tree_node@U?$pair@$$CB_WK@std@@PAX@std@@@?$allocator@U_Container_proxy@std@@@std@@QAE@ABV?$allocator@U?$_Tree_node@U?$pair@$$CB_WK@std@@PAX@std@@@1@@Z 00426060 f i ClientConnection.obj
 0001:00025080       ??$?0U?$_Wrap_alloc@V?$allocator@U?$_Tree_node@U?$pair@$$CBK_W@std@@PAX@std@@@std@@@std@@@?$_Wrap_alloc@V?$allocator@U_Container_proxy@std@@@std@@@std@@QAE@ABU?$_Wrap_alloc@V?$allocator@U?$_Tree_node@U?$pair@$$CBK_W@std@@PAX@std@@@std@@@1@@Z 00426080 f i ClientConnection.obj
 0001:000250b0       ??$?0U?$_Wrap_alloc@V?$allocator@U?$_Tree_node@U?$pair@$$CB_WK@std@@PAX@std@@@std@@@std@@@?$_Wrap_alloc@V?$allocator@U_Container_proxy@std@@@std@@@std@@QAE@ABU?$_Wrap_alloc@V?$allocator@U?$_Tree_node@U?$pair@$$CB_WK@std@@PAX@std@@@std@@@1@@Z 004260b0 f i ClientConnection.obj
 0001:000250e0       ??$?8DD@std@@YA_NABV?$allocator@D@0@0@Z 004260e0 f i ClientConnection.obj
 0001:000250f0       ??$?8V?$allocator@D@std@@V01@@std@@YA_NABU?$_Wrap_alloc@V?$allocator@D@std@@@0@0@Z 004260f0 f i ClientConnection.obj
 0001:00025130       ??$?9V?$allocator@D@std@@V01@@std@@YA_NABU?$_Wrap_alloc@V?$allocator@D@std@@@0@0@Z 00426130 f i ClientConnection.obj
 0001:00025170       ??$SafeGetWindowUserData@VClientConnection@@@helper@@YAPAVClientConnection@@PAUHWND__@@@Z 00426170 f i ClientConnection.obj
 0001:00025190       ??$_Allocate@E@std@@YAPAEIPAE@Z 00426190 f i ClientConnection.obj
 0001:000251e0       ??$_Allocate@K@std@@YAPAKIPAK@Z 004261e0 f i ClientConnection.obj
 0001:00025230       ??$_Debug_pointer@E@std@@YAXPAEPB_WI@Z 00426230 f i ClientConnection.obj
 0001:00025260       ??$_Debug_pointer@K@std@@YAXPAKPB_WI@Z 00426260 f i ClientConnection.obj
 0001:00025290       ??$_Debug_pointer@V?$_Vector_iterator@V?$_Vector_val@U?$_Simple_types@E@std@@@std@@@std@@@std@@YAXAAV?$_Vector_iterator@V?$_Vector_val@U?$_Simple_types@E@std@@@std@@@0@PB_WI@Z 00426290 f i ClientConnection.obj
 0001:000252a0       ??$_Debug_pointer@V?$_Vector_iterator@V?$_Vector_val@U?$_Simple_types@K@std@@@std@@@std@@@std@@YAXAAV?$_Vector_iterator@V?$_Vector_val@U?$_Simple_types@K@std@@@std@@@0@PB_WI@Z 004262a0 f i ClientConnection.obj
 0001:000252b0       ??$_Debug_range2@PAE@std@@YAXPAE0PB_WIUrandom_access_iterator_tag@0@@Z 004262b0 f i ClientConnection.obj
 0001:00025320       ??$_Debug_range2@PAK@std@@YAXPAK0PB_WIUrandom_access_iterator_tag@0@@Z 00426320 f i ClientConnection.obj
 0001:00025390       ??$_Debug_range2@V?$_Vector_iterator@V?$_Vector_val@U?$_Simple_types@E@std@@@std@@@std@@@std@@YAXV?$_Vector_iterator@V?$_Vector_val@U?$_Simple_types@E@std@@@std@@@0@0PB_WIUrandom_access_iterator_tag@0@@Z 00426390 f i ClientConnection.obj
 0001:00025480       ??$_Debug_range2@V?$_Vector_iterator@V?$_Vector_val@U?$_Simple_types@K@std@@@std@@@std@@@std@@YAXV?$_Vector_iterator@V?$_Vector_val@U?$_Simple_types@K@std@@@std@@@0@0PB_WIUrandom_access_iterator_tag@0@@Z 00426480 f i ClientConnection.obj
 0001:00025570       ??$_Debug_range@PAE@std@@YAXPAE0PB_WI@Z 00426570 f i ClientConnection.obj
 0001:000255c0       ??$_Debug_range@PAK@std@@YAXPAK0PB_WI@Z 004265c0 f i ClientConnection.obj
 0001:00025610       ??$_Debug_range@V?$_Vector_iterator@V?$_Vector_val@U?$_Simple_types@E@std@@@std@@@std@@@std@@YAXV?$_Vector_iterator@V?$_Vector_val@U?$_Simple_types@E@std@@@std@@@0@0PB_WI@Z 00426610 f i ClientConnection.obj
 0001:000256f0       ??$_Debug_range@V?$_Vector_iterator@V?$_Vector_val@U?$_Simple_types@K@std@@@std@@@std@@@std@@YAXV?$_Vector_iterator@V?$_Vector_val@U?$_Simple_types@K@std@@@std@@@0@0PB_WI@Z 004266f0 f i ClientConnection.obj
 0001:000257d0       ??$_Destroy_range@U?$_Wrap_alloc@V?$allocator@E@std@@@std@@@std@@YAXPAE0AAU?$_Wrap_alloc@V?$allocator@E@std@@@0@@Z 004267d0 f i ClientConnection.obj
 0001:00025820       ??$_Destroy_range@U?$_Wrap_alloc@V?$allocator@E@std@@@std@@@std@@YAXPAE0AAU?$_Wrap_alloc@V?$allocator@E@std@@@0@U_Scalar_ptr_iterator_tag@0@@Z 00426820 f i ClientConnection.obj
 0001:00025830       ??$_Destroy_range@U?$_Wrap_alloc@V?$allocator@K@std@@@std@@@std@@YAXPAK0AAU?$_Wrap_alloc@V?$allocator@K@std@@@0@@Z 00426830 f i ClientConnection.obj
 0001:00025880       ??$_Destroy_range@U?$_Wrap_alloc@V?$allocator@K@std@@@std@@@std@@YAXPAK0AAU?$_Wrap_alloc@V?$allocator@K@std@@@0@U_Scalar_ptr_iterator_tag@0@@Z 00426880 f i ClientConnection.obj
 0001:00025890       ??$_Find@PAEK@std@@YAPAEPAE0ABK@Z 00426890 f i ClientConnection.obj
 0001:000258c0       ??$_Find@PAEK@std@@YAPAEPAE0ABKU?$integral_constant@_N$00@0@@Z 004268c0 f i ClientConnection.obj
 0001:00025930       ??$_Find@PAKH@std@@YAPAKPAK0ABH@Z 00426930 f i ClientConnection.obj
 0001:00025960       ??$_Find@PAKH@std@@YAPAKPAK0ABHU?$integral_constant@_N$0A@@0@@Z 00426960 f i ClientConnection.obj
 0001:000259a0       ??$_Find@PAKK@std@@YAPAKPAK0ABK@Z 004269a0 f i ClientConnection.obj
 0001:000259d0       ??$_Find@PAKK@std@@YAPAKPAK0ABKU?$integral_constant@_N$0A@@0@@Z 004269d0 f i ClientConnection.obj
 0001:00025a10       ??$_Iter_cat@PAE@std@@YA?AUrandom_access_iterator_tag@0@ABQAE@Z 00426a10 f i ClientConnection.obj
 0001:00025a30       ??$_Iter_cat@PAK@std@@YA?AUrandom_access_iterator_tag@0@ABQAK@Z 00426a30 f i ClientConnection.obj
 0001:00025a50       ??$_Iter_cat@V?$_Vector_iterator@V?$_Vector_val@U?$_Simple_types@E@std@@@std@@@std@@@std@@YA?AUrandom_access_iterator_tag@0@ABV?$_Vector_iterator@V?$_Vector_val@U?$_Simple_types@E@std@@@std@@@0@@Z 00426a50 f i ClientConnection.obj
 0001:00025a70       ??$_Iter_cat@V?$_Vector_iterator@V?$_Vector_val@U?$_Simple_types@K@std@@@std@@@std@@@std@@YA?AUrandom_access_iterator_tag@0@ABV?$_Vector_iterator@V?$_Vector_val@U?$_Simple_types@K@std@@@std@@@0@@Z 00426a70 f i ClientConnection.obj
 0001:00025a90       ??$_Move@AAD@std@@YA$$QADAAD@Z 00426a90 f i ClientConnection.obj
 0001:00025aa0       ??$_Ptr_cat@EE@std@@YA?AU_Scalar_ptr_iterator_tag@0@PAE0@Z 00426aa0 f i ClientConnection.obj
 0001:00025ab0       ??$_Ptr_cat@KK@std@@YA?AU_Scalar_ptr_iterator_tag@0@PAK0@Z 00426ab0 f i ClientConnection.obj
 0001:00025ac0       ??$_Rechecked@PAEPAE@std@@YAAAPAEAAPAEPAE@Z 00426ac0 f i ClientConnection.obj
 0001:00025ae0       ??$_Rechecked@PAKPAK@std@@YAAAPAKAAPAKPAK@Z 00426ae0 f i ClientConnection.obj
 0001:00025b00       ??$_Rechecked@V?$_Vector_val@U?$_Simple_types@E@std@@@std@@@std@@YAAAV?$_Vector_iterator@V?$_Vector_val@U?$_Simple_types@E@std@@@std@@@0@AAV10@PAE@Z 00426b00 f i ClientConnection.obj
 0001:00025b20       ??$_Rechecked@V?$_Vector_val@U?$_Simple_types@K@std@@@std@@@std@@YAAAV?$_Vector_iterator@V?$_Vector_val@U?$_Simple_types@K@std@@@std@@@0@AAV10@PAK@Z 00426b20 f i ClientConnection.obj
 0001:00025b40       ??$_Umove@PAE@?$vector@EV?$allocator@E@std@@@std@@IAEPAEPAE00@Z 00426b40 f i ClientConnection.obj
 0001:00025b80       ??$_Umove@PAK@?$vector@KV?$allocator@K@std@@@std@@IAEPAKPAK00@Z 00426b80 f i ClientConnection.obj
 0001:00025bc0       ??$_Unchecked@PAE@std@@YAPAEPAE@Z 00426bc0 f i ClientConnection.obj
 0001:00025bd0       ??$_Unchecked@PAK@std@@YAPAKPAK@Z 00426bd0 f i ClientConnection.obj
 0001:00025be0       ??$_Unchecked@V?$_Vector_val@U?$_Simple_types@E@std@@@std@@@std@@YAPAEV?$_Vector_iterator@V?$_Vector_val@U?$_Simple_types@E@std@@@std@@@0@@Z 00426be0 f i ClientConnection.obj
 0001:00025c50       ??$_Unchecked@V?$_Vector_val@U?$_Simple_types@K@std@@@std@@@std@@YAPAKV?$_Vector_iterator@V?$_Vector_val@U?$_Simple_types@K@std@@@std@@@0@@Z 00426c50 f i ClientConnection.obj
 0001:00025cc0       ??$_Uninit_move@EEE@std@@YAPAEPAE00AAU?$_Wrap_alloc@V?$allocator@E@std@@@0@0U_Scalar_ptr_iterator_tag@0@@Z 00426cc0 f i ClientConnection.obj
 0001:00025d30       ??$_Uninit_move@KKK@std@@YAPAKPAK00AAU?$_Wrap_alloc@V?$allocator@K@std@@@0@0U_Scalar_ptr_iterator_tag@0@@Z 00426d30 f i ClientConnection.obj
 0001:00025db0       ??$_Uninit_move@PAEPAEU?$_Wrap_alloc@V?$allocator@E@std@@@std@@@std@@YAPAEPAE00AAU?$_Wrap_alloc@V?$allocator@E@std@@@0@@Z 00426db0 f i ClientConnection.obj
 0001:00025e10       ??$_Uninit_move@PAKPAKU?$_Wrap_alloc@V?$allocator@K@std@@@std@@@std@@YAPAKPAK00AAU?$_Wrap_alloc@V?$allocator@K@std@@@0@@Z 00426e10 f i ClientConnection.obj
 0001:00025e70       ??$_Uninitialized_move@PAEPAEU?$_Wrap_alloc@V?$allocator@E@std@@@std@@@std@@YAPAEPAE00AAU?$_Wrap_alloc@V?$allocator@E@std@@@0@@Z 00426e70 f i ClientConnection.obj
 0001:00025ed0       ??$_Uninitialized_move@PAKPAKU?$_Wrap_alloc@V?$allocator@K@std@@@std@@@std@@YAPAKPAK00AAU?$_Wrap_alloc@V?$allocator@K@std@@@0@@Z 00426ed0 f i ClientConnection.obj
 0001:00025f30       ??$_Val_type@PAE@std@@YAPAEPAE@Z 00426f30 f i ClientConnection.obj
 0001:00025f40       ??$_Val_type@PAK@std@@YAPAKPAK@Z 00426f40 f i ClientConnection.obj
 0001:00025f50       ??$_Within_limits@KU?$integral_constant@_N$00@std@@@std@@YA_NABKU?$integral_constant@_N$0A@@0@1U?$integral_constant@_N$00@0@@Z 00426f50 f i ClientConnection.obj
 0001:00025f80       ??$_Within_limits@PAEK@std@@YA_NPAEABK@Z 00426f80 f i ClientConnection.obj
 0001:00025fc0       ??$addressof@$$CBE@std@@YAPBEABE@Z 00426fc0 f i ClientConnection.obj
 0001:00025fd0       ??$addressof@$$CBK@std@@YAPBKABK@Z 00426fd0 f i ClientConnection.obj
 0001:00025fe0       ??$addressof@E@std@@YAPAEAAE@Z 00426fe0 f i ClientConnection.obj
 0001:00025ff0       ??$addressof@PAU?$_Tree_node@U?$pair@$$CBK_W@std@@PAX@std@@@std@@YAPAPAU?$_Tree_node@U?$pair@$$CBK_W@std@@PAX@0@AAPAU10@@Z 00426ff0 f i ClientConnection.obj
 0001:00026000       ??$addressof@PAU?$_Tree_node@U?$pair@$$CB_WK@std@@PAX@std@@@std@@YAPAPAU?$_Tree_node@U?$pair@$$CB_WK@std@@PAX@0@AAPAU10@@Z 00427000 f i ClientConnection.obj
 0001:00026010       ??$addressof@U?$pair@$$CBK_W@std@@@std@@YAPAU?$pair@$$CBK_W@0@AAU10@@Z 00427010 f i ClientConnection.obj
 0001:00026020       ??$addressof@U?$pair@$$CB_WK@std@@@std@@YAPAU?$pair@$$CB_WK@0@AAU10@@Z 00427020 f i ClientConnection.obj
 0001:00026030       ??$construct@EAAE@?$_Wrap_alloc@V?$allocator@E@std@@@std@@QAEXPAEAAE@Z 00427030 f i ClientConnection.obj
 0001:00026070       ??$construct@EAAE@?$allocator@E@std@@QAEXPAEAAE@Z 00427070 f i ClientConnection.obj
 0001:00026120       ??$construct@EAAE@?$allocator_traits@V?$allocator@E@std@@@std@@SAXAAV?$allocator@E@1@PAEAAE@Z 00427120 f i ClientConnection.obj
 0001:00026150       ??$construct@EABE@?$_Wrap_alloc@V?$allocator@E@std@@@std@@QAEXPAEABE@Z 00427150 f i ClientConnection.obj
 0001:00026190       ??$construct@EABE@?$allocator_traits@V?$allocator@E@std@@@std@@SAXAAV?$allocator@E@1@PAEABE@Z 00427190 f i ClientConnection.obj
 0001:000261c0       ??$construct@EE@?$_Wrap_alloc@V?$allocator@E@std@@@std@@QAEXPAE$$QAE@Z 004271c0 f i ClientConnection.obj
 0001:00026200       ??$construct@EE@?$allocator@E@std@@QAEXPAE$$QAE@Z 00427200 f i ClientConnection.obj
 0001:000262b0       ??$construct@EE@?$allocator_traits@V?$allocator@E@std@@@std@@SAXAAV?$allocator@E@1@PAE$$QAE@Z 004272b0 f i ClientConnection.obj
 0001:000262e0       ??$construct@KAAK@?$_Wrap_alloc@V?$allocator@K@std@@@std@@QAEXPAKAAK@Z 004272e0 f i ClientConnection.obj
 0001:00026320       ??$construct@KAAK@?$allocator@K@std@@QAEXPAKAAK@Z 00427320 f i ClientConnection.obj
 0001:000263d0       ??$construct@KAAK@?$allocator_traits@V?$allocator@K@std@@@std@@SAXAAV?$allocator@K@1@PAKAAK@Z 004273d0 f i ClientConnection.obj
 0001:00026400       ??$construct@KABK@?$_Wrap_alloc@V?$allocator@K@std@@@std@@QAEXPAKABK@Z 00427400 f i ClientConnection.obj
 0001:00026440       ??$construct@KABK@?$allocator_traits@V?$allocator@K@std@@@std@@SAXAAV?$allocator@K@1@PAKABK@Z 00427440 f i ClientConnection.obj
 0001:00026470       ??$construct@U_Container_proxy@std@@U12@@?$_Wrap_alloc@V?$allocator@U_Container_proxy@std@@@std@@@std@@QAEXPAU_Container_proxy@1@$$QAU21@@Z 00427470 f i ClientConnection.obj
 0001:000264b0       ??$construct@U_Container_proxy@std@@U12@@?$allocator_traits@V?$allocator@U_Container_proxy@std@@@std@@@std@@SAXAAV?$allocator@U_Container_proxy@std@@@1@PAU_Container_proxy@1@$$QAU31@@Z 004274b0 f i ClientConnection.obj
 0001:000264e0       ??$destroy@PAU?$_Tree_node@U?$pair@$$CBK_W@std@@PAX@std@@@?$_Wrap_alloc@V?$allocator@U?$_Tree_node@U?$pair@$$CBK_W@std@@PAX@std@@@std@@@std@@QAEXPAPAU?$_Tree_node@U?$pair@$$CBK_W@std@@PAX@1@@Z 004274e0 f i ClientConnection.obj
 0001:00026510       ??$destroy@PAU?$_Tree_node@U?$pair@$$CBK_W@std@@PAX@std@@@?$allocator@U?$_Tree_node@U?$pair@$$CBK_W@std@@PAX@std@@@std@@QAEXPAPAU?$_Tree_node@U?$pair@$$CBK_W@std@@PAX@1@@Z 00427510 f i ClientConnection.obj
 0001:00026520       ??$destroy@PAU?$_Tree_node@U?$pair@$$CBK_W@std@@PAX@std@@@?$allocator_traits@V?$allocator@U?$_Tree_node@U?$pair@$$CBK_W@std@@PAX@std@@@std@@@std@@SAXAAV?$allocator@U?$_Tree_node@U?$pair@$$CBK_W@std@@PAX@std@@@1@PAPAU?$_Tree_node@U?$pair@$$CBK_W@std@@PAX@1@@Z 00427520 f i ClientConnection.obj
 0001:00026540       ??$destroy@PAU?$_Tree_node@U?$pair@$$CB_WK@std@@PAX@std@@@?$_Wrap_alloc@V?$allocator@U?$_Tree_node@U?$pair@$$CB_WK@std@@PAX@std@@@std@@@std@@QAEXPAPAU?$_Tree_node@U?$pair@$$CB_WK@std@@PAX@1@@Z 00427540 f i ClientConnection.obj
 0001:00026570       ??$destroy@PAU?$_Tree_node@U?$pair@$$CB_WK@std@@PAX@std@@@?$allocator@U?$_Tree_node@U?$pair@$$CB_WK@std@@PAX@std@@@std@@QAEXPAPAU?$_Tree_node@U?$pair@$$CB_WK@std@@PAX@1@@Z 00427570 f i ClientConnection.obj
 0001:00026580       ??$destroy@PAU?$_Tree_node@U?$pair@$$CB_WK@std@@PAX@std@@@?$allocator_traits@V?$allocator@U?$_Tree_node@U?$pair@$$CB_WK@std@@PAX@std@@@std@@@std@@SAXAAV?$allocator@U?$_Tree_node@U?$pair@$$CB_WK@std@@PAX@std@@@1@PAPAU?$_Tree_node@U?$pair@$$CB_WK@std@@PAX@1@@Z 00427580 f i ClientConnection.obj
 0001:000265a0       ??$destroy@U?$pair@$$CBK_W@std@@@?$_Wrap_alloc@V?$allocator@U?$_Tree_node@U?$pair@$$CBK_W@std@@PAX@std@@@std@@@std@@QAEXPAU?$pair@$$CBK_W@1@@Z 004275a0 f i ClientConnection.obj
 0001:000265d0       ??$destroy@U?$pair@$$CBK_W@std@@@?$allocator@U?$_Tree_node@U?$pair@$$CBK_W@std@@PAX@std@@@std@@QAEXPAU?$pair@$$CBK_W@1@@Z 004275d0 f i ClientConnection.obj
 0001:000265e0       ??$destroy@U?$pair@$$CBK_W@std@@@?$allocator_traits@V?$allocator@U?$_Tree_node@U?$pair@$$CBK_W@std@@PAX@std@@@std@@@std@@SAXAAV?$allocator@U?$_Tree_node@U?$pair@$$CBK_W@std@@PAX@std@@@1@PAU?$pair@$$CBK_W@1@@Z 004275e0 f i ClientConnection.obj
 0001:00026600       ??$destroy@U?$pair@$$CB_WK@std@@@?$_Wrap_alloc@V?$allocator@U?$_Tree_node@U?$pair@$$CB_WK@std@@PAX@std@@@std@@@std@@QAEXPAU?$pair@$$CB_WK@1@@Z 00427600 f i ClientConnection.obj
 0001:00026630       ??$destroy@U?$pair@$$CB_WK@std@@@?$allocator@U?$_Tree_node@U?$pair@$$CB_WK@std@@PAX@std@@@std@@QAEXPAU?$pair@$$CB_WK@1@@Z 00427630 f i ClientConnection.obj
 0001:00026640       ??$destroy@U?$pair@$$CB_WK@std@@@?$allocator_traits@V?$allocator@U?$_Tree_node@U?$pair@$$CB_WK@std@@PAX@std@@@std@@@std@@SAXAAV?$allocator@U?$_Tree_node@U?$pair@$$CB_WK@std@@PAX@std@@@1@PAU?$pair@$$CB_WK@1@@Z 00427640 f i ClientConnection.obj
 0001:00026660       ??$destroy@U_Container_proxy@std@@@?$_Wrap_alloc@V?$allocator@U_Container_proxy@std@@@std@@@std@@QAEXPAU_Container_proxy@1@@Z 00427660 f i ClientConnection.obj
 0001:00026690       ??$destroy@U_Container_proxy@std@@@?$allocator_traits@V?$allocator@U_Container_proxy@std@@@std@@@std@@SAXAAV?$allocator@U_Container_proxy@std@@@1@PAU_Container_proxy@1@@Z 00427690 f i ClientConnection.obj
 0001:000266b0       ??$find@V?$_Vector_iterator@V?$_Vector_val@U?$_Simple_types@E@std@@@std@@@std@@K@std@@YA?AV?$_Vector_iterator@V?$_Vector_val@U?$_Simple_types@E@std@@@std@@@0@V10@0ABK@Z 004276b0 f i ClientConnection.obj
 0001:00026820       ??$find@V?$_Vector_iterator@V?$_Vector_val@U?$_Simple_types@K@std@@@std@@@std@@H@std@@YA?AV?$_Vector_iterator@V?$_Vector_val@U?$_Simple_types@K@std@@@std@@@0@V10@0ABH@Z 00427820 f i ClientConnection.obj
 0001:00026990       ??$find@V?$_Vector_iterator@V?$_Vector_val@U?$_Simple_types@K@std@@@std@@@std@@K@std@@YA?AV?$_Vector_iterator@V?$_Vector_val@U?$_Simple_types@K@std@@@std@@@0@V10@0ABK@Z 00427990 f i ClientConnection.obj
 0001:00026b00       ??$forward@AAE@std@@YAAAEAAE@Z 00427b00 f i ClientConnection.obj
 0001:00026b10       ??$forward@AAK@std@@YAAAKAAK@Z 00427b10 f i ClientConnection.obj
 0001:00026b20       ??$forward@ABE@std@@YAABEABE@Z 00427b20 f i ClientConnection.obj
 0001:00026b30       ??$forward@ABK@std@@YAABKABK@Z 00427b30 f i ClientConnection.obj
 0001:00026b40       ??$forward@E@std@@YA$$QAEAAE@Z 00427b40 f i ClientConnection.obj
 0001:00026b50       ??$swap@D@std@@YAXAAD0@Z   00427b50 f i ClientConnection.obj
 0001:00026ba0       ??0?$_Iterator012@Ubidirectional_iterator_tag@std@@U?$pair@$$CBK_W@2@HPBU32@ABU32@U_Iterator_base12@2@@std@@QAE@ABU01@@Z 00427ba0 f i ClientConnection.obj
 0001:00026bd0       ??0?$_Iterator012@Ubidirectional_iterator_tag@std@@U?$pair@$$CBK_W@2@HPBU32@ABU32@U_Iterator_base12@2@@std@@QAE@XZ 00427bd0 f i ClientConnection.obj
 0001:00026bf0       ??0?$_Iterator012@Ubidirectional_iterator_tag@std@@U?$pair@$$CB_WK@2@HPBU32@ABU32@U_Iterator_base12@2@@std@@QAE@ABU01@@Z 00427bf0 f i ClientConnection.obj
 0001:00026c20       ??0?$_Iterator012@Ubidirectional_iterator_tag@std@@U?$pair@$$CB_WK@2@HPBU32@ABU32@U_Iterator_base12@2@@std@@QAE@XZ 00427c20 f i ClientConnection.obj
 0001:00026c40       ??0?$_Iterator012@Urandom_access_iterator_tag@std@@EHPBEABEU_Iterator_base12@2@@std@@QAE@ABU01@@Z 00427c40 f i ClientConnection.obj
 0001:00026c70       ??0?$_Iterator012@Urandom_access_iterator_tag@std@@EHPBEABEU_Iterator_base12@2@@std@@QAE@XZ 00427c70 f i ClientConnection.obj
 0001:00026c90       ??0?$_Iterator012@Urandom_access_iterator_tag@std@@KHPBKABKU_Iterator_base12@2@@std@@QAE@ABU01@@Z 00427c90 f i ClientConnection.obj
 0001:00026cc0       ??0?$_Iterator012@Urandom_access_iterator_tag@std@@KHPBKABKU_Iterator_base12@2@@std@@QAE@XZ 00427cc0 f i ClientConnection.obj
 0001:00026ce0       ??0?$_Tree_const_iterator@V?$_Tree_val@U?$_Tree_simple_types@U?$pair@$$CBK_W@std@@@std@@@std@@@std@@QAE@ABV01@@Z 00427ce0 f i ClientConnection.obj
 0001:00026d10       ??0?$_Tree_const_iterator@V?$_Tree_val@U?$_Tree_simple_types@U?$pair@$$CBK_W@std@@@std@@@std@@@std@@QAE@PAU?$_Tree_node@U?$pair@$$CBK_W@std@@PAX@1@PBV?$_Tree_val@U?$_Tree_simple_types@U?$pair@$$CBK_W@std@@@std@@@1@@Z 00427d10 f i ClientConnection.obj
 0001:00026d40       ??0?$_Tree_const_iterator@V?$_Tree_val@U?$_Tree_simple_types@U?$pair@$$CB_WK@std@@@std@@@std@@@std@@QAE@ABV01@@Z 00427d40 f i ClientConnection.obj
 0001:00026d70       ??0?$_Tree_const_iterator@V?$_Tree_val@U?$_Tree_simple_types@U?$pair@$$CB_WK@std@@@std@@@std@@@std@@QAE@PAU?$_Tree_node@U?$pair@$$CB_WK@std@@PAX@1@PBV?$_Tree_val@U?$_Tree_simple_types@U?$pair@$$CB_WK@std@@@std@@@1@@Z 00427d70 f i ClientConnection.obj
 0001:00026da0       ??0?$_Tree_iterator@V?$_Tree_val@U?$_Tree_simple_types@U?$pair@$$CBK_W@std@@@std@@@std@@@std@@QAE@PAU?$_Tree_node@U?$pair@$$CBK_W@std@@PAX@1@PBV?$_Tree_val@U?$_Tree_simple_types@U?$pair@$$CBK_W@std@@@std@@@1@@Z 00427da0 f i ClientConnection.obj
 0001:00026dd0       ??0?$_Tree_iterator@V?$_Tree_val@U?$_Tree_simple_types@U?$pair@$$CB_WK@std@@@std@@@std@@@std@@QAE@PAU?$_Tree_node@U?$pair@$$CB_WK@std@@PAX@1@PBV?$_Tree_val@U?$_Tree_simple_types@U?$pair@$$CB_WK@std@@@std@@@1@@Z 00427dd0 f i ClientConnection.obj
 0001:00026e00       ??0?$_Tree_unchecked_const_iterator@V?$_Tree_val@U?$_Tree_simple_types@U?$pair@$$CBK_W@std@@@std@@@std@@U_Iterator_base12@2@@std@@QAE@ABV01@@Z 00427e00 f i ClientConnection.obj
 0001:00026e40       ??0?$_Tree_unchecked_const_iterator@V?$_Tree_val@U?$_Tree_simple_types@U?$pair@$$CBK_W@std@@@std@@@std@@U_Iterator_base12@2@@std@@QAE@PAU?$_Tree_node@U?$pair@$$CBK_W@std@@PAX@1@PBV?$_Tree_val@U?$_Tree_simple_types@U?$pair@$$CBK_W@std@@@std@@@1@@Z 00427e40 f i ClientConnection.obj
 0001:00026ec0       ??0?$_Tree_unchecked_const_iterator@V?$_Tree_val@U?$_Tree_simple_types@U?$pair@$$CB_WK@std@@@std@@@std@@U_Iterator_base12@2@@std@@QAE@ABV01@@Z 00427ec0 f i ClientConnection.obj
 0001:00026f00       ??0?$_Tree_unchecked_const_iterator@V?$_Tree_val@U?$_Tree_simple_types@U?$pair@$$CB_WK@std@@@std@@@std@@U_Iterator_base12@2@@std@@QAE@PAU?$_Tree_node@U?$pair@$$CB_WK@std@@PAX@1@PBV?$_Tree_val@U?$_Tree_simple_types@U?$pair@$$CB_WK@std@@@std@@@1@@Z 00427f00 f i ClientConnection.obj
 0001:00026f80       ??0?$_Vector_alloc@$0A@U?$_Vec_base_types@EV?$allocator@E@std@@@std@@@std@@QAE@ABV?$allocator@E@1@@Z 00427f80 f i ClientConnection.obj
 0001:00026ff0       ??0?$_Vector_alloc@$0A@U?$_Vec_base_types@KV?$allocator@K@std@@@std@@@std@@QAE@ABV?$allocator@K@1@@Z 00427ff0 f i ClientConnection.obj
 0001:00027060       ??0?$_Vector_const_iterator@V?$_Vector_val@U?$_Simple_types@E@std@@@std@@@std@@QAE@ABV01@@Z 00428060 f i ClientConnection.obj
 0001:000270a0       ??0?$_Vector_const_iterator@V?$_Vector_val@U?$_Simple_types@E@std@@@std@@@std@@QAE@PAEPBU_Container_base12@1@@Z 004280a0 f i ClientConnection.obj
 0001:00027120       ??0?$_Vector_const_iterator@V?$_Vector_val@U?$_Simple_types@K@std@@@std@@@std@@QAE@ABV01@@Z 00428120 f i ClientConnection.obj
 0001:00027160       ??0?$_Vector_const_iterator@V?$_Vector_val@U?$_Simple_types@K@std@@@std@@@std@@QAE@PAKPBU_Container_base12@1@@Z 00428160 f i ClientConnection.obj
 0001:000271e0       ??0?$_Vector_iterator@V?$_Vector_val@U?$_Simple_types@E@std@@@std@@@std@@QAE@ABV01@@Z 004281e0 f i ClientConnection.obj
 0001:00027210       ??0?$_Vector_iterator@V?$_Vector_val@U?$_Simple_types@E@std@@@std@@@std@@QAE@PAEPBU_Container_base12@1@@Z 00428210 f i ClientConnection.obj
 0001:00027240       ??0?$_Vector_iterator@V?$_Vector_val@U?$_Simple_types@K@std@@@std@@@std@@QAE@ABV01@@Z 00428240 f i ClientConnection.obj
 0001:00027270       ??0?$_Vector_iterator@V?$_Vector_val@U?$_Simple_types@K@std@@@std@@@std@@QAE@PAKPBU_Container_base12@1@@Z 00428270 f i ClientConnection.obj
 0001:000272a0       ??0?$_Vector_val@U?$_Simple_types@E@std@@@std@@QAE@XZ 004282a0 f i ClientConnection.obj
 0001:000272f0       ??0?$_Vector_val@U?$_Simple_types@K@std@@@std@@QAE@XZ 004282f0 f i ClientConnection.obj
 0001:00027340       ??0?$_Wrap_alloc@V?$allocator@E@std@@@std@@QAE@XZ 00428340 f i ClientConnection.obj
 0001:00027360       ??0?$_Wrap_alloc@V?$allocator@K@std@@@std@@QAE@XZ 00428360 f i ClientConnection.obj
 0001:00027380       ??0?$_Wrap_alloc@V?$allocator@U?$_Tree_node@U?$pair@$$CBK_W@std@@PAX@std@@@std@@@std@@QAE@XZ 00428380 f i ClientConnection.obj
 0001:000273a0       ??0?$_Wrap_alloc@V?$allocator@U?$_Tree_node@U?$pair@$$CB_WK@std@@PAX@std@@@std@@@std@@QAE@XZ 004283a0 f i ClientConnection.obj
 0001:000273c0       ??0?$_Wrap_alloc@V?$allocator@U_Container_proxy@std@@@std@@@std@@QAE@XZ 004283c0 f i ClientConnection.obj
 0001:000273e0       ??0?$allocator@D@std@@QAE@ABV01@@Z 004283e0 f i ClientConnection.obj
 0001:00027400       ??0?$allocator@E@std@@QAE@XZ 00428400 f i ClientConnection.obj
 0001:00027420       ??0?$allocator@K@std@@QAE@XZ 00428420 f i ClientConnection.obj
 0001:00027440       ??0?$allocator@U?$_Tree_node@U?$pair@$$CBK_W@std@@PAX@std@@@std@@QAE@XZ 00428440 f i ClientConnection.obj
 0001:00027460       ??0?$allocator@U?$_Tree_node@U?$pair@$$CB_WK@std@@PAX@std@@@std@@QAE@XZ 00428460 f i ClientConnection.obj
 0001:00027480       ??0?$vector@EV?$allocator@E@std@@@std@@QAE@XZ 00428480 f i ClientConnection.obj
 0001:000274b0       ??0?$vector@KV?$allocator@K@std@@@std@@QAE@XZ 004284b0 f i ClientConnection.obj
 0001:000274e0       ??0EndOfStream@rdr@@QAE@ABU01@@Z 004284e0 f i ClientConnection.obj
 0001:00027510       ??0ErrorException@@QAE@ABV0@@Z 00428510 f i ClientConnection.obj
 0001:00027540       ??0Exception@@QAE@ABV0@@Z  00428540 f i ClientConnection.obj
 0001:00027580       ??0Exception@rdr@@QAE@ABU01@@Z 00428580 f i ClientConnection.obj
 0001:000275c0       ??0ObjectSelector@@QAE@PAUHDC__@@PAX@Z 004285c0 f i ClientConnection.obj
 0001:00027600       ??0PaletteSelector@@QAE@PAUHDC__@@PAUHPALETTE__@@@Z 00428600 f i ClientConnection.obj
 0001:00027670       ??0QuietException@@QAE@ABV0@@Z 00428670 f i ClientConnection.obj
 0001:000276a0       ??0TempDC@@QAE@PAUHWND__@@@Z 004286a0 f i ClientConnection.obj
 0001:000276e0       ??0WarningException@@QAE@ABV0@@Z 004286e0 f i ClientConnection.obj
 0001:00027720       ??0_Iterator_base12@std@@QAE@ABU01@@Z 00428720 f i ClientConnection.obj
 0001:00027760       ??0_Iterator_base12@std@@QAE@XZ 00428760 f i ClientConnection.obj
 0001:00027790       ??0omni_mutex_conditional_lock@@QAE@AAVomni_mutex@@_N@Z 00428790 f i ClientConnection.obj
 0001:000277e0       ??0omni_mutex_lock@@QAE@AAVomni_mutex@@@Z 004287e0 f i ClientConnection.obj
 0001:00027810       ??1?$_Iterator012@Ubidirectional_iterator_tag@std@@U?$pair@$$CBK_W@2@HPBU32@ABU32@U_Iterator_base12@2@@std@@QAE@XZ 00428810 f i ClientConnection.obj
 0001:00027830       ??1?$_Iterator012@Ubidirectional_iterator_tag@std@@U?$pair@$$CB_WK@2@HPBU32@ABU32@U_Iterator_base12@2@@std@@QAE@XZ 00428830 f i ClientConnection.obj
 0001:00027850       ??1?$_Iterator012@Urandom_access_iterator_tag@std@@EHPBEABEU_Iterator_base12@2@@std@@QAE@XZ 00428850 f i ClientConnection.obj
 0001:00027870       ??1?$_Iterator012@Urandom_access_iterator_tag@std@@KHPBKABKU_Iterator_base12@2@@std@@QAE@XZ 00428870 f i ClientConnection.obj
 0001:00027890       ??1?$_Tree@V?$_Tmap_traits@K_WU?$less@K@std@@V?$allocator@U?$pair@$$CBK_W@std@@@2@$0A@@std@@@std@@QAE@XZ 00428890 f i ClientConnection.obj
 0001:000278c0       ??1?$_Tree@V?$_Tmap_traits@_WKU?$less@_W@std@@V?$allocator@U?$pair@$$CB_WK@std@@@2@$0A@@std@@@std@@QAE@XZ 004288c0 f i ClientConnection.obj
 0001:000278f0       ??1?$_Tree_alloc@$0A@U?$_Tree_base_types@U?$pair@$$CBK_W@std@@V?$allocator@U?$pair@$$CBK_W@std@@@2@@std@@@std@@QAE@XZ 004288f0 f i ClientConnection.obj
 0001:00027930       ??1?$_Tree_alloc@$0A@U?$_Tree_base_types@U?$pair@$$CB_WK@std@@V?$allocator@U?$pair@$$CB_WK@std@@@2@@std@@@std@@QAE@XZ 00428930 f i ClientConnection.obj
 0001:00027970       ??1?$_Tree_buy@U?$pair@$$CBK_W@std@@V?$allocator@U?$pair@$$CBK_W@std@@@2@@std@@QAE@XZ 00428970 f i ClientConnection.obj
 0001:00027990       ??1?$_Tree_buy@U?$pair@$$CB_WK@std@@V?$allocator@U?$pair@$$CB_WK@std@@@2@@std@@QAE@XZ 00428990 f i ClientConnection.obj
 0001:000279b0       ??1?$_Tree_comp@$0A@V?$_Tmap_traits@K_WU?$less@K@std@@V?$allocator@U?$pair@$$CBK_W@std@@@2@$0A@@std@@@std@@QAE@XZ 004289b0 f i ClientConnection.obj
 0001:000279d0       ??1?$_Tree_comp@$0A@V?$_Tmap_traits@_WKU?$less@_W@std@@V?$allocator@U?$pair@$$CB_WK@std@@@2@$0A@@std@@@std@@QAE@XZ 004289d0 f i ClientConnection.obj
 0001:000279f0       ??1?$_Tree_const_iterator@V?$_Tree_val@U?$_Tree_simple_types@U?$pair@$$CBK_W@std@@@std@@@std@@@std@@QAE@XZ 004289f0 f i ClientConnection.obj
 0001:00027a10       ??1?$_Tree_const_iterator@V?$_Tree_val@U?$_Tree_simple_types@U?$pair@$$CB_WK@std@@@std@@@std@@@std@@QAE@XZ 00428a10 f i ClientConnection.obj
 0001:00027a30       ??1?$_Tree_iterator@V?$_Tree_val@U?$_Tree_simple_types@U?$pair@$$CBK_W@std@@@std@@@std@@@std@@QAE@XZ 00428a30 f i ClientConnection.obj
 0001:00027a50       ??1?$_Tree_iterator@V?$_Tree_val@U?$_Tree_simple_types@U?$pair@$$CB_WK@std@@@std@@@std@@@std@@QAE@XZ 00428a50 f i ClientConnection.obj
 0001:00027a70       ??1?$_Tree_unchecked_const_iterator@V?$_Tree_val@U?$_Tree_simple_types@U?$pair@$$CBK_W@std@@@std@@@std@@U_Iterator_base12@2@@std@@QAE@XZ 00428a70 f i ClientConnection.obj
 0001:00027a90       ??1?$_Tree_unchecked_const_iterator@V?$_Tree_val@U?$_Tree_simple_types@U?$pair@$$CB_WK@std@@@std@@@std@@U_Iterator_base12@2@@std@@QAE@XZ 00428a90 f i ClientConnection.obj
 0001:00027ab0       ??1?$_Tree_val@U?$_Tree_simple_types@U?$pair@$$CBK_W@std@@@std@@@std@@QAE@XZ 00428ab0 f i ClientConnection.obj
 0001:00027ad0       ??1?$_Tree_val@U?$_Tree_simple_types@U?$pair@$$CB_WK@std@@@std@@@std@@QAE@XZ 00428ad0 f i ClientConnection.obj
 0001:00027af0       ??1?$_Vector_alloc@$0A@U?$_Vec_base_types@EV?$allocator@E@std@@@std@@@std@@QAE@XZ 00428af0 f i ClientConnection.obj
 0001:00027b20       ??1?$_Vector_alloc@$0A@U?$_Vec_base_types@KV?$allocator@K@std@@@std@@@std@@QAE@XZ 00428b20 f i ClientConnection.obj
 0001:00027b50       ??1?$_Vector_const_iterator@V?$_Vector_val@U?$_Simple_types@E@std@@@std@@@std@@QAE@XZ 00428b50 f i ClientConnection.obj
 0001:00027b70       ??1?$_Vector_const_iterator@V?$_Vector_val@U?$_Simple_types@K@std@@@std@@@std@@QAE@XZ 00428b70 f i ClientConnection.obj
 0001:00027b90       ??1?$_Vector_iterator@V?$_Vector_val@U?$_Simple_types@E@std@@@std@@@std@@QAE@XZ 00428b90 f i ClientConnection.obj
 0001:00027bb0       ??1?$_Vector_iterator@V?$_Vector_val@U?$_Simple_types@K@std@@@std@@@std@@QAE@XZ 00428bb0 f i ClientConnection.obj
 0001:00027bd0       ??1?$_Vector_val@U?$_Simple_types@E@std@@@std@@QAE@XZ 00428bd0 f i ClientConnection.obj
 0001:00027bf0       ??1?$_Vector_val@U?$_Simple_types@K@std@@@std@@QAE@XZ 00428bf0 f i ClientConnection.obj
 0001:00027c10       ??1?$basic_string@DU?$char_traits@D@std@@V?$allocator@D@2@@std@@QAE@XZ 00428c10 f i ClientConnection.obj
 0001:00027c40       ??1?$map@K_WU?$less@K@std@@V?$allocator@U?$pair@$$CBK_W@std@@@2@@std@@QAE@XZ 00428c40 f i ClientConnection.obj
 0001:00027c60       ??1?$map@_WKU?$less@_W@std@@V?$allocator@U?$pair@$$CB_WK@std@@@2@@std@@QAE@XZ 00428c60 f i ClientConnection.obj
 0001:00027c80       ??1?$vector@EV?$allocator@E@std@@@std@@QAE@XZ 00428c80 f i ClientConnection.obj
 0001:00027cb0       ??1?$vector@KV?$allocator@K@std@@@std@@QAE@XZ 00428cb0 f i ClientConnection.obj
 0001:00027ce0       ??1Clipboard@@QAE@XZ       00428ce0 f i ClientConnection.obj
 0001:00027d70       ??1KeyMap@@QAE@XZ          00428d70 f i ClientConnection.obj
 0001:00027f70       ??1ObjectSelector@@QAE@XZ  00428f70 f i ClientConnection.obj
 0001:00027fa0       ??1PaletteSelector@@QAE@XZ 00428fa0 f i ClientConnection.obj
 0001:00027ff0       ??1TempDC@@QAE@XZ          00428ff0 f i ClientConnection.obj
 0001:00028020       ??1_Iterator_base12@std@@QAE@XZ 00429020 f i ClientConnection.obj
 0001:00028050       ??1omni_mutex_conditional_lock@@QAE@XZ 00429050 f i ClientConnection.obj
 0001:00028080       ??1omni_mutex_lock@@QAE@XZ 00429080 f i ClientConnection.obj
 0001:000280a0       ??4?$basic_string@DU?$char_traits@D@std@@V?$allocator@D@2@@std@@QAEAAV01@ABV01@@Z 004290a0 f i ClientConnection.obj
 0001:00028140       ??4?$basic_string@DU?$char_traits@D@std@@V?$allocator@D@2@@std@@QAEAAV01@PBD@Z 00429140 f i ClientConnection.obj
 0001:00028160       ??4_Iterator_base12@std@@QAEAAU01@ABU01@@Z 00429160 f i ClientConnection.obj
 0001:00028210       ??8?$_Tree_const_iterator@V?$_Tree_val@U?$_Tree_simple_types@U?$pair@$$CBK_W@std@@@std@@@std@@@std@@QBE_NABV01@@Z 00429210 f i ClientConnection.obj
 0001:00028300       ??8?$_Tree_const_iterator@V?$_Tree_val@U?$_Tree_simple_types@U?$pair@$$CB_WK@std@@@std@@@std@@@std@@QBE_NABV01@@Z 00429300 f i ClientConnection.obj
 0001:000283f0       ??8?$_Vector_const_iterator@V?$_Vector_val@U?$_Simple_types@E@std@@@std@@@std@@QBE_NABV01@@Z 004293f0 f i ClientConnection.obj
 0001:00028440       ??8?$_Vector_const_iterator@V?$_Vector_val@U?$_Simple_types@K@std@@@std@@@std@@QBE_NABV01@@Z 00429440 f i ClientConnection.obj
 0001:00028490       ??9?$_Tree_const_iterator@V?$_Tree_val@U?$_Tree_simple_types@U?$pair@$$CBK_W@std@@@std@@@std@@@std@@QBE_NABV01@@Z 00429490 f i ClientConnection.obj
 0001:000284e0       ??9?$_Tree_const_iterator@V?$_Tree_val@U?$_Tree_simple_types@U?$pair@$$CB_WK@std@@@std@@@std@@@std@@QBE_NABV01@@Z 004294e0 f i ClientConnection.obj
 0001:00028530       ??9?$_Vector_const_iterator@V?$_Vector_val@U?$_Simple_types@E@std@@@std@@@std@@QBE_NABV01@@Z 00429530 f i ClientConnection.obj
 0001:00028580       ??9?$_Vector_const_iterator@V?$_Vector_val@U?$_Simple_types@K@std@@@std@@@std@@QBE_NABV01@@Z 00429580 f i ClientConnection.obj
 0001:000285d0       ??BTempDC@@QAEPAUHDC__@@XZ 004295d0 f i ClientConnection.obj
 0001:000285f0       ??D?$_Vector_const_iterator@V?$_Vector_val@U?$_Simple_types@E@std@@@std@@@std@@QBEABEXZ 004295f0 f i ClientConnection.obj
 0001:000286d0       ??D?$_Vector_iterator@V?$_Vector_val@U?$_Simple_types@E@std@@@std@@@std@@QBEAAEXZ 004296d0 f i ClientConnection.obj
 0001:000286f0       ??E?$_Tree_const_iterator@V?$_Tree_val@U?$_Tree_simple_types@U?$pair@$$CBK_W@std@@@std@@@std@@@std@@QAE?AV01@H@Z 004296f0 f i ClientConnection.obj
 0001:000287a0       ??E?$_Tree_const_iterator@V?$_Tree_val@U?$_Tree_simple_types@U?$pair@$$CBK_W@std@@@std@@@std@@@std@@QAEAAV01@XZ 004297a0 f i ClientConnection.obj
 0001:00028880       ??E?$_Tree_const_iterator@V?$_Tree_val@U?$_Tree_simple_types@U?$pair@$$CB_WK@std@@@std@@@std@@@std@@QAE?AV01@H@Z 00429880 f i ClientConnection.obj
 0001:00028930       ??E?$_Tree_const_iterator@V?$_Tree_val@U?$_Tree_simple_types@U?$pair@$$CB_WK@std@@@std@@@std@@@std@@QAEAAV01@XZ 00429930 f i ClientConnection.obj
 0001:00028a10       ??E?$_Tree_unchecked_const_iterator@V?$_Tree_val@U?$_Tree_simple_types@U?$pair@$$CBK_W@std@@@std@@@std@@U_Iterator_base12@2@@std@@QAEAAV01@XZ 00429a10 f i ClientConnection.obj
 0001:00028b00       ??E?$_Tree_unchecked_const_iterator@V?$_Tree_val@U?$_Tree_simple_types@U?$pair@$$CB_WK@std@@@std@@@std@@U_Iterator_base12@2@@std@@QAEAAV01@XZ 00429b00 f i ClientConnection.obj
 0001:00028bf0       ??E?$_Vector_const_iterator@V?$_Vector_val@U?$_Simple_types@E@std@@@std@@@std@@QAEAAV01@XZ 00429bf0 f i ClientConnection.obj
 0001:00028cc0       ??E?$_Vector_iterator@V?$_Vector_val@U?$_Simple_types@E@std@@@std@@@std@@QAE?AV01@H@Z 00429cc0 f i ClientConnection.obj
 0001:00028d70       ??E?$_Vector_iterator@V?$_Vector_val@U?$_Simple_types@E@std@@@std@@@std@@QAEAAV01@XZ 00429d70 f i ClientConnection.obj
 0001:00028d90       ??M?$_Vector_const_iterator@V?$_Vector_val@U?$_Simple_types@E@std@@@std@@@std@@QBE_NABV01@@Z 00429d90 f i ClientConnection.obj
 0001:00028de0       ??M?$_Vector_const_iterator@V?$_Vector_val@U?$_Simple_types@K@std@@@std@@@std@@QBE_NABV01@@Z 00429de0 f i ClientConnection.obj
 0001:00028e30       ??_GClientConnection@@UAEPAXI@Z 00429e30 f i ClientConnection.obj
 0001:00028e30       ??_EClientConnection@@UAEPAXI@Z 00429e30 f i ClientConnection.obj
 0001:00028e70       ??_EErrorException@@UAEPAXI@Z 00429e70 f i ClientConnection.obj
 0001:00028e70       ??_GErrorException@@UAEPAXI@Z 00429e70 f i ClientConnection.obj
 0001:00028eb0       ??_EException@@UAEPAXI@Z   00429eb0 f i ClientConnection.obj
 0001:00028eb0       ??_GException@@UAEPAXI@Z   00429eb0 f i ClientConnection.obj
 0001:00028ef0       ??_GKeyMap@@QAEPAXI@Z      00429ef0 f i ClientConnection.obj
 0001:00028f30       ??_EQuietException@@UAEPAXI@Z 00429f30 f i ClientConnection.obj
 0001:00028f30       ??_GQuietException@@UAEPAXI@Z 00429f30 f i ClientConnection.obj
 0001:00028f70       ??_GWarningException@@UAEPAXI@Z 00429f70 f i ClientConnection.obj
 0001:00028f70       ??_EWarningException@@UAEPAXI@Z 00429f70 f i ClientConnection.obj
 0001:00028fb0       ?CheckNetRectBufferSize@ClientConnection@@AAEXH@Z 00429fb0 f i ClientConnection.obj
 0001:000290c0       ?CheckZRLENetRectBufferSize@ClientConnection@@AAEXH@Z 0042a0c0 f i ClientConnection.obj
 0001:000291d0       ?DoBlit@ClientConnection@@AAEXXZ 0042a1d0 f i ClientConnection.obj
 0001:00029480       ?GetBytesRead@FdInStream@rdr@@QAE_JXZ 0042a480 f i ClientConnection.obj
 0001:000294a0       ?GetPluginAuthor@CDSMPlugin@@QAEPADXZ 0042a4a0 f i ClientConnection.obj
 0001:000294c0       ?GetPluginName@CDSMPlugin@@QAEPADXZ 0042a4c0 f i ClientConnection.obj
 0001:000294e0       ?GetPluginVersion@CDSMPlugin@@QAEPADXZ 0042a4e0 f i ClientConnection.obj
 0001:00029500       ?GetReadFromMemoryBuffer@FdInStream@rdr@@QAE_NXZ 0042a500 f i ClientConnection.obj
 0001:00029520       ?GetSafeHwnd@CTitleBar@@QAEPAUHWND__@@XZ 0042a520 f i ClientConnection.obj
 0001:00029540       ?IsEnabled@CDSMPlugin@@QAE_NXZ 0042a540 f i ClientConnection.obj
 0001:00029560       ?IsLoaded@CDSMPlugin@@QAE_NXZ 0042a560 f i ClientConnection.obj
 0001:00029580       ?Print@Log@@QAAXHPADZZ     0042a580 f i ClientConnection.obj
 0001:000295c0       ?ProcessKeyEvent@ClientConnection@@AAEXHK@Z 0042a5c0 f i ClientConnection.obj
 0001:00029990       ?ProcessMouseWheel@ClientConnection@@AAEXH@Z 0042a990 f i ClientConnection.obj
 0001:00029a50       ?ProcessPointerEvent@ClientConnection@@AAE_NHHKI@Z 0042aa50 f i ClientConnection.obj
 0001:00029ee0       ?ReadScreenUpdate@ClientConnection@@AAEXXZ 0042aee0 f i ClientConnection.obj
 0001:0002b910       ?SendKeyEvent@ClientConnection@@QAEXK_N@Z 0042c910 f i ClientConnection.obj
 0001:0002ba30       ?SendPointerEvent@ClientConnection@@AAEXHHH@Z 0042ca30 f i ClientConnection.obj
 0001:0002bb90       ?SetDSMMode@FdInStream@rdr@@QAEX_N@Z 0042cb90 f i ClientConnection.obj
 0001:0002bbb0       ?SetWindowHandle@AccelKeys@@QAEXPAUHWND__@@@Z 0042cbb0 f i ClientConnection.obj
 0001:0002bbd0       ?ShouldThrottle@PendingMouseMove@ClientConnection@@QAE_N_N@Z 0042cbd0 f i ClientConnection.obj
 0001:0002bc40       ?SubProcessPointerEvent@ClientConnection@@AAEXHHK@Z 0042cc40 f i ClientConnection.obj
 0001:0002bf80       ?UpdateScrollbars@ClientConnection@@AAEXXZ 0042cf80 f i ClientConnection.obj
 0001:0002c0c0       ?UsingOldProtocol@FileTransfer@@QAE_NXZ 0042d0c0 f i ClientConnection.obj
 0001:0002c100       ?_Adopt@_Iterator_base12@std@@QAEXPBU_Container_base12@2@@Z 0042d100 f i ClientConnection.obj
 0001:0002c1f0       ?_Alloc_proxy@?$_Vector_alloc@$0A@U?$_Vec_base_types@EV?$allocator@E@std@@@std@@@std@@QAEXXZ 0042d1f0 f i ClientConnection.obj
 0001:0002c250       ?_Alloc_proxy@?$_Vector_alloc@$0A@U?$_Vec_base_types@KV?$allocator@K@std@@@std@@@std@@QAEXXZ 0042d250 f i ClientConnection.obj
 0001:0002c2b0       ?_Change_alloc@?$_String_alloc@$0A@U?$_String_base_types@DV?$allocator@D@std@@@std@@@std@@QAEXABU?$_Wrap_alloc@V?$allocator@D@std@@@2@@Z 0042d2b0 f i ClientConnection.obj
 0001:0002c2c0       ?_Clrcont@_Iterator_base12@std@@QAEXXZ 0042d2c0 f i ClientConnection.obj
 0001:0002c2e0       ?_Color@?$_Tree_val@U?$_Tree_simple_types@U?$pair@$$CBK_W@std@@@std@@@std@@SAAADPAU?$_Tree_node@U?$pair@$$CBK_W@std@@PAX@2@@Z 0042d2e0 f i ClientConnection.obj
 0001:0002c2f0       ?_Color@?$_Tree_val@U?$_Tree_simple_types@U?$pair@$$CB_WK@std@@@std@@@std@@SAAADPAU?$_Tree_node@U?$pair@$$CB_WK@std@@PAX@2@@Z 0042d2f0 f i ClientConnection.obj
 0001:0002c300       ?_Compat@?$_Vector_const_iterator@V?$_Vector_val@U?$_Simple_types@E@std@@@std@@@std@@QBEXABV12@@Z 0042d300 f i ClientConnection.obj
 0001:0002c3c0       ?_Compat@?$_Vector_const_iterator@V?$_Vector_val@U?$_Simple_types@K@std@@@std@@@std@@QBEXABV12@@Z 0042d3c0 f i ClientConnection.obj
 0001:0002c480       ?_Destroy@?$vector@EV?$allocator@E@std@@@std@@IAEXPAE0@Z 0042d480 f i ClientConnection.obj
 0001:0002c4c0       ?_Destroy@?$vector@KV?$allocator@K@std@@@std@@IAEXPAK0@Z 0042d4c0 f i ClientConnection.obj
 0001:0002c500       ?_Erase@?$_Tree@V?$_Tmap_traits@K_WU?$less@K@std@@V?$allocator@U?$pair@$$CBK_W@std@@@2@$0A@@std@@@std@@IAEXPAU?$_Tree_node@U?$pair@$$CBK_W@std@@PAX@2@@Z 0042d500 f i ClientConnection.obj
 0001:0002c5d0       ?_Erase@?$_Tree@V?$_Tmap_traits@_WKU?$less@_W@std@@V?$allocator@U?$pair@$$CB_WK@std@@@2@$0A@@std@@@std@@IAEXPAU?$_Tree_node@U?$pair@$$CB_WK@std@@PAX@2@@Z 0042d5d0 f i ClientConnection.obj
 0001:0002c6a0       ?_Free_proxy@?$_Tree_alloc@$0A@U?$_Tree_base_types@U?$pair@$$CBK_W@std@@V?$allocator@U?$pair@$$CBK_W@std@@@2@@std@@@std@@QAEXXZ 0042d6a0 f i ClientConnection.obj
 0001:0002c710       ?_Free_proxy@?$_Tree_alloc@$0A@U?$_Tree_base_types@U?$pair@$$CB_WK@std@@V?$allocator@U?$pair@$$CB_WK@std@@@2@@std@@@std@@QAEXXZ 0042d710 f i ClientConnection.obj
 0001:0002c780       ?_Free_proxy@?$_Vector_alloc@$0A@U?$_Vec_base_types@EV?$allocator@E@std@@@std@@@std@@QAEXXZ 0042d780 f i ClientConnection.obj
 0001:0002c7e0       ?_Free_proxy@?$_Vector_alloc@$0A@U?$_Vec_base_types@KV?$allocator@K@std@@@std@@@std@@QAEXXZ 0042d7e0 f i ClientConnection.obj
 0001:0002c840       ?_Freeheadnode@?$_Tree_alloc@$0A@U?$_Tree_base_types@U?$pair@$$CBK_W@std@@V?$allocator@U?$pair@$$CBK_W@std@@@2@@std@@@std@@QAEXPAU?$_Tree_node@U?$pair@$$CBK_W@std@@PAX@2@@Z 0042d840 f i ClientConnection.obj
 0001:0002c910       ?_Freeheadnode@?$_Tree_alloc@$0A@U?$_Tree_base_types@U?$pair@$$CB_WK@std@@V?$allocator@U?$pair@$$CB_WK@std@@@2@@std@@@std@@QAEXPAU?$_Tree_node@U?$pair@$$CB_WK@std@@PAX@2@@Z 0042d910 f i ClientConnection.obj
 0001:0002c9e0       ?_Getal@?$_Tree_alloc@$0A@U?$_Tree_base_types@U?$pair@$$CBK_W@std@@V?$allocator@U?$pair@$$CBK_W@std@@@2@@std@@@std@@QBE?AU?$_Wrap_alloc@V?$allocator@U?$_Tree_node@U?$pair@$$CBK_W@std@@PAX@std@@@std@@@2@XZ 0042d9e0 f i ClientConnection.obj
 0001:0002ca00       ?_Getal@?$_Tree_alloc@$0A@U?$_Tree_base_types@U?$pair@$$CB_WK@std@@V?$allocator@U?$pair@$$CB_WK@std@@@2@@std@@@std@@QBE?AU?$_Wrap_alloc@V?$allocator@U?$_Tree_node@U?$pair@$$CB_WK@std@@PAX@std@@@std@@@2@XZ 0042da00 f i ClientConnection.obj
 0001:0002ca20       ?_Getal@?$_Vector_alloc@$0A@U?$_Vec_base_types@EV?$allocator@E@std@@@std@@@std@@QBE?AU?$_Wrap_alloc@V?$allocator@E@std@@@2@XZ 0042da20 f i ClientConnection.obj
 0001:0002ca40       ?_Getal@?$_Vector_alloc@$0A@U?$_Vec_base_types@KV?$allocator@K@std@@@std@@@std@@QBE?AU?$_Wrap_alloc@V?$allocator@K@std@@@2@XZ 0042da40 f i ClientConnection.obj
 0001:0002ca60       ?_Getcont@_Iterator_base12@std@@QBEPBU_Container_base12@2@XZ 0042da60 f i ClientConnection.obj
 0001:0002caa0       ?_Getpfirst@_Container_base12@std@@QBEPAPAU_Iterator_base12@2@XZ 0042daa0 f i ClientConnection.obj
 0001:0002cae0       ?_Getpnext@_Iterator_base12@std@@QAEPAPAU12@XZ 0042dae0 f i ClientConnection.obj
 0001:0002cb00       ?_Grow_to@?$vector@EV?$allocator@E@std@@@std@@IBEII@Z 0042db00 f i ClientConnection.obj
 0001:0002cb70       ?_Grow_to@?$vector@KV?$allocator@K@std@@@std@@IBEII@Z 0042db70 f i ClientConnection.obj
 0001:0002cbe0       ?_Inside@?$vector@EV?$allocator@E@std@@@std@@IBE_NPBE@Z 0042dbe0 f i ClientConnection.obj
 0001:0002cc30       ?_Inside@?$vector@KV?$allocator@K@std@@@std@@IBE_NPBK@Z 0042dc30 f i ClientConnection.obj
 0001:0002cc80       ?_Isnil@?$_Tree_val@U?$_Tree_simple_types@U?$pair@$$CBK_W@std@@@std@@@std@@SAAADPAU?$_Tree_node@U?$pair@$$CBK_W@std@@PAX@2@@Z 0042dc80 f i ClientConnection.obj
 0001:0002cc90       ?_Isnil@?$_Tree_val@U?$_Tree_simple_types@U?$pair@$$CB_WK@std@@@std@@@std@@SAAADPAU?$_Tree_node@U?$pair@$$CB_WK@std@@PAX@2@@Z 0042dc90 f i ClientConnection.obj
 0001:0002cca0       ?_Left@?$_Tree_val@U?$_Tree_simple_types@U?$pair@$$CBK_W@std@@@std@@@std@@SAAAPAU?$_Tree_node@U?$pair@$$CBK_W@std@@PAX@2@PAU32@@Z 0042dca0 f i ClientConnection.obj
 0001:0002ccb0       ?_Left@?$_Tree_val@U?$_Tree_simple_types@U?$pair@$$CB_WK@std@@@std@@@std@@SAAAPAU?$_Tree_node@U?$pair@$$CB_WK@std@@PAX@2@PAU32@@Z 0042dcb0 f i ClientConnection.obj
 0001:0002ccc0       ?_Lmost@?$_Tree@V?$_Tmap_traits@K_WU?$less@K@std@@V?$allocator@U?$pair@$$CBK_W@std@@@2@$0A@@std@@@std@@IBEAAPAU?$_Tree_node@U?$pair@$$CBK_W@std@@PAX@2@XZ 0042dcc0 f i ClientConnection.obj
 0001:0002cce0       ?_Lmost@?$_Tree@V?$_Tmap_traits@_WKU?$less@_W@std@@V?$allocator@U?$pair@$$CB_WK@std@@@2@$0A@@std@@@std@@IBEAAPAU?$_Tree_node@U?$pair@$$CB_WK@std@@PAX@2@XZ 0042dce0 f i ClientConnection.obj
 0001:0002cd00       ?_Lrotate@?$_Tree@V?$_Tmap_traits@K_WU?$less@K@std@@V?$allocator@U?$pair@$$CBK_W@std@@@2@$0A@@std@@@std@@IAEXPAU?$_Tree_node@U?$pair@$$CBK_W@std@@PAX@2@@Z 0042dd00 f i ClientConnection.obj
 0001:0002ce80       ?_Lrotate@?$_Tree@V?$_Tmap_traits@_WKU?$less@_W@std@@V?$allocator@U?$pair@$$CB_WK@std@@@2@$0A@@std@@@std@@IAEXPAU?$_Tree_node@U?$pair@$$CB_WK@std@@PAX@2@@Z 0042de80 f i ClientConnection.obj
 0001:0002d000       ?_Max@?$_Tree_val@U?$_Tree_simple_types@U?$pair@$$CBK_W@std@@@std@@@std@@SAPAU?$_Tree_node@U?$pair@$$CBK_W@std@@PAX@2@PAU32@@Z 0042e000 f i ClientConnection.obj
 0001:0002d050       ?_Max@?$_Tree_val@U?$_Tree_simple_types@U?$pair@$$CB_WK@std@@@std@@@std@@SAPAU?$_Tree_node@U?$pair@$$CB_WK@std@@PAX@2@PAU32@@Z 0042e050 f i ClientConnection.obj
 0001:0002d0a0       ?_Min@?$_Tree_val@U?$_Tree_simple_types@U?$pair@$$CBK_W@std@@@std@@@std@@SAPAU?$_Tree_node@U?$pair@$$CBK_W@std@@PAX@2@PAU32@@Z 0042e0a0 f i ClientConnection.obj
 0001:0002d0f0       ?_Min@?$_Tree_val@U?$_Tree_simple_types@U?$pair@$$CB_WK@std@@@std@@@std@@SAPAU?$_Tree_node@U?$pair@$$CB_WK@std@@PAX@2@PAU32@@Z 0042e0f0 f i ClientConnection.obj
 0001:0002d140       ?_Mynode@?$_Tree_unchecked_const_iterator@V?$_Tree_val@U?$_Tree_simple_types@U?$pair@$$CBK_W@std@@@std@@@std@@U_Iterator_base12@2@@std@@QBEPAU?$_Tree_node@U?$pair@$$CBK_W@std@@PAX@2@XZ 0042e140 f i ClientConnection.obj
 0001:0002d160       ?_Mynode@?$_Tree_unchecked_const_iterator@V?$_Tree_val@U?$_Tree_simple_types@U?$pair@$$CB_WK@std@@@std@@@std@@U_Iterator_base12@2@@std@@QBEPAU?$_Tree_node@U?$pair@$$CB_WK@std@@PAX@2@XZ 0042e160 f i ClientConnection.obj
 0001:0002d180       ?_Myval@?$_Tree_val@U?$_Tree_simple_types@U?$pair@$$CBK_W@std@@@std@@@std@@SAAAU?$pair@$$CBK_W@2@PAU?$_Tree_node@U?$pair@$$CBK_W@std@@PAX@2@@Z 0042e180 f i ClientConnection.obj
 0001:0002d190       ?_Myval@?$_Tree_val@U?$_Tree_simple_types@U?$pair@$$CB_WK@std@@@std@@@std@@SAAAU?$pair@$$CB_WK@2@PAU?$_Tree_node@U?$pair@$$CB_WK@std@@PAX@2@@Z 0042e190 f i ClientConnection.obj
 0001:0002d1a0       ?_Orphan_me@_Iterator_base12@std@@QAEXXZ 0042e1a0 f i ClientConnection.obj
 0001:0002d230       ?_Orphan_ptr@?$_Tree@V?$_Tmap_traits@K_WU?$less@K@std@@V?$allocator@U?$pair@$$CBK_W@std@@@2@$0A@@std@@@std@@IBEXAAV12@PAU?$_Tree_node@U?$pair@$$CBK_W@std@@PAX@2@@Z 0042e230 f i ClientConnection.obj
 0001:0002d330       ?_Orphan_ptr@?$_Tree@V?$_Tmap_traits@_WKU?$less@_W@std@@V?$allocator@U?$pair@$$CB_WK@std@@@2@$0A@@std@@@std@@IBEXAAV12@PAU?$_Tree_node@U?$pair@$$CB_WK@std@@PAX@2@@Z 0042e330 f i ClientConnection.obj
 0001:0002d430       ?_Orphan_range@?$vector@EV?$allocator@E@std@@@std@@IBEXPAE0@Z 0042e430 f i ClientConnection.obj
 0001:0002d520       ?_Orphan_range@?$vector@KV?$allocator@K@std@@@std@@IBEXPAK0@Z 0042e520 f i ClientConnection.obj
 0001:0002d610       ?_Parent@?$_Tree_val@U?$_Tree_simple_types@U?$pair@$$CBK_W@std@@@std@@@std@@SAAAPAU?$_Tree_node@U?$pair@$$CBK_W@std@@PAX@2@PAU32@@Z 0042e610 f i ClientConnection.obj
 0001:0002d620       ?_Parent@?$_Tree_val@U?$_Tree_simple_types@U?$pair@$$CB_WK@std@@@std@@@std@@SAAAPAU?$_Tree_node@U?$pair@$$CB_WK@std@@PAX@2@PAU32@@Z 0042e620 f i ClientConnection.obj
 0001:0002d630       ?_Reallocate@?$vector@EV?$allocator@E@std@@@std@@IAEXI@Z 0042e630 f i ClientConnection.obj
 0001:0002d7c0       ?_Reallocate@?$vector@KV?$allocator@K@std@@@std@@IAEXI@Z 0042e7c0 f i ClientConnection.obj
 0001:0002d950       ?_Rechecked@?$_Vector_iterator@V?$_Vector_val@U?$_Simple_types@E@std@@@std@@@std@@QAEAAV12@PAE@Z 0042e950 f i ClientConnection.obj
 0001:0002d970       ?_Rechecked@?$_Vector_iterator@V?$_Vector_val@U?$_Simple_types@K@std@@@std@@@std@@QAEAAV12@PAK@Z 0042e970 f i ClientConnection.obj
 0001:0002d990       ?_Reserve@?$vector@EV?$allocator@E@std@@@std@@IAEXI@Z 0042e990 f i ClientConnection.obj
 0001:0002da00       ?_Reserve@?$vector@KV?$allocator@K@std@@@std@@IAEXI@Z 0042ea00 f i ClientConnection.obj
 0001:0002da70       ?_Right@?$_Tree_val@U?$_Tree_simple_types@U?$pair@$$CBK_W@std@@@std@@@std@@SAAAPAU?$_Tree_node@U?$pair@$$CBK_W@std@@PAX@2@PAU32@@Z 0042ea70 f i ClientConnection.obj
 0001:0002da80       ?_Right@?$_Tree_val@U?$_Tree_simple_types@U?$pair@$$CB_WK@std@@@std@@@std@@SAAAPAU?$_Tree_node@U?$pair@$$CB_WK@std@@PAX@2@PAU32@@Z 0042ea80 f i ClientConnection.obj
 0001:0002da90       ?_Rmost@?$_Tree@V?$_Tmap_traits@K_WU?$less@K@std@@V?$allocator@U?$pair@$$CBK_W@std@@@2@$0A@@std@@@std@@IBEAAPAU?$_Tree_node@U?$pair@$$CBK_W@std@@PAX@2@XZ 0042ea90 f i ClientConnection.obj
 0001:0002dab0       ?_Rmost@?$_Tree@V?$_Tmap_traits@_WKU?$less@_W@std@@V?$allocator@U?$pair@$$CB_WK@std@@@2@$0A@@std@@@std@@IBEAAPAU?$_Tree_node@U?$pair@$$CB_WK@std@@PAX@2@XZ 0042eab0 f i ClientConnection.obj
 0001:0002dad0       ?_Root@?$_Tree@V?$_Tmap_traits@K_WU?$less@K@std@@V?$allocator@U?$pair@$$CBK_W@std@@@2@$0A@@std@@@std@@IBEAAPAU?$_Tree_node@U?$pair@$$CBK_W@std@@PAX@2@XZ 0042ead0 f i ClientConnection.obj
 0001:0002daf0       ?_Root@?$_Tree@V?$_Tmap_traits@_WKU?$less@_W@std@@V?$allocator@U?$pair@$$CB_WK@std@@@2@$0A@@std@@@std@@IBEAAPAU?$_Tree_node@U?$pair@$$CB_WK@std@@PAX@2@XZ 0042eaf0 f i ClientConnection.obj
 0001:0002db10       ?_Rrotate@?$_Tree@V?$_Tmap_traits@K_WU?$less@K@std@@V?$allocator@U?$pair@$$CBK_W@std@@@2@$0A@@std@@@std@@IAEXPAU?$_Tree_node@U?$pair@$$CBK_W@std@@PAX@2@@Z 0042eb10 f i ClientConnection.obj
 0001:0002dc90       ?_Rrotate@?$_Tree@V?$_Tmap_traits@_WKU?$less@_W@std@@V?$allocator@U?$pair@$$CB_WK@std@@@2@$0A@@std@@@std@@IAEXPAU?$_Tree_node@U?$pair@$$CB_WK@std@@PAX@2@@Z 0042ec90 f i ClientConnection.obj
 0001:0002de10       ?_Tidy@?$_Tree@V?$_Tmap_traits@K_WU?$less@K@std@@V?$allocator@U?$pair@$$CBK_W@std@@@2@$0A@@std@@@std@@IAEXXZ 0042ee10 f i ClientConnection.obj
 0001:0002df20       ?_Tidy@?$_Tree@V?$_Tmap_traits@_WKU?$less@_W@std@@V?$allocator@U?$pair@$$CB_WK@std@@@2@$0A@@std@@@std@@IAEXXZ 0042ef20 f i ClientConnection.obj
 0001:0002e030       ?_Tidy@?$vector@EV?$allocator@E@std@@@std@@IAEXXZ 0042f030 f i ClientConnection.obj
 0001:0002e0d0       ?_Tidy@?$vector@KV?$allocator@K@std@@@std@@IAEXXZ 0042f0d0 f i ClientConnection.obj
 0001:0002e170       ?_Unchecked@?$_Vector_iterator@V?$_Vector_val@U?$_Simple_types@E@std@@@std@@@std@@QBEPAEXZ 0042f170 f i ClientConnection.obj
 0001:0002e190       ?_Unchecked@?$_Vector_iterator@V?$_Vector_val@U?$_Simple_types@K@std@@@std@@@std@@QBEPAKXZ 0042f190 f i ClientConnection.obj
 0001:0002e1b0       ?_Unused_capacity@?$vector@EV?$allocator@E@std@@@std@@QBEIXZ 0042f1b0 f i ClientConnection.obj
 0001:0002e1d0       ?_Unused_capacity@?$vector@KV?$allocator@K@std@@@std@@QBEIXZ 0042f1d0 f i ClientConnection.obj
 0001:0002e1f0       ?_Xlen@?$vector@EV?$allocator@E@std@@@std@@IBEXXZ 0042f1f0 f i ClientConnection.obj
 0001:0002e210       ?_Xlen@?$vector@KV?$allocator@K@std@@@std@@IBEXXZ 0042f210 f i ClientConnection.obj
 0001:0002e230       ?allocate@?$_Wrap_alloc@V?$allocator@E@std@@@std@@QAEPAEI@Z 0042f230 f i ClientConnection.obj
 0001:0002e250       ?allocate@?$_Wrap_alloc@V?$allocator@K@std@@@std@@QAEPAKI@Z 0042f250 f i ClientConnection.obj
 0001:0002e270       ?allocate@?$_Wrap_alloc@V?$allocator@U_Container_proxy@std@@@std@@@std@@QAEPAU_Container_proxy@2@I@Z 0042f270 f i ClientConnection.obj
 0001:0002e290       ?allocate@?$allocator@E@std@@QAEPAEI@Z 0042f290 f i ClientConnection.obj
 0001:0002e2c0       ?allocate@?$allocator@K@std@@QAEPAKI@Z 0042f2c0 f i ClientConnection.obj
 0001:0002e2f0       ?assign@?$basic_string@DU?$char_traits@D@std@@V?$allocator@D@2@@std@@QAEAAV12@ABV12@@Z 0042f2f0 f i ClientConnection.obj
 0001:0002e320       ?begin@?$_Tree@V?$_Tmap_traits@K_WU?$less@K@std@@V?$allocator@U?$pair@$$CBK_W@std@@@2@$0A@@std@@@std@@QAE?AV?$_Tree_iterator@V?$_Tree_val@U?$_Tree_simple_types@U?$pair@$$CBK_W@std@@@std@@@std@@@2@XZ 0042f320 f i ClientConnection.obj
 0001:0002e350       ?begin@?$_Tree@V?$_Tmap_traits@_WKU?$less@_W@std@@V?$allocator@U?$pair@$$CB_WK@std@@@2@$0A@@std@@@std@@QAE?AV?$_Tree_iterator@V?$_Tree_val@U?$_Tree_simple_types@U?$pair@$$CB_WK@std@@@std@@@std@@@2@XZ 0042f350 f i ClientConnection.obj
 0001:0002e380       ?begin@?$vector@EV?$allocator@E@std@@@std@@QAE?AV?$_Vector_iterator@V?$_Vector_val@U?$_Simple_types@E@std@@@std@@@2@XZ 0042f380 f i ClientConnection.obj
 0001:0002e3b0       ?begin@?$vector@KV?$allocator@K@std@@@std@@QAE?AV?$_Vector_iterator@V?$_Vector_val@U?$_Simple_types@K@std@@@std@@@2@XZ 0042f3b0 f i ClientConnection.obj
 0001:0002e3e0       ?capacity@?$vector@EV?$allocator@E@std@@@std@@QBEIXZ 0042f3e0 f i ClientConnection.obj
 0001:0002e400       ?capacity@?$vector@KV?$allocator@K@std@@@std@@QBEIXZ 0042f400 f i ClientConnection.obj
 0001:0002e420       ?check@InStream@rdr@@QAEHHH@Z 0042f420 f i ClientConnection.obj
 0001:0002e4a0       ?clear@?$_Tree@V?$_Tmap_traits@K_WU?$less@K@std@@V?$allocator@U?$pair@$$CBK_W@std@@@2@$0A@@std@@@std@@QAEXXZ 0042f4a0 f i ClientConnection.obj
 0001:0002e520       ?clear@?$_Tree@V?$_Tmap_traits@_WKU?$less@_W@std@@V?$allocator@U?$pair@$$CB_WK@std@@@2@$0A@@std@@@std@@QAEXXZ 0042f520 f i ClientConnection.obj
 0001:0002e5a0       ?compare@?$basic_string@DU?$char_traits@D@std@@V?$allocator@D@2@@std@@QBEHABV12@@Z 0042f5a0 f i ClientConnection.obj
 0001:0002e5e0       ?compare@?$basic_string@DU?$char_traits@D@std@@V?$allocator@D@2@@std@@QBEHIIPBDI@Z 0042f5e0 f i ClientConnection.obj
 0001:0002e6f0       ?compare@?$char_traits@D@std@@SAHPBD0I@Z 0042f6f0 f i ClientConnection.obj
 0001:0002e730       ?construct@?$allocator@E@std@@QAEXPAEABE@Z 0042f730 f i ClientConnection.obj
 0001:0002e780       ?construct@?$allocator@K@std@@QAEXPAKABK@Z 0042f780 f i ClientConnection.obj
[...]
 0004:000003dc       __imp__GetVersion@0        006023dc     kernel32:KERNEL32.dll
 0004:000003e0       __imp__SetFileAttributesA@8 006023e0     kernel32:KERNEL32.dll
 0004:000003e4       __imp__LocalFileTimeToFileTime@8 006023e4     kernel32:KERNEL32.dll
 0004:000003e8       __imp__GetFullPathNameA@16 006023e8     kernel32:KERNEL32.dll
 0004:000003ec       __imp__QueryPerformanceFrequency@4 006023ec     kernel32:KERNEL32.dll
 0004:000003f0       __imp__QueryPerformanceCounter@4 006023f0     kernel32:KERNEL32.dll
 0004:000003f4       __imp__TerminateProcess@8  006023f4     kernel32:KERNEL32.dll
 0004:000003f8       __imp__FreeLibrary@4       006023f8     kernel32:KERNEL32.dll
 0004:000003fc       __imp__FindFirstFileA@8    006023fc     kernel32:KERNEL32.dll
 0004:00000400       __imp__FindClose@4         00602400     kernel32:KERNEL32.dll
 0004:00000404       __imp__DeleteFileA@4       00602404     kernel32:KERNEL32.dll
 0004:00000408       __imp__WideCharToMultiByte@32 00602408     kernel32:KERNEL32.dll
 0004:0000040c       __imp__MultiByteToWideChar@24 0060240c     kernel32:KERNEL32.dll
 0004:00000410       __imp__GlobalFree@4        00602410     kernel32:KERNEL32.dll
 0004:00000414       __imp__GlobalSize@4        00602414     kernel32:KERNEL32.dll
 0004:00000418       __imp__GetPrivateProfileStringA@24 00602418     kernel32:KERNEL32.dll
 0004:0000041c       __imp__WritePrivateProfileStringA@16 0060241c     kernel32:KERNEL32.dll
 0004:00000420       __imp__GetPrivateProfileIntA@16 00602420     kernel32:KERNEL32.dll
 0004:00000424       __imp__GlobalUnlock@4      00602424     kernel32:KERNEL32.dll
 0004:00000428       __imp__GlobalLock@4        00602428     kernel32:KERNEL32.dll
 0004:0000042c       __imp__GlobalAlloc@8       0060242c     kernel32:KERNEL32.dll
 0004:00000430       __imp__RemoveDirectoryW@4  00602430     kernel32:KERNEL32.dll
 0004:00000434       __imp__FormatMessageA@28   00602434     kernel32:KERNEL32.dll
 0004:00000438       __imp__LocalFree@4         00602438     kernel32:KERNEL32.dll
 0004:0000043c       __imp__GetTickCount@0      0060243c     kernel32:KERNEL32.dll
 0004:00000440       __imp__ResumeThread@4      00602440     kernel32:KERNEL32.dll
 0004:00000444       __imp__CreateThread@24     00602444     kernel32:KERNEL32.dll
 0004:00000448       __imp__Sleep@4             00602448     kernel32:KERNEL32.dll
 0004:0000044c       __imp__CreateEventA@16     0060244c     kernel32:KERNEL32.dll
 0004:00000450       __imp__WaitForSingleObject@8 00602450     kernel32:KERNEL32.dll
 0004:00000454       __imp__SetEvent@4          00602454     kernel32:KERNEL32.dll
 0004:00000458       __imp__GetLastError@0      00602458     kernel32:KERNEL32.dll
 0004:0000045c       __imp__CloseHandle@4       0060245c     kernel32:KERNEL32.dll
 0004:00000460       __imp__Beep@8              00602460     kernel32:KERNEL32.dll
 0004:00000464       __imp__OutputDebugStringA@4 00602464     kernel32:KERNEL32.dll
 0004:00000468       __imp__GetModuleHandleA@4  00602468     kernel32:KERNEL32.dll
 0004:0000046c       __imp__GetDateFormatW@24   0060246c     kernel32:KERNEL32.dll
 0004:00000470       __imp__GetTimeFormatW@24   00602470     kernel32:KERNEL32.dll
 0004:00000474       __imp__CompareStringW@24   00602474     kernel32:KERNEL32.dll
 0004:00000478       __imp__LCMapStringW@24     00602478     kernel32:KERNEL32.dll
 0004:0000047c       __imp__GetLocaleInfoW@16   0060247c     kernel32:KERNEL32.dll
 0004:00000480       __imp__IsValidLocale@8     00602480     kernel32:KERNEL32.dll
 0004:00000484       __imp__GetUserDefaultLCID@0 00602484     kernel32:KERNEL32.dll
 0004:00000488       __imp__EnumSystemLocalesW@8 00602488     kernel32:KERNEL32.dll
 0004:0000048c       __imp__HeapReAlloc@16      0060248c     kernel32:KERNEL32.dll
 0004:00000490       __imp__HeapSize@12         00602490     kernel32:KERNEL32.dll
 0004:00000494       __imp__HeapQueryInformation@20 00602494     kernel32:KERNEL32.dll
 0004:00000498       __imp__GetFullPathNameW@16 00602498     kernel32:KERNEL32.dll
 0004:0000049c       __imp__VirtualQuery@12     0060249c     kernel32:KERNEL32.dll
 0004:000004a0       __imp__GetOEMCP@0          006024a0     kernel32:KERNEL32.dll
 0004:000004a4       \177KERNEL32_NULL_THUNK_DATA 006024a4     kernel32:KERNEL32.dll
 0004:00000558       __imp__ShellExecuteA@24    00602558     shell32:SHELL32.dll
 0004:0000055c       __imp__SHGetSpecialFolderLocation@12 0060255c     shell32:SHELL32.dll
 0004:00000560       __imp__SHGetPathFromIDListA@8 00602560     shell32:SHELL32.dll
 0004:00000564       __imp__SHFileOperationA@4  00602564     shell32:SHELL32.dll
 0004:00000568       __imp__Shell_NotifyIconA@8 00602568     shell32:SHELL32.dll
 0004:0000056c       __imp__SHGetFolderPathA@20 0060256c     shell32:SHELL32.dll
 0004:00000570       \177SHELL32_NULL_THUNK_DATA 00602570     shell32:SHELL32.dll
 0004:000005a0       __imp__ReleaseCapture@0    006025a0     user32:USER32.dll
 0004:000005a4       __imp__SetCapture@4        006025a4     user32:USER32.dll
 0004:000005a8       __imp__CallWindowProcA@20  006025a8     user32:USER32.dll
 0004:000005ac       __imp__CallNextHookEx@16   006025ac     user32:USER32.dll
 0004:000005b0       __imp__SetWindowsHookExA@16 006025b0     user32:USER32.dll
 0004:000005b4       __imp__GetWindowThreadProcessId@8 006025b4     user32:USER32.dll
 0004:000005b8       __imp__GetForegroundWindow@0 006025b8     user32:USER32.dll
 0004:000005bc       __imp__PostThreadMessageA@16 006025bc     user32:USER32.dll
 0004:000005c0       __imp__GetMessageA@16      006025c0     user32:USER32.dll
 0004:000005c4       __imp__ToAscii@20          006025c4     user32:USER32.dll
 0004:000005c8       __imp__GetKeyState@4       006025c8     user32:USER32.dll
 0004:000005cc       __imp__keybd_event@16      006025cc     user32:USER32.dll
 0004:000005d0       __imp__VkKeyScanW@4        006025d0     user32:USER32.dll
 0004:000005d4       __imp__ToUnicode@24        006025d4     user32:USER32.dll
 0004:000005d8       __imp__GetKeyboardState@4  006025d8     user32:USER32.dll
 0004:000005dc       __imp__GetCaretBlinkTime@0 006025dc     user32:USER32.dll
 0004:000005e0       __imp__GetDesktopWindow@0  006025e0     user32:USER32.dll
 0004:000005e4       __imp__PtInRect@12         006025e4     user32:USER32.dll
 0004:000005e8       __imp__IntersectRect@12    006025e8     user32:USER32.dll
 0004:000005ec       __imp__SetWindowRgn@12     006025ec     user32:USER32.dll
 0004:000005f0       __imp__WindowFromDC@4      006025f0     user32:USER32.dll
 0004:000005f4       __imp__ModifyMenuA@20      006025f4     user32:USER32.dll
 0004:000005f8       __imp__GetMenuStringA@20   006025f8     user32:USER32.dll
 0004:000005fc       __imp__GetComboBoxInfo@8   006025fc     user32:USER32.dll
 0004:00000600       __imp__DestroyIcon@4       00602600     user32:USER32.dll
 0004:00000604       __imp__GetParent@4         00602604     user32:USER32.dll
 0004:00000608       __imp__GetWindowTextLengthA@4 00602608     user32:USER32.dll
 0004:0000060c       __imp__DrawTextA@20        0060260c     user32:USER32.dll
 0004:00000610       __imp__GetMenuItemCount@4  00602610     user32:USER32.dll
 0004:00000614       __imp__EnableWindow@8      00602614     user32:USER32.dll
 0004:00000618       __imp__SendDlgItemMessageA@20 00602618     user32:USER32.dll
 0004:0000061c       __imp__SendMessageTimeoutA@28 0060261c     user32:USER32.dll
 0004:00000620       __imp__SetCaretBlinkTime@4 00602620     user32:USER32.dll
 0004:00000624       __imp__ScreenToClient@8    00602624     user32:USER32.dll
 0004:00000628       __imp__GetScrollInfo@12    00602628     user32:USER32.dll
 0004:0000062c       __imp__IsDlgButtonChecked@8 0060262c     user32:USER32.dll
 0004:00000630       __imp__LoadKeyboardLayoutA@8 00602630     user32:USER32.dll
 0004:00000634       __imp__LoadBitmapA@8       00602634     user32:USER32.dll
 0004:00000638       __imp__wvsprintfA@12       00602638     user32:USER32.dll
 0004:0000063c       __imp__CharToOemA@8        0060263c     user32:USER32.dll
 0004:00000640       __imp__OemToCharA@8        00602640     user32:USER32.dll
 0004:00000644       __imp__DialogBoxParamA@20  00602644     user32:USER32.dll
 0004:00000648       __imp__EndDialog@8         00602648     user32:USER32.dll
 0004:0000064c       __imp__SetDlgItemTextA@12  0060264c     user32:USER32.dll
 0004:00000650       __imp__SetForegroundWindow@4 00602650     user32:USER32.dll
 0004:00000654       __imp__IsRectEmpty@4       00602654     user32:USER32.dll
 0004:00000658       __imp__LoadImageA@24       00602658     user32:USER32.dll
 0004:0000065c       __imp__PeekMessageA@20     0060265c     user32:USER32.dll
 0004:00000660       __imp__DispatchMessageA@4  00602660     user32:USER32.dll
 0004:00000664       __imp__TranslateMessage@4  00602664     user32:USER32.dll
 0004:00000668       __imp__GetMonitorInfoA@8   00602668     user32:USER32.dll
 0004:0000066c       __imp__MonitorFromPoint@12 0060266c     user32:USER32.dll
 0004:00000670       __imp__SystemParametersInfoA@16 00602670     user32:USER32.dll
 0004:00000674       __imp__EnumDisplayDevicesA@16 00602674     user32:USER32.dll
 0004:00000678       __imp__EnumDisplaySettingsExA@16 00602678     user32:USER32.dll
 0004:0000067c       __imp__GetSystemMetrics@4  0060267c     user32:USER32.dll
 0004:00000680       __imp__ValidateRect@8      00602680     user32:USER32.dll
 0004:00000684       __imp__SetMenuDefaultItem@12 00602684     user32:USER32.dll
 0004:00000688       __imp__TrackPopupMenu@28   00602688     user32:USER32.dll
 0004:0000068c       __imp__GetMenuItemID@8     0060268c     user32:USER32.dll
 0004:00000690       __imp__GetSubMenu@8        00602690     user32:USER32.dll
 0004:00000694       __imp__LoadMenuA@8         00602694     user32:USER32.dll
 0004:00000698       __imp__RegisterClassExA@4  00602698     user32:USER32.dll
 0004:0000069c       __imp__LoadStringA@16      0060269c     user32:USER32.dll
 0004:000006a0       __imp__IsClipboardFormatAvailable@4 006026a0     user32:USER32.dll
 0004:000006a4       __imp__RegisterClipboardFormatA@4 006026a4     user32:USER32.dll
 0004:000006a8       __imp__SetWindowLongA@12   006026a8     user32:USER32.dll
 0004:000006ac       __imp__GetCursorPos@4      006026ac     user32:USER32.dll
 0004:000006b0       __imp__SetCursorPos@8      006026b0     user32:USER32.dll
 0004:000006b4       __imp__RedrawWindow@16     006026b4     user32:USER32.dll
 0004:000006b8       __imp__EmptyClipboard@0    006026b8     user32:USER32.dll
 0004:000006bc       __imp__GetClipboardData@4  006026bc     user32:USER32.dll
 0004:000006c0       __imp__SetClipboardData@8  006026c0     user32:USER32.dll
 0004:000006c4       __imp__GetClipboardOwner@0 006026c4     user32:USER32.dll
 0004:000006c8       __imp__CloseClipboard@0    006026c8     user32:USER32.dll
 0004:000006cc       __imp__OpenClipboard@4     006026cc     user32:USER32.dll
 0004:000006d0       __imp__SetScrollInfo@16    006026d0     user32:USER32.dll
 0004:000006d4       __imp__LoadIconA@8         006026d4     user32:USER32.dll
 0004:000006d8       __imp__LoadCursorA@8       006026d8     user32:USER32.dll
 0004:000006dc       __imp__SetRect@20          006026dc     user32:USER32.dll
 0004:000006e0       __imp__FillRect@12         006026e0     user32:USER32.dll
 0004:000006e4       __imp__GetSysColorBrush@4  006026e4     user32:USER32.dll
 0004:000006e8       __imp__SetCursor@4         006026e8     user32:USER32.dll
 0004:000006ec       __imp__MessageBoxA@16      006026ec     user32:USER32.dll
 0004:000006f0       __imp__AdjustWindowRectEx@16 006026f0     user32:USER32.dll
 0004:000006f4       __imp__GetWindowRect@8     006026f4     user32:USER32.dll
 0004:000006f8       __imp__GetClientRect@8     006026f8     user32:USER32.dll
 0004:000006fc       __imp__ShowScrollBar@12    006026fc     user32:USER32.dll
 0004:00000700       __imp__ScrollWindowEx@32   00602700     user32:USER32.dll
 0004:00000704       __imp__InvalidateRgn@12    00602704     user32:USER32.dll
 0004:00000708       __imp__InvalidateRect@12   00602708     user32:USER32.dll
 0004:0000070c       __imp__EndPaint@8          0060270c     user32:USER32.dll
 0004:00000710       __imp__BeginPaint@8        00602710     user32:USER32.dll
 0004:00000714       __imp__ReleaseDC@8         00602714     user32:USER32.dll
 0004:00000718       __imp__GetDC@4             00602718     user32:USER32.dll
 0004:0000071c       __imp__UpdateWindow@4      0060271c     user32:USER32.dll
 0004:00000720       __imp__AppendMenuA@16      00602720     user32:USER32.dll
 0004:00000724       __imp__EnableMenuItem@12   00602724     user32:USER32.dll
 0004:00000728       __imp__CheckMenuItem@12    00602728     user32:USER32.dll
 0004:0000072c       __imp__DestroyMenu@4       0060272c     user32:USER32.dll
 0004:00000730       __imp__CreatePopupMenu@0   00602730     user32:USER32.dll
 0004:00000734       __imp__GetSystemMenu@8     00602734     user32:USER32.dll
 0004:00000738       __imp__DrawMenuBar@4       00602738     user32:USER32.dll
 0004:0000073c       __imp__KillTimer@8         0060273c     user32:USER32.dll
 0004:00000740       __imp__SetTimer@16         00602740     user32:USER32.dll
 0004:00000744       __imp__GetKeyNameTextA@12  00602744     user32:USER32.dll
 0004:00000748       __imp__GetFocus@0          00602748     user32:USER32.dll
 0004:0000074c       __imp__SetFocus@4          0060274c     user32:USER32.dll
 0004:00000750       __imp__ChangeClipboardChain@8 00602750     user32:USER32.dll
 0004:00000754       __imp__SetClipboardViewer@4 00602754     user32:USER32.dll
 0004:00000758       __imp__GetDlgItemInt@16    00602758     user32:USER32.dll
 0004:0000075c       __imp__SetDlgItemInt@16    0060275c     user32:USER32.dll
 0004:00000760       __imp__IsIconic@4          00602760     user32:USER32.dll
 0004:00000764       __imp__SetWindowPos@28     00602764     user32:USER32.dll
 0004:00000768       __imp__MoveWindow@24       00602768     user32:USER32.dll
 0004:0000076c       __imp__ShowWindow@8        0060276c     user32:USER32.dll
 0004:00000770       __imp__DestroyWindow@4     00602770     user32:USER32.dll
 0004:00000774       __imp__IsWindow@4          00602774     user32:USER32.dll
 0004:00000778       __imp__CreateWindowExA@48  00602778     user32:USER32.dll
 0004:0000077c       __imp__RegisterClassA@4    0060277c     user32:USER32.dll
 0004:00000780       __imp__PostQuitMessage@4   00602780     user32:USER32.dll
 0004:00000784       __imp__DefWindowProcA@16   00602784     user32:USER32.dll
 0004:00000788       __imp__PostMessageA@16     00602788     user32:USER32.dll
 0004:0000078c       __imp__SendNotifyMessageA@16 0060278c     user32:USER32.dll
 0004:00000790       __imp__RegisterWindowMessageA@4 00602790     user32:USER32.dll
 0004:00000794       __imp__GetKeyboardLayoutNameA@4 00602794     user32:USER32.dll
 0004:00000798       __imp__wsprintfA           00602798     user32:USER32.dll
 0004:0000079c       __imp__GetWindowLongA@8    0060279c     user32:USER32.dll
 0004:000007a0       __imp__GetWindowTextA@12   006027a0     user32:USER32.dll
 0004:000007a4       __imp__SetWindowTextA@8    006027a4     user32:USER32.dll
 0004:000007a8       __imp__GetDlgItemTextA@16  006027a8     user32:USER32.dll
 0004:000007ac       __imp__GetDlgItem@8        006027ac     user32:USER32.dll
 0004:000007b0       __imp__SendMessageA@16     006027b0     user32:USER32.dll
 0004:000007b4       __imp__TranslateAcceleratorA@12 006027b4     user32:USER32.dll
 0004:000007b8       __imp__DestroyAcceleratorTable@4 006027b8     user32:USER32.dll
 0004:000007bc       __imp__CreateAcceleratorTableA@8 006027bc     user32:USER32.dll
 0004:000007c0       __imp__MapWindowPoints@16  006027c0     user32:USER32.dll
 0004:000007c4       \177USER32_NULL_THUNK_DATA 006027c4     user32:USER32.dll
 0004:0000085c       __imp__timeGetTime@0       0060285c     winmm:WINMM.dll
 0004:00000860       __imp__timeSetEvent@20     00602860     winmm:WINMM.dll
 0004:00000864       __imp__timeKillEvent@4     00602864     winmm:WINMM.dll
 0004:00000868       __imp__PlaySoundA@12       00602868     winmm:WINMM.dll
 0004:0000086c       \177WINMM_NULL_THUNK_DATA  0060286c     winmm:WINMM.dll
 0004:00000898       __imp__WSAStartup@8        00602898     ws2_32:WS2_32.dll
 0004:0000089c       __imp__WSACleanup@0        0060289c     ws2_32:WS2_32.dll
 0004:000008a0       __imp__WSAAsyncSelect@16   006028a0     ws2_32:WS2_32.dll
 0004:000008a4       __imp__recv@16             006028a4     ws2_32:WS2_32.dll
 0004:000008a8       __imp__listen@8            006028a8     ws2_32:WS2_32.dll
 0004:000008ac       __imp__ioctlsocket@12      006028ac     ws2_32:WS2_32.dll
 0004:000008b0       __imp__bind@12             006028b0     ws2_32:WS2_32.dll
 0004:000008b4       __imp__accept@12           006028b4     ws2_32:WS2_32.dll
 0004:000008b8       __imp__WSAGetLastError@0   006028b8     ws2_32:WS2_32.dll
 0004:000008bc       __imp__gethostbyname@4     006028bc     ws2_32:WS2_32.dll
 0004:000008c0       __imp__socket@12           006028c0     ws2_32:WS2_32.dll
 0004:000008c4       __imp__shutdown@8          006028c4     ws2_32:WS2_32.dll
 0004:000008c8       __imp____WSAFDIsSet@8      006028c8     ws2_32:WS2_32.dll
 0004:000008cc       __imp__closesocket@4       006028cc     ws2_32:WS2_32.dll
 0004:000008d0       __imp__connect@12          006028d0     ws2_32:WS2_32.dll
 0004:000008d4       __imp__setsockopt@20       006028d4     ws2_32:WS2_32.dll
 0004:000008d8       __imp__send@16             006028d8     ws2_32:WS2_32.dll
 0004:000008dc       __imp__select@20           006028dc     ws2_32:WS2_32.dll
 0004:000008e0       __imp__inet_addr@4         006028e0     ws2_32:WS2_32.dll
 0004:000008e4       __imp__htons@4             006028e4     ws2_32:WS2_32.dll
 0004:000008e8       __imp__getpeername@12      006028e8     ws2_32:WS2_32.dll
 0004:000008ec       \177WS2_32_NULL_THUNK_DATA 006028ec     ws2_32:WS2_32.dll
 0004:00000928       __imp__jpeg_std_error      00602928     libjpeg-turbo-win:libjpeg-turbo-win.dll
 0004:0000092c       __imp__jpeg_CreateDecompress 0060292c     libjpeg-turbo-win:libjpeg-turbo-win.dll
 0004:00000930       __imp__jpeg_destroy_decompress 00602930     libjpeg-turbo-win:libjpeg-turbo-win.dll
 0004:00000934       __imp__jpeg_read_header    00602934     libjpeg-turbo-win:libjpeg-turbo-win.dll
 0004:00000938       __imp__jpeg_start_decompress 00602938     libjpeg-turbo-win:libjpeg-turbo-win.dll
 0004:0000093c       __imp__jpeg_read_scanlines 0060293c     libjpeg-turbo-win:libjpeg-turbo-win.dll
 0004:00000940       __imp__jpeg_finish_decompress 00602940     libjpeg-turbo-win:libjpeg-turbo-win.dll
 0004:00000944       __imp__jpeg_resync_to_restart 00602944     libjpeg-turbo-win:libjpeg-turbo-win.dll
 0004:00000948       \177libjpeg-turbo-win_NULL_THUNK_DATA 00602948     libjpeg-turbo-win:libjpeg-turbo-win.dll
 0004:00000978       __IMPORT_DESCRIPTOR_COMCTL32 00602978     comctl32:COMCTL32.dll
 0004:0000098c       __IMPORT_DESCRIPTOR_WINMM  0060298c     winmm:WINMM.dll
 0004:000009a0       __IMPORT_DESCRIPTOR_WS2_32 006029a0     ws2_32:WS2_32.dll
 0004:000009b4       __IMPORT_DESCRIPTOR_KERNEL32 006029b4     kernel32:KERNEL32.dll
 0004:000009c8       __IMPORT_DESCRIPTOR_USER32 006029c8     user32:USER32.dll
 0004:000009dc       __IMPORT_DESCRIPTOR_GDI32  006029dc     gdi32:GDI32.dll
 0004:000009f0       __IMPORT_DESCRIPTOR_COMDLG32 006029f0     comdlg32:COMDLG32.dll
 0004:00000a04       __IMPORT_DESCRIPTOR_ADVAPI32 00602a04     advapi32:ADVAPI32.dll
 0004:00000a18       __IMPORT_DESCRIPTOR_SHELL32 00602a18     shell32:SHELL32.dll
 0004:00000a2c       __IMPORT_DESCRIPTOR_libjpeg-turbo-win 00602a2c     libjpeg-turbo-win:libjpeg-turbo-win.dll
 0004:00000a40       __IMPORT_DESCRIPTOR_IMM32  00602a40     imm32:IMM32.dll
 0004:00000a54       __NULL_IMPORT_DESCRIPTOR   00602a54     comctl32:COMCTL32.dll
