 vncviewer

 Timestamp is 5576f598 (Tue Jun 09 11:18:00 2015)

 Preferred load address is 00400000

 Start         Length     Name                   Class
 0001:00000000 000070fdH .text$di                CODE
 0001:00007100 001556e2H .text$mn                CODE
 0001:0015c7f0 000059b6H .text$x                 CODE
 0001:001621b0 00001ea3H .text$yd                CODE
 0002:00000000 00000104H .CRT$XCA                DATA
 0002:00000104 00000104H .CRT$XCC                DATA
 0002:00000208 0000047eH .CRT$XCU                DATA
 0002:00000688 00000104H .CRT$XCZ                DATA
 0002:0000078c 00000104H .CRT$XIA                DATA
 0002:00000890 00000113H .CRT$XIC                DATA
 0002:000009a4 00000104H .CRT$XIY                DATA
 0002:00000aa8 00000104H .CRT$XIZ                DATA
 0002:00000bac 00000104H .CRT$XPA                DATA
 0002:00000cb0 00000109H .CRT$XPX                DATA
 0002:00000dbc 00000104H .CRT$XPXA               DATA
 0002:00000ec0 00000104H .CRT$XPZ                DATA
 0002:00000fc4 00000104H .CRT$XTA                DATA
 0002:000010c8 00000104H .CRT$XTZ                DATA
 0002:000011d0 0002b342H .rdata                  DATA
 0002:0002c514 000001bbH .rdata$debug            DATA
 0002:0002c6d0 00001628H .rdata$r                DATA
 0002:0002dd00 000005b4H .rdata$sxdata           DATA
 0002:0002e2b4 00000104H .rtc$IAA                DATA
 0002:0002e3b8 0000010eH .rtc$IMZ                DATA
 0002:0002e4c8 00000104H .rtc$IZZ                DATA
 0002:0002e5cc 00000104H .rtc$TAA                DATA
 0002:0002e6d0 0000010eH .rtc$TMZ                DATA
 0002:0002e7e0 00000104H .rtc$TZZ                DATA
 0002:0002e8e8 00006145H .xdata$x                DATA
 0002:00034a2d 00000000H .edata                  DATA
 0003:00000000 000057fdH .data                   DATA
 0003:00005800 000009adH .data$r                 DATA
 0003:000061c0 0005fe84H .bss                    DATA
 0004:00000000 00000978H .idata$5                DATA
 0004:00000978 000000dcH .idata$2                DATA
 0004:00000a54 00000014H .idata$3                DATA
 0004:00000a68 00000978H .idata$4                DATA
 0004:000013e0 00001ee8H .idata$6                DATA
 0005:00000000 00001656H .rsrc$01                DATA
 0005:00001660 00055360H .rsrc$02                DATA

  Address         Publics by Value              Rva+Base       Lib:Object

 0000:00000000       ___guard_fids_count        00000000     <absolute>
 0000:00000000       ___guard_fids_table        00000000     <absolute>
 0000:00000000       ___guard_flags             00000000     <absolute>
 0000:00000000       __except_list              00000000     <absolute>
 0000:000000fb       ___safe_se_handler_count   000000fb     <absolute>
 0000:00000000       ___ImageBase               00400000     <linker-defined>
 0001:00007100       ?DoGetBkGndBitmap@@YAPAUHBITMAP__@@I@Z 00408100 f   AboutBox.obj
 0001:00007170       ?DoSDKEraseBkGnd@@YAHQAUHDC__@@K@Z 00408170 f   AboutBox.obj
 0001:00007360       ?ShowAboutBox@@YAXXZ       00408360 f   AboutBox.obj
 0001:00007430       ??$_Allocate@D@std@@YAPADIPAD@Z 00408430 f i AboutBox.obj
 0001:00007480       ??$_Allocate@U_Container_proxy@std@@@std@@YAPAU_Container_proxy@0@IPAU10@@Z 00408480 f i AboutBox.obj
 0001:000074d0       ??$_Debug_pointer@D@std@@YAXPBDPB_WI@Z 004084d0 f i AboutBox.obj
 0001:00007500       ??$addressof@D@std@@YAPADAAD@Z 00408500 f i AboutBox.obj
 0001:00007510       ??$construct@PADAAPAD@?$_Wrap_alloc@V?$allocator@D@std@@@std@@QAEXPAPADAAPAD@Z 00408510 f i AboutBox.obj
 0001:00007550       ??$construct@PADAAPAD@?$allocator@D@std@@QAEXPAPADAAPAD@Z 00408550 f i AboutBox.obj
 0001:00007600       ??$construct@PADAAPAD@?$allocator_traits@V?$allocator@D@std@@@std@@SAXAAV?$allocator@D@1@PAPADAAPAD@Z 00408600 f i AboutBox.obj
 0001:00007630       ??$construct@U_Container_proxy@std@@U12@@?$allocator@U_Container_proxy@std@@@std@@QAEXPAU_Container_proxy@1@$$QAU21@@Z 00408630 f i AboutBox.obj
 0001:000076e0       ??$destroy@PAD@?$_Wrap_alloc@V?$allocator@D@std@@@std@@QAEXPAPAD@Z 004086e0 f i AboutBox.obj
 0001:00007710       ??$destroy@PAD@?$allocator@D@std@@QAEXPAPAD@Z 00408710 f i AboutBox.obj
 0001:00007720       ??$destroy@PAD@?$allocator_traits@V?$allocator@D@std@@@std@@SAXAAV?$allocator@D@1@PAPAD@Z 00408720 f i AboutBox.obj
 0001:00007740       ??$destroy@U_Container_proxy@std@@@?$allocator@U_Container_proxy@std@@@std@@QAEXPAU_Container_proxy@1@@Z 00408740 f i AboutBox.obj
 0001:00007750       ??$forward@AAPAD@std@@YAAAPADAAPAD@Z 00408750 f i AboutBox.obj
 0001:00007760       ??$forward@U_Container_proxy@std@@@std@@YA$$QAU_Container_proxy@0@AAU10@@Z 00408760 f i AboutBox.obj
 0001:00007770       ??0?$_String_alloc@$0A@U?$_String_base_types@DV?$allocator@D@std@@@std@@@std@@QAE@ABV?$allocator@D@1@@Z 00408770 f i AboutBox.obj
 0001:000077e0       ??0?$_String_val@U?$_Simple_types@D@std@@@std@@QAE@XZ 004087e0 f i AboutBox.obj
 0001:00007820       ??0?$_Wrap_alloc@V?$allocator@D@std@@@std@@QAE@XZ 00408820 f i AboutBox.obj
 0001:00007840       ??0?$allocator@D@std@@QAE@XZ 00408840 f i AboutBox.obj
 0001:00007860       ??0?$allocator@U_Container_proxy@std@@@std@@QAE@XZ 00408860 f i AboutBox.obj
 0001:00007880       ??0?$basic_string@DU?$char_traits@D@std@@V?$allocator@D@2@@std@@QAE@PBD@Z 00408880 f i AboutBox.obj
 0001:00007910       ??0_Container_base12@std@@QAE@XZ 00408910 f i AboutBox.obj
 0001:00007930       ??0_Container_proxy@std@@QAE@XZ 00408930 f i AboutBox.obj
 0001:00007960       ??0_Generic_error_category@std@@QAE@XZ 00408960 f i AboutBox.obj
 0001:00007990       ??0_Ignore@std@@QAE@XZ     00408990 f i AboutBox.obj
 0001:000079b0       ??0_Iostream_error_category@std@@QAE@XZ 004089b0 f i AboutBox.obj
 0001:000079e0       ??0_System_error_category@std@@QAE@XZ 004089e0 f i AboutBox.obj
 0001:00007a10       ??0error_category@std@@QAE@XZ 00408a10 f i AboutBox.obj
 0001:00007a30       ??0error_condition@std@@QAE@HABVerror_category@1@@Z 00408a30 f i AboutBox.obj
 0001:00007a60       ??0id@locale@std@@QAE@I@Z  00408a60 f i AboutBox.obj
 0001:00007a80       ??1?$_String_alloc@$0A@U?$_String_base_types@DV?$allocator@D@std@@@std@@@std@@QAE@XZ 00408a80 f i AboutBox.obj
 0001:00007ab0       ??1?$_String_val@U?$_Simple_types@D@std@@@std@@QAE@XZ 00408ab0 f i AboutBox.obj
 0001:00007ad0       ??1_Container_base12@std@@QAE@XZ 00408ad0 f i AboutBox.obj
 0001:00007af0       ??1_Generic_error_category@std@@UAE@XZ 00408af0 f i AboutBox.obj
 0001:00007b10       ??1_Iostream_error_category@std@@UAE@XZ 00408b10 f i AboutBox.obj
 0001:00007b30       ??1_System_error_category@std@@UAE@XZ 00408b30 f i AboutBox.obj
 0001:00007b50       ??1error_category@std@@UAE@XZ 00408b50 f i AboutBox.obj
 0001:00007b70       ??2@YAPAXIPAX@Z            00408b70 f i AboutBox.obj
 0001:00007b80       ??3@YAXPAX0@Z              00408b80 f i AboutBox.obj
 0001:00007b90       ??8error_category@std@@QBE_NABV01@@Z 00408b90 f i AboutBox.obj
 0001:00007bd0       ??8error_condition@std@@QBE_NABV01@@Z 00408bd0 f i AboutBox.obj
 0001:00007c40       ??_E_Generic_error_category@std@@UAEPAXI@Z 00408c40 f i AboutBox.obj
 0001:00007c40       ??_G_Generic_error_category@std@@UAEPAXI@Z 00408c40 f i AboutBox.obj
 0001:00007c80       ??_G_Iostream_error_category@std@@UAEPAXI@Z 00408c80 f i AboutBox.obj
 0001:00007c80       ??_E_Iostream_error_category@std@@UAEPAXI@Z 00408c80 f i AboutBox.obj
 0001:00007cc0       ??_E_System_error_category@std@@UAEPAXI@Z 00408cc0 f i AboutBox.obj
 0001:00007cc0       ??_G_System_error_category@std@@UAEPAXI@Z 00408cc0 f i AboutBox.obj
 0001:00007d00       ??_Eerror_category@std@@UAEPAXI@Z 00408d00 f i AboutBox.obj
 0001:00007d00       ??_Gerror_category@std@@UAEPAXI@Z 00408d00 f i AboutBox.obj
 0001:00007d40       ?_Alloc_proxy@?$_String_alloc@$0A@U?$_String_base_types@DV?$allocator@D@std@@@std@@@std@@QAEXXZ 00408d40 f i AboutBox.obj
 0001:00007da0       ?_Copy@?$basic_string@DU?$char_traits@D@std@@V?$allocator@D@2@@std@@QAEXII@Z 00408da0 f i AboutBox.obj
 0001:00007fd0       ?_Eos@?$basic_string@DU?$char_traits@D@std@@V?$allocator@D@2@@std@@QAEXI@Z 00408fd0 f i AboutBox.obj
 0001:00008020       ?_Free_proxy@?$_String_alloc@$0A@U?$_String_base_types@DV?$allocator@D@std@@@std@@@std@@QAEXXZ 00409020 f i AboutBox.obj
 0001:00008080       ?_Getal@?$_String_alloc@$0A@U?$_String_base_types@DV?$allocator@D@std@@@std@@@std@@QBE?AU?$_Wrap_alloc@V?$allocator@D@std@@@2@XZ 00409080 f i AboutBox.obj
 0001:000080a0       ?_Grow@?$basic_string@DU?$char_traits@D@std@@V?$allocator@D@2@@std@@QAE_NI_N@Z 004090a0 f i AboutBox.obj
 0001:00008170       ?_Inside@?$basic_string@DU?$char_traits@D@std@@V?$allocator@D@2@@std@@QAE_NPBD@Z 00409170 f i AboutBox.obj
 0001:000081c0       ?_Myptr@?$_String_val@U?$_Simple_types@D@std@@@std@@QAEPADXZ 004091c0 f i AboutBox.obj
 0001:00008210       ?_Myptr@?$_String_val@U?$_Simple_types@D@std@@@std@@QBEPBDXZ 00409210 f i AboutBox.obj
 0001:00008260       ?_Orphan_all@_Container_base12@std@@QAEXXZ 00409260 f i AboutBox.obj
 0001:000082e0       ?_Tidy@?$basic_string@DU?$char_traits@D@std@@V?$allocator@D@2@@std@@QAEX_NI@Z 004092e0 f i AboutBox.obj
 0001:000083b0       ?_Xlen@?$basic_string@DU?$char_traits@D@std@@V?$allocator@D@2@@std@@QBEXXZ 004093b0 f i AboutBox.obj
 0001:000083d0       ?_Xran@?$basic_string@DU?$char_traits@D@std@@V?$allocator@D@2@@std@@QBEXXZ 004093d0 f i AboutBox.obj
 0001:000083f0       ?allocate@?$_Wrap_alloc@V?$allocator@D@std@@@std@@QAEPADI@Z 004093f0 f i AboutBox.obj
 0001:00008410       ?allocate@?$allocator@D@std@@QAEPADI@Z 00409410 f i AboutBox.obj
 0001:00008440       ?allocate@?$allocator@U_Container_proxy@std@@@std@@QAEPAU_Container_proxy@2@I@Z 00409440 f i AboutBox.obj
 0001:00008470       ?assign@?$basic_string@DU?$char_traits@D@std@@V?$allocator@D@2@@std@@QAEAAV12@ABV12@II@Z 00409470 f i AboutBox.obj
 0001:00008550       ?assign@?$basic_string@DU?$char_traits@D@std@@V?$allocator@D@2@@std@@QAEAAV12@PBD@Z 00409550 f i AboutBox.obj
 0001:000085a0       ?assign@?$basic_string@DU?$char_traits@D@std@@V?$allocator@D@2@@std@@QAEAAV12@PBDI@Z 004095a0 f i AboutBox.obj
 0001:00008660       ?assign@?$char_traits@D@std@@SAXAADABD@Z 00409660 f i AboutBox.obj
 0001:00008680       ?category@error_code@std@@QBEABVerror_category@2@XZ 00409680 f i AboutBox.obj
 0001:000086a0       ?category@error_condition@std@@QBEABVerror_category@2@XZ 004096a0 f i AboutBox.obj
 0001:000086c0       ?copy@?$char_traits@D@std@@SAPADPADPBDI@Z 004096c0 f i AboutBox.obj
 0001:00008700       ?deallocate@?$_Wrap_alloc@V?$allocator@D@std@@@std@@QAEXPADI@Z 00409700 f i AboutBox.obj
 0001:00008730       ?deallocate@?$allocator@D@std@@QAEXPADI@Z 00409730 f i AboutBox.obj
 0001:00008750       ?deallocate@?$allocator@U_Container_proxy@std@@@std@@QAEXPAU_Container_proxy@2@I@Z 00409750 f i AboutBox.obj
 0001:00008770       ?default_error_condition@_System_error_category@std@@UBE?AVerror_condition@2@H@Z 00409770 f i AboutBox.obj
 0001:000087d0       ?default_error_condition@error_category@std@@UBE?AVerror_condition@2@H@Z 004097d0 f i AboutBox.obj
 0001:00008800       ?equivalent@error_category@std@@UBE_NABVerror_code@2@H@Z 00409800 f i AboutBox.obj
 0001:00008860       ?equivalent@error_category@std@@UBE_NHABVerror_condition@2@@Z 00409860 f i AboutBox.obj
 0001:000088a0       ?erase@?$basic_string@DU?$char_traits@D@std@@V?$allocator@D@2@@std@@QAEAAV12@I@Z 004098a0 f i AboutBox.obj
 0001:000088e0       ?erase@?$basic_string@DU?$char_traits@D@std@@V?$allocator@D@2@@std@@QAEAAV12@II@Z 004098e0 f i AboutBox.obj
 0001:00008990       ?generic_category@std@@YAABVerror_category@1@XZ 00409990 f i AboutBox.obj
 0001:000089a0       ?length@?$char_traits@D@std@@SAIPBD@Z 004099a0 f i AboutBox.obj
 0001:000089e0       ?max_size@?$_Wrap_alloc@V?$allocator@D@std@@@std@@QBEIXZ 004099e0 f i AboutBox.obj
 0001:00008a00       ?max_size@?$allocator@D@std@@QBEIXZ 00409a00 f i AboutBox.obj
 0001:00008a20       ?max_size@?$allocator_traits@V?$allocator@D@std@@@std@@SAIABV?$allocator@D@2@@Z 00409a20 f i AboutBox.obj
 0001:00008a30       ?max_size@?$basic_string@DU?$char_traits@D@std@@V?$allocator@D@2@@std@@QBEIXZ 00409a30 f i AboutBox.obj
 0001:00008a80       ?message@_Generic_error_category@std@@UBE?AV?$basic_string@DU?$char_traits@D@std@@V?$allocator@D@2@@2@H@Z 00409a80 f i AboutBox.obj
 0001:00008af0       ?message@_Iostream_error_category@std@@UBE?AV?$basic_string@DU?$char_traits@D@std@@V?$allocator@D@2@@2@H@Z 00409af0 f i AboutBox.obj
 0001:00008b60       ?message@_System_error_category@std@@UBE?AV?$basic_string@DU?$char_traits@D@std@@V?$allocator@D@2@@2@H@Z 00409b60 f i AboutBox.obj
 0001:00008bd0       ?move@?$char_traits@D@std@@SAPADPADPBDI@Z 00409bd0 f i AboutBox.obj
 0001:00008c10       ?name@_Generic_error_category@std@@UBEPBDXZ 00409c10 f i AboutBox.obj
 0001:00008c30       ?name@_Iostream_error_category@std@@UBEPBDXZ 00409c30 f i AboutBox.obj
 0001:00008c50       ?name@_System_error_category@std@@UBEPBDXZ 00409c50 f i AboutBox.obj
 0001:00008c70       ?size@?$basic_string@DU?$char_traits@D@std@@V?$allocator@D@2@@std@@QBEIXZ 00409c70 f i AboutBox.obj
 0001:00008c90       ?system_category@std@@YAABVerror_category@1@XZ 00409c90 f i AboutBox.obj
 0001:00008ca0       ?value@error_code@std@@QBEHXZ 00409ca0 f i AboutBox.obj
 0001:00008cc0       ?value@error_condition@std@@QBEHXZ 00409cc0 f i AboutBox.obj
 0001:00008ce0       _hypot                     00409ce0 f i AboutBox.obj
 0001:00008d10       ??0AccelKeys@@QAE@XZ       00409d10 f   AccelKeys.obj
 0001:00008ff0       ?TranslateAccelKeys@AccelKeys@@QAE_NPAUtagMSG@@@Z 00409ff0 f   AccelKeys.obj
 0001:00009040       ??1AccelKeys@@UAE@XZ       0040a040 f   AccelKeys.obj
 0001:00009140       ??_EAccelKeys@@UAEPAXI@Z   0040a140 f i AccelKeys.obj
 0001:00009140       ??_GAccelKeys@@UAEPAXI@Z   0040a140 f i AccelKeys.obj
 0001:00009180       ??0AuthDialog@@QAE@XZ      0040a180 f   AuthDialog.obj
 0001:000091c0       ??1AuthDialog@@UAE@XZ      0040a1c0 f   AuthDialog.obj
 0001:000091e0       ?DoDialog@AuthDialog@@QAEH_NQADH00@Z 0040a1e0 f   AuthDialog.obj
 0001:00009310       ?DlgProc@AuthDialog@@SGHPAUHWND__@@IIJ@Z 0040a310 f   AuthDialog.obj
 0001:00009500       ?DlgProc1@AuthDialog@@SGHPAUHWND__@@IIJ@Z 0040a500 f   AuthDialog.obj
 0001:00009810       ??$SafeGetWindowUserData@VAuthDialog@@@helper@@YAPAVAuthDialog@@PAUHWND__@@@Z 0040a810 f i AuthDialog.obj
 0001:00009830       ??$strcat_s@$0PK@@@YAHAAY0PK@DPBD@Z 0040a830 f i AuthDialog.obj
 0001:00009850       ??$strcpy_s@$0PK@@@YAHAAY0PK@DPBD@Z 0040a850 f i AuthDialog.obj
 0001:00009870       ??_EAuthDialog@@UAEPAXI@Z  0040a870 f i AuthDialog.obj
 0001:00009870       ??_GAuthDialog@@UAEPAXI@Z  0040a870 f i AuthDialog.obj
 0001:000098d0       ?ReconnectThreadProc@@YGKPAX@Z 0040a8d0 f   ClientConnection.obj
 0001:00009a00       ?HandleQuickOption@ClientConnection@@QAEXXZ 0040aa00 f   ClientConnection.obj
 0001:00009bb0       ?RebuildToolbar@ClientConnection@@QAEXPAUHWND__@@@Z 0040abb0 f   ClientConnection.obj
 0001:00009c90       ?GTGBS_CreateDisplay@ClientConnection@@QAEXXZ 0040ac90 f   ClientConnection.obj
 0001:00009df0       ?GTGBS_ScrollToolbar@ClientConnection@@QAEXHH@Z 0040adf0 f   ClientConnection.obj
 0001:00009e00       ?CreateButtons@ClientConnection@@QAEXHH@Z 0040ae00 f   ClientConnection.obj
 0001:0000ae00       ??0ClientConnection@@QAE@PAVVNCviewerApp@@@Z 0040be00 f   ClientConnection.obj
 0001:0000afe0       ??0ClientConnection@@QAE@PAVVNCviewerApp@@I@Z 0040bfe0 f   ClientConnection.obj
 0001:0000b280       ??0ClientConnection@@QAE@PAVVNCviewerApp@@PADH@Z 0040c280 f   ClientConnection.obj
 0001:0000b4f0       ??1ClientConnection@@UAE@XZ 0040c4f0 f   ClientConnection.obj
 0001:0000bc90       ?CloseWindows@ClientConnection@@QAEXXZ 0040cc90 f   ClientConnection.obj
 0001:0000bd00       ?Run@ClientConnection@@QAEXXZ 0040cd00 f   ClientConnection.obj
 0001:0000be80       ?KillThread@ClientConnection@@QAEXXZ 0040ce80 f   ClientConnection.obj
 0001:0000bf10       ?SuspendThread@ClientConnection@@QAEXXZ 0040cf10 f   ClientConnection.obj
 0001:0000c0f0       ?SetSendTimeout@ClientConnection@@QAE_NH@Z 0040d0f0 f   ClientConnection.obj
 0001:0000c150       ?SetRecvTimeout@ClientConnection@@QAE_NH@Z 0040d150 f   ClientConnection.obj
 0001:0000c1b0       ?SendKeepAlive@ClientConnection@@QAEX_N0@Z 0040d1b0 f   ClientConnection.obj
 0001:0000c230       ?Internal_SendKeepAlive@ClientConnection@@QAEX_N@Z 0040d230 f   ClientConnection.obj
 0001:0000c3f0       ?WndProc@ClientConnection@@CGJPAUHWND__@@IIJ@Z 0040d3f0 f   ClientConnection.obj
 0001:0000f800       ?WndProcTBwin@ClientConnection@@CGJPAUHWND__@@IIJ@Z 00410800 f   ClientConnection.obj
 0001:00010010       ?WndProchwnd@ClientConnection@@CGJPAUHWND__@@IIJ@Z 00411010 f   ClientConnection.obj
 0001:00010e20       ?Init@ClientConnection@@AAEXPAVVNCviewerApp@@@Z 00411e20 f   ClientConnection.obj
 0001:00011840       ?CreateDisplay@ClientConnection@@AAEXXZ 00412840 f   ClientConnection.obj
 0001:000122c0       ?UpdateMenuItems@ClientConnection@@AAEXXZ 004132c0 f   ClientConnection.obj
 0001:000125b0       ?GTGBS_CreateToolbar@ClientConnection@@AAEXXZ 004135b0 f   ClientConnection.obj
 0001:00012bd0       ?GTGBS_ShowConnectWindow@ClientConnection@@AAEPAUHWND__@@XZ 00413bd0 f   ClientConnection.obj
 0001:00012c20       ?GTGBS_ShowStatusWindow@ClientConnection@@CGJPAX@Z 00413c20 f   ClientConnection.obj
 0001:00012c70       ?GTGBS_StatusProc@ClientConnection@@CGJPAUHWND__@@IIJ@Z 00413c70 f   ClientConnection.obj
 0001:000131e0       ?GTGBS_SendCustomKey_proc@ClientConnection@@CGJPAUHWND__@@IIJ@Z 004141e0 f   ClientConnection.obj
 0001:000133e0       ?LoadDSMPlugin@ClientConnection@@AAEX_N@Z 004143e0 f   ClientConnection.obj
 0001:00013570       ?SetDSMPluginStuff@ClientConnection@@AAEXXZ 00414570 f   ClientConnection.obj
 0001:000138d0       ?GetConnectDetails@ClientConnection@@AAEXXZ 004148d0 f   ClientConnection.obj
 0001:00013c50       ?Connect@ClientConnection@@AAEXXZ 00414c50 f   ClientConnection.obj
 0001:00014080       ?ConnectProxy@ClientConnection@@AAEXXZ 00415080 f   ClientConnection.obj
 0001:00014410       ?SetSocketOptions@ClientConnection@@AAEXXZ 00415410 f   ClientConnection.obj
 0001:00014500       ?Authenticate@ClientConnection@@AAEXAAV?$vector@KV?$allocator@K@std@@@std@@@Z 00415500 f   ClientConnection.obj
 0001:00014b80       ?AuthenticateServer@ClientConnection@@AAEXKAAV?$vector@KV?$allocator@K@std@@@std@@@Z 00415b80 f   ClientConnection.obj
 0001:000156b0       ?NegotiateProtocolVersion@ClientConnection@@AAEXXZ 004166b0 f   ClientConnection.obj
 0001:00015fa0       ?AuthVnc@ClientConnection@@AAEXXZ 00416fa0 f   ClientConnection.obj
 0001:00016300       ?AuthSCPrompt@ClientConnection@@AAEXXZ 00417300 f   ClientConnection.obj
 0001:00016470       ?AuthSessionSelect@ClientConnection@@AAEXXZ 00417470 f   ClientConnection.obj
 0001:00016510       ?AuthMsLogonI@ClientConnection@@AAEXXZ 00417510 f   ClientConnection.obj
 0001:00016b20       ?AuthMsLogonII@ClientConnection@@AAEXXZ 00417b20 f   ClientConnection.obj
 0001:00016f20       ?AuthSecureVNCPlugin@ClientConnection@@AAEXXZ 00417f20 f   ClientConnection.obj
 0001:000176d0       ?AuthSecureVNCPlugin_old@ClientConnection@@AAEXXZ 004186d0 f   ClientConnection.obj
 0001:00017df0       ?NegotiateProxy@ClientConnection@@AAEXXZ 00418df0 f   ClientConnection.obj
 0001:00018130       ?ReadServerInit@ClientConnection@@AAEXXZ 00419130 f   ClientConnection.obj
 0001:000185e0       ?SendClientInit@ClientConnection@@AAEXXZ 004195e0 f   ClientConnection.obj
 0001:00018620       ?CreateLocalFramebuffer@ClientConnection@@AAEXXZ 00419620 f   ClientConnection.obj
 0001:00018650       ?SetupPixelFormat@ClientConnection@@AAEXXZ 00419650 f   ClientConnection.obj
 0001:00018930       ?SetFormatAndEncodings@ClientConnection@@AAEXXZ 00419930 f   ClientConnection.obj
 0001:000191e0       ?HandleFramebufferUpdateRequest@ClientConnection@@AAEXIJ@Z 0041a1e0 f   ClientConnection.obj
 0001:00019220       ?SendIncrementalFramebufferUpdateRequest@ClientConnection@@AAEX_N@Z 0041a220 f   ClientConnection.obj
 0001:00019240       ?SendFullFramebufferUpdateRequest@ClientConnection@@AAEX_N@Z 0041a240 f   ClientConnection.obj
 0001:00019260       ?SendAppropriateFramebufferUpdateRequest@ClientConnection@@AAEX_N@Z 0041a260 f   ClientConnection.obj
 0001:00019280       ?SendFramebufferUpdateRequest@ClientConnection@@AAEXI_N@Z 0041a280 f   ClientConnection.obj
 0001:000192d0       ?Internal_SendIncrementalFramebufferUpdateRequest@ClientConnection@@AAEXXZ 0041a2d0 f   ClientConnection.obj
 0001:00019300       ?Internal_SendFullFramebufferUpdateRequest@ClientConnection@@AAEXXZ 0041a300 f   ClientConnection.obj
 0001:00019330       ?Internal_SendAppropriateFramebufferUpdateRequest@ClientConnection@@AAEXXZ 0041a330 f   ClientConnection.obj
 0001:00019620       ?Internal_SendFramebufferUpdateRequest@ClientConnection@@AAEXHHHH_N@Z 0041a620 f   ClientConnection.obj
 0001:00019750       ?FlushThrottledMouseMove@ClientConnection@@AAE_NXZ 0041a750 f   ClientConnection.obj
 0001:000197f0       ??0PendingMouseMove@ClientConnection@@QAE@XZ 0041a7f0 f   ClientConnection.obj
 0001:00019840       ?SizeWindow@ClientConnection@@AAEXXZ 0041a840 f   ClientConnection.obj
 0001:0001a280       ?ScrollScreen@ClientConnection@@AAE_NHH@Z 0041b280 f   ClientConnection.obj
 0001:0001a470       ?ReadNewFBSize@ClientConnection@@AAEXPAUrfbFramebufferUpdateRectHeader@@@Z 0041b470 f   ClientConnection.obj
 0001:0001a520       ?SendClientCutText@ClientConnection@@AAEXPADH@Z 0041b520 f   ClientConnection.obj
 0001:0001a730       ?ReadServerCutText@ClientConnection@@AAEXXZ 0041b730 f   ClientConnection.obj
 0001:0001aa80       ?NotifyPluginStreamingSupport@ClientConnection@@AAEXXZ 0041ba80 f   ClientConnection.obj
 0001:0001aac0       ?ReadBell@ClientConnection@@AAEXXZ 0041bac0 f   ClientConnection.obj
 0001:0001ab70       ?ReadExactProxy@ClientConnection@@AAEXPADH@Z 0041bb70 f   ClientConnection.obj
 0001:0001ac70       ?ReadString@ClientConnection@@AAEXPADH@Z 0041bc70 f   ClientConnection.obj
 0001:0001acc0       ?Send@ClientConnection@@AAEHPBDIH@Z 0041bcc0 f   ClientConnection.obj
 0001:0001ae50       ?Write_timeout@ClientConnection@@AAEXPADHH_N@Z 0041be50 f   ClientConnection.obj
 0001:0001ae80       ?WriteTransformed_timeout@ClientConnection@@AAEXPADHH_N@Z 0041be80 f   ClientConnection.obj
 0001:0001af90       ?WriteTransformed_timeout@ClientConnection@@AAEXPADHEH_N@Z 0041bf90 f   ClientConnection.obj
 0001:0001b020       ?WriteExact_timeout@ClientConnection@@AAEXPADHH@Z 0041c020 f   ClientConnection.obj
 0001:0001b050       ?WriteExact_timeout@ClientConnection@@AAEXPADHEH@Z 0041c050 f   ClientConnection.obj
 0001:0001b080       ?Write@ClientConnection@@AAEXPADH_N1H@Z 0041c080 f   ClientConnection.obj
 0001:0001b2b0       ?WriteTransformed@ClientConnection@@AAEXPADH_N@Z 0041c2b0 f   ClientConnection.obj
 0001:0001b3c0       ?WriteTransformed@ClientConnection@@AAEXPADHE_N@Z 0041c3c0 f   ClientConnection.obj
 0001:0001b440       ?WriteExact@ClientConnection@@AAEXPADH@Z 0041c440 f   ClientConnection.obj
 0001:0001b460       ?WriteExactProxy@ClientConnection@@AAEXPADH@Z 0041c460 f   ClientConnection.obj
 0001:0001b490       ?WriteExact@ClientConnection@@AAEXPADHE@Z 0041c490 f   ClientConnection.obj
 0001:0001b4c0       ?WriteQueue@ClientConnection@@AAEXPADH@Z 0041c4c0 f   ClientConnection.obj
 0001:0001b4f0       ?WriteExactQueue@ClientConnection@@AAEXPADH@Z 0041c4f0 f   ClientConnection.obj
 0001:0001b510       ?WriteExactQueue@ClientConnection@@AAEXPADHE@Z 0041c510 f   ClientConnection.obj
 0001:0001b540       ?WriteExactQueue_timeout@ClientConnection@@AAEXPADHH@Z 0041c540 f   ClientConnection.obj
 0001:0001b570       ?WriteExactQueue_timeout@ClientConnection@@AAEXPADHEH@Z 0041c570 f   ClientConnection.obj
 0001:0001b5a0       ?FlushOutstandingWriteQueue@ClientConnection@@AAEXAAPADAAH_NH@Z 0041c5a0 f   ClientConnection.obj
 0001:0001b7c0       ?FlushWriteQueue@ClientConnection@@AAEX_NH@Z 0041c7c0 f   ClientConnection.obj
 0001:0001b7f0       ?ReadExactProtocolVersion@ClientConnection@@AAEXPADHAA_N@Z 0041c7f0 f   ClientConnection.obj
 0001:0001bd40       ?GetFriendlySizeString@ClientConnection@@AAEX_JPAD@Z 0041cd40 f   ClientConnection.obj
 0001:0001bf00       ?UpdateStatusFields@ClientConnection@@AAEXXZ 0041cf00 f   ClientConnection.obj
 0001:0001c4d0       ?run_undetached@ClientConnection@@EAEPAXPAX@Z 0041d4d0 f   ClientConnection.obj
 0001:0001ce70       ?SendServerScale@ClientConnection@@AAE_NH@Z 0041de70 f   ClientConnection.obj
 0001:0001ceb0       ?SendServerInput@ClientConnection@@AAE_NH@Z 0041deb0 f   ClientConnection.obj
 0001:0001cef0       ?SendSW@ClientConnection@@AAE_NHH@Z 0041def0 f   ClientConnection.obj
 0001:0001cfe0       ?ReadServerState@ClientConnection@@AAEXXZ 0041dfe0 f   ClientConnection.obj
 0001:0001d2e0       ?CheckBufferSize@ClientConnection@@AAEXH@Z 0041e2e0 f   ClientConnection.obj
 0001:0001d420       ?CheckZipBufferSize@ClientConnection@@AAEXH@Z 0041e420 f   ClientConnection.obj
 0001:0001d560       ?CheckFileZipBufferSize@ClientConnection@@AAEXH@Z 0041e560 f   ClientConnection.obj
 0001:0001d6a0       ?CheckFileChunkBufferSize@ClientConnection@@AAEXH@Z 0041e6a0 f   ClientConnection.obj
 0001:0001d7e0       ?TransformBuffer@ClientConnection@@AAEPAEPAEHPAH@Z 0041e7e0 f   ClientConnection.obj
 0001:0001d840       ?RestoreBufferStep1@ClientConnection@@AAEPAEPAEHPAH@Z 0041e840 f   ClientConnection.obj
 0001:0001d8a0       ?RestoreBufferStep2@ClientConnection@@AAEPAEPAEHPAH@Z 0041e8a0 f   ClientConnection.obj
 0001:0001d900       ?ShowConnInfo@ClientConnection@@AAEXXZ 0041e900 f   ClientConnection.obj
 0001:0001db40       ?SetDormant@ClientConnection@@AAEXH@Z 0041eb40 f   ClientConnection.obj
 0001:0001dbb0       ?WatchClipboard@ClientConnection@@AAEXXZ 0041ebb0 f   ClientConnection.obj
 0001:0001dc20       ?ConvertAll@ClientConnection@@AAEXHHHHHPAE0H@Z 0041ec20 f   ClientConnection.obj
 0001:0001dce0       ?ConvertPixel@ClientConnection@@AAEXHHHPAE0H@Z 0041ece0 f   ClientConnection.obj
 0001:0001dd60       ?Copybuffer@ClientConnection@@AAEXHHHHHPAE0H@Z 0041ed60 f   ClientConnection.obj
 0001:0001de30       ?Copyto0buffer@ClientConnection@@AAEXHHHHHPAE0H@Z 0041ee30 f   ClientConnection.obj
 0001:0001def0       ?Copyfrom0buffer@ClientConnection@@AAEXHHHHHPAE0H@Z 0041eef0 f   ClientConnection.obj
 0001:0001dfb0       ?Switchbuffer@ClientConnection@@AAEXHHHHHPAE0H@Z 0041efb0 f   ClientConnection.obj
 0001:0001e0d0       ?ConvertPixel_to_bpp_from_32@ClientConnection@@AAEXHHHPAE0H@Z 0041f0d0 f   ClientConnection.obj
 0001:0001e370       ?SolidColor@ClientConnection@@AAEXHHHHHPAE0H@Z 0041f370 f   ClientConnection.obj
 0001:0001e440       ?Createdib@ClientConnection@@AAEXXZ 0041f440 f   ClientConnection.obj
 0001:0001eca0       ?Check_Rectangle_borders@ClientConnection@@AAE_NHHHH@Z 0041fca0 f   ClientConnection.obj
 0001:0001ed20       ?Reconnect@ClientConnection@@AAEXXZ 0041fd20 f   ClientConnection.obj
 0001:0001ee40       ?DoConnection@ClientConnection@@QAEXXZ 0041fe40 f   ClientConnection.obj
 0001:0001ef80       ?ReadExact@ClientConnection@@QAEXPADH@Z 0041ff80 f   ClientConnection.obj
 0001:0001f270       ?DialogProc@@YGHPAUHWND__@@IIJ@Z 00420270 f   ClientConnection.obj
 0001:0001f7e0       ?SocketTimeout@@YGKPAX@Z   004207e0 f   ClientConnection.obj
 0001:00025020       ??$?0U?$_Tree_node@U?$pair@$$CBK_W@std@@PAX@std@@@?$allocator@U_Container_proxy@std@@@std@@QAE@ABV?$allocator@U?$_Tree_node@U?$pair@$$CBK_W@std@@PAX@std@@@1@@Z 00426020 f i ClientConnection.obj
 0001:00025040       ??$?0U?$_Tree_node@U?$pair@$$CB_WK@std@@PAX@std@@@?$allocator@U_Container_proxy@std@@@std@@QAE@ABV?$allocator@U?$_Tree_node@U?$pair@$$CB_WK@std@@PAX@std@@@1@@Z 00426040 f i ClientConnection.obj
 0001:00025060       ??$?0U?$_Wrap_alloc@V?$allocator@U?$_Tree_node@U?$pair@$$CBK_W@std@@PAX@std@@@std@@@std@@@?$_Wrap_alloc@V?$allocator@U_Container_proxy@std@@@std@@@std@@QAE@ABU?$_Wrap_alloc@V?$allocator@U?$_Tree_node@U?$pair@$$CBK_W@std@@PAX@std@@@std@@@1@@Z 00426060 f i ClientConnection.obj
 0001:00025090       ??$?0U?$_Wrap_alloc@V?$allocator@U?$_Tree_node@U?$pair@$$CB_WK@std@@PAX@std@@@std@@@std@@@?$_Wrap_alloc@V?$allocator@U_Container_proxy@std@@@std@@@std@@QAE@ABU?$_Wrap_alloc@V?$allocator@U?$_Tree_node@U?$pair@$$CB_WK@std@@PAX@std@@@std@@@1@@Z 00426090 f i ClientConnection.obj
 0001:000250c0       ??$?8DD@std@@YA_NABV?$allocator@D@0@0@Z 004260c0 f i ClientConnection.obj
 0001:000250d0       ??$?8V?$allocator@D@std@@V01@@std@@YA_NABU?$_Wrap_alloc@V?$allocator@D@std@@@0@0@Z 004260d0 f i ClientConnection.obj
 0001:00025110       ??$?9V?$allocator@D@std@@V01@@std@@YA_NABU?$_Wrap_alloc@V?$allocator@D@std@@@0@0@Z 00426110 f i ClientConnection.obj
 0001:00025150       ??$SafeGetWindowUserData@VClientConnection@@@helper@@YAPAVClientConnection@@PAUHWND__@@@Z 00426150 f i ClientConnection.obj
 0001:00025170       ??$_Allocate@E@std@@YAPAEIPAE@Z 00426170 f i ClientConnection.obj
 0001:000251c0       ??$_Allocate@K@std@@YAPAKIPAK@Z 004261c0 f i ClientConnection.obj
 0001:00025210       ??$_Debug_pointer@E@std@@YAXPAEPB_WI@Z 00426210 f i ClientConnection.obj
 0001:00025240       ??$_Debug_pointer@K@std@@YAXPAKPB_WI@Z 00426240 f i ClientConnection.obj
 0001:00025270       ??$_Debug_pointer@V?$_Vector_iterator@V?$_Vector_val@U?$_Simple_types@E@std@@@std@@@std@@@std@@YAXAAV?$_Vector_iterator@V?$_Vector_val@U?$_Simple_types@E@std@@@std@@@0@PB_WI@Z 00426270 f i ClientConnection.obj
 0001:00025280       ??$_Debug_pointer@V?$_Vector_iterator@V?$_Vector_val@U?$_Simple_types@K@std@@@std@@@std@@@std@@YAXAAV?$_Vector_iterator@V?$_Vector_val@U?$_Simple_types@K@std@@@std@@@0@PB_WI@Z 00426280 f i ClientConnection.obj
 0001:00025290       ??$_Debug_range2@PAE@std@@YAXPAE0PB_WIUrandom_access_iterator_tag@0@@Z 00426290 f i ClientConnection.obj
 0001:00025300       ??$_Debug_range2@PAK@std@@YAXPAK0PB_WIUrandom_access_iterator_tag@0@@Z 00426300 f i ClientConnection.obj
 0001:00025370       ??$_Debug_range2@V?$_Vector_iterator@V?$_Vector_val@U?$_Simple_types@E@std@@@std@@@std@@@std@@YAXV?$_Vector_iterator@V?$_Vector_val@U?$_Simple_types@E@std@@@std@@@0@0PB_WIUrandom_access_iterator_tag@0@@Z 00426370 f i ClientConnection.obj
 0001:00025460       ??$_Debug_range2@V?$_Vector_iterator@V?$_Vector_val@U?$_Simple_types@K@std@@@std@@@std@@@std@@YAXV?$_Vector_iterator@V?$_Vector_val@U?$_Simple_types@K@std@@@std@@@0@0PB_WIUrandom_access_iterator_tag@0@@Z 00426460 f i ClientConnection.obj
 0001:00025550       ??$_Debug_range@PAE@std@@YAXPAE0PB_WI@Z 00426550 f i ClientConnection.obj
 0001:000255a0       ??$_Debug_range@PAK@std@@YAXPAK0PB_WI@Z 004265a0 f i ClientConnection.obj
 0001:000255f0       ??$_Debug_range@V?$_Vector_iterator@V?$_Vector_val@U?$_Simple_types@E@std@@@std@@@std@@@std@@YAXV?$_Vector_iterator@V?$_Vector_val@U?$_Simple_types@E@std@@@std@@@0@0PB_WI@Z 004265f0 f i ClientConnection.obj
 0001:000256d0       ??$_Debug_range@V?$_Vector_iterator@V?$_Vector_val@U?$_Simple_types@K@std@@@std@@@std@@@std@@YAXV?$_Vector_iterator@V?$_Vector_val@U?$_Simple_types@K@std@@@std@@@0@0PB_WI@Z 004266d0 f i ClientConnection.obj
 0001:000257b0       ??$_Destroy_range@U?$_Wrap_alloc@V?$allocator@E@std@@@std@@@std@@YAXPAE0AAU?$_Wrap_alloc@V?$allocator@E@std@@@0@@Z 004267b0 f i ClientConnection.obj
 0001:00025800       ??$_Destroy_range@U?$_Wrap_alloc@V?$allocator@E@std@@@std@@@std@@YAXPAE0AAU?$_Wrap_alloc@V?$allocator@E@std@@@0@U_Scalar_ptr_iterator_tag@0@@Z 00426800 f i ClientConnection.obj
 0001:00025810       ??$_Destroy_range@U?$_Wrap_alloc@V?$allocator@K@std@@@std@@@std@@YAXPAK0AAU?$_Wrap_alloc@V?$allocator@K@std@@@0@@Z 00426810 f i ClientConnection.obj
 0001:00025860       ??$_Destroy_range@U?$_Wrap_alloc@V?$allocator@K@std@@@std@@@std@@YAXPAK0AAU?$_Wrap_alloc@V?$allocator@K@std@@@0@U_Scalar_ptr_iterator_tag@0@@Z 00426860 f i ClientConnection.obj
 0001:00025870       ??$_Find@PAEK@std@@YAPAEPAE0ABK@Z 00426870 f i ClientConnection.obj
 0001:000258a0       ??$_Find@PAEK@std@@YAPAEPAE0ABKU?$integral_constant@_N$00@0@@Z 004268a0 f i ClientConnection.obj
 0001:00025910       ??$_Find@PAKH@std@@YAPAKPAK0ABH@Z 00426910 f i ClientConnection.obj
 0001:00025940       ??$_Find@PAKH@std@@YAPAKPAK0ABHU?$integral_constant@_N$0A@@0@@Z 00426940 f i ClientConnection.obj
 0001:00025980       ??$_Find@PAKK@std@@YAPAKPAK0ABK@Z 00426980 f i ClientConnection.obj
 0001:000259b0       ??$_Find@PAKK@std@@YAPAKPAK0ABKU?$integral_constant@_N$0A@@0@@Z 004269b0 f i ClientConnection.obj
 0001:000259f0       ??$_Iter_cat@PAE@std@@YA?AUrandom_access_iterator_tag@0@ABQAE@Z 004269f0 f i ClientConnection.obj
 0001:00025a10       ??$_Iter_cat@PAK@std@@YA?AUrandom_access_iterator_tag@0@ABQAK@Z 00426a10 f i ClientConnection.obj
 0001:00025a30       ??$_Iter_cat@V?$_Vector_iterator@V?$_Vector_val@U?$_Simple_types@E@std@@@std@@@std@@@std@@YA?AUrandom_access_iterator_tag@0@ABV?$_Vector_iterator@V?$_Vector_val@U?$_Simple_types@E@std@@@std@@@0@@Z 00426a30 f i ClientConnection.obj
 0001:00025a50       ??$_Iter_cat@V?$_Vector_iterator@V?$_Vector_val@U?$_Simple_types@K@std@@@std@@@std@@@std@@YA?AUrandom_access_iterator_tag@0@ABV?$_Vector_iterator@V?$_Vector_val@U?$_Simple_types@K@std@@@std@@@0@@Z 00426a50 f i ClientConnection.obj
 0001:00025a70       ??$_Move@AAD@std@@YA$$QADAAD@Z 00426a70 f i ClientConnection.obj
 0001:00025a80       ??$_Ptr_cat@EE@std@@YA?AU_Scalar_ptr_iterator_tag@0@PAE0@Z 00426a80 f i ClientConnection.obj
 0001:00025a90       ??$_Ptr_cat@KK@std@@YA?AU_Scalar_ptr_iterator_tag@0@PAK0@Z 00426a90 f i ClientConnection.obj
 0001:00025aa0       ??$_Rechecked@PAEPAE@std@@YAAAPAEAAPAEPAE@Z 00426aa0 f i ClientConnection.obj
 0001:00025ac0       ??$_Rechecked@PAKPAK@std@@YAAAPAKAAPAKPAK@Z 00426ac0 f i ClientConnection.obj
 0001:00025ae0       ??$_Rechecked@V?$_Vector_val@U?$_Simple_types@E@std@@@std@@@std@@YAAAV?$_Vector_iterator@V?$_Vector_val@U?$_Simple_types@E@std@@@std@@@0@AAV10@PAE@Z 00426ae0 f i ClientConnection.obj
 0001:00025b00       ??$_Rechecked@V?$_Vector_val@U?$_Simple_types@K@std@@@std@@@std@@YAAAV?$_Vector_iterator@V?$_Vector_val@U?$_Simple_types@K@std@@@std@@@0@AAV10@PAK@Z 00426b00 f i ClientConnection.obj
 0001:00025b20       ??$_Umove@PAE@?$vector@EV?$allocator@E@std@@@std@@IAEPAEPAE00@Z 00426b20 f i ClientConnection.obj
 0001:00025b60       ??$_Umove@PAK@?$vector@KV?$allocator@K@std@@@std@@IAEPAKPAK00@Z 00426b60 f i ClientConnection.obj
 0001:00025ba0       ??$_Unchecked@PAE@std@@YAPAEPAE@Z 00426ba0 f i ClientConnection.obj
 0001:00025bb0       ??$_Unchecked@PAK@std@@YAPAKPAK@Z 00426bb0 f i ClientConnection.obj
 0001:00025bc0       ??$_Unchecked@V?$_Vector_val@U?$_Simple_types@E@std@@@std@@@std@@YAPAEV?$_Vector_iterator@V?$_Vector_val@U?$_Simple_types@E@std@@@std@@@0@@Z 00426bc0 f i ClientConnection.obj
 0001:00025c30       ??$_Unchecked@V?$_Vector_val@U?$_Simple_types@K@std@@@std@@@std@@YAPAKV?$_Vector_iterator@V?$_Vector_val@U?$_Simple_types@K@std@@@std@@@0@@Z 00426c30 f i ClientConnection.obj
 0001:00025ca0       ??$_Uninit_move@EEE@std@@YAPAEPAE00AAU?$_Wrap_alloc@V?$allocator@E@std@@@0@0U_Scalar_ptr_iterator_tag@0@@Z 00426ca0 f i ClientConnection.obj
 0001:00025d10       ??$_Uninit_move@KKK@std@@YAPAKPAK00AAU?$_Wrap_alloc@V?$allocator@K@std@@@0@0U_Scalar_ptr_iterator_tag@0@@Z 00426d10 f i ClientConnection.obj
 0001:00025d90       ??$_Uninit_move@PAEPAEU?$_Wrap_alloc@V?$allocator@E@std@@@std@@@std@@YAPAEPAE00AAU?$_Wrap_alloc@V?$allocator@E@std@@@0@@Z 00426d90 f i ClientConnection.obj
 0001:00025df0       ??$_Uninit_move@PAKPAKU?$_Wrap_alloc@V?$allocator@K@std@@@std@@@std@@YAPAKPAK00AAU?$_Wrap_alloc@V?$allocator@K@std@@@0@@Z 00426df0 f i ClientConnection.obj
 0001:00025e50       ??$_Uninitialized_move@PAEPAEU?$_Wrap_alloc@V?$allocator@E@std@@@std@@@std@@YAPAEPAE00AAU?$_Wrap_alloc@V?$allocator@E@std@@@0@@Z 00426e50 f i ClientConnection.obj
 0001:00025eb0       ??$_Uninitialized_move@PAKPAKU?$_Wrap_alloc@V?$allocator@K@std@@@std@@@std@@YAPAKPAK00AAU?$_Wrap_alloc@V?$allocator@K@std@@@0@@Z 00426eb0 f i ClientConnection.obj
 0001:00025f10       ??$_Val_type@PAE@std@@YAPAEPAE@Z 00426f10 f i ClientConnection.obj
 0001:00025f20       ??$_Val_type@PAK@std@@YAPAKPAK@Z 00426f20 f i ClientConnection.obj
 0001:00025f30       ??$_Within_limits@KU?$integral_constant@_N$00@std@@@std@@YA_NABKU?$integral_constant@_N$0A@@0@1U?$integral_constant@_N$00@0@@Z 00426f30 f i ClientConnection.obj
 0001:00025f60       ??$_Within_limits@PAEK@std@@YA_NPAEABK@Z 00426f60 f i ClientConnection.obj
 0001:00025fa0       ??$addressof@$$CBE@std@@YAPBEABE@Z 00426fa0 f i ClientConnection.obj
 0001:00025fb0       ??$addressof@$$CBK@std@@YAPBKABK@Z 00426fb0 f i ClientConnection.obj
 0001:00025fc0       ??$addressof@E@std@@YAPAEAAE@Z 00426fc0 f i ClientConnection.obj
 0001:00025fd0       ??$addressof@PAU?$_Tree_node@U?$pair@$$CBK_W@std@@PAX@std@@@std@@YAPAPAU?$_Tree_node@U?$pair@$$CBK_W@std@@PAX@0@AAPAU10@@Z 00426fd0 f i ClientConnection.obj
 0001:00025fe0       ??$addressof@PAU?$_Tree_node@U?$pair@$$CB_WK@std@@PAX@std@@@std@@YAPAPAU?$_Tree_node@U?$pair@$$CB_WK@std@@PAX@0@AAPAU10@@Z 00426fe0 f i ClientConnection.obj
 0001:00025ff0       ??$addressof@U?$pair@$$CBK_W@std@@@std@@YAPAU?$pair@$$CBK_W@0@AAU10@@Z 00426ff0 f i ClientConnection.obj
 0001:00026000       ??$addressof@U?$pair@$$CB_WK@std@@@std@@YAPAU?$pair@$$CB_WK@0@AAU10@@Z 00427000 f i ClientConnection.obj
 0001:00026010       ??$construct@EAAE@?$_Wrap_alloc@V?$allocator@E@std@@@std@@QAEXPAEAAE@Z 00427010 f i ClientConnection.obj
 0001:00026050       ??$construct@EAAE@?$allocator@E@std@@QAEXPAEAAE@Z 00427050 f i ClientConnection.obj
 0001:00026100       ??$construct@EAAE@?$allocator_traits@V?$allocator@E@std@@@std@@SAXAAV?$allocator@E@1@PAEAAE@Z 00427100 f i ClientConnection.obj
 0001:00026130       ??$construct@EABE@?$_Wrap_alloc@V?$allocator@E@std@@@std@@QAEXPAEABE@Z 00427130 f i ClientConnection.obj
 0001:00026170       ??$construct@EABE@?$allocator_traits@V?$allocator@E@std@@@std@@SAXAAV?$allocator@E@1@PAEABE@Z 00427170 f i ClientConnection.obj
 0001:000261a0       ??$construct@EE@?$_Wrap_alloc@V?$allocator@E@std@@@std@@QAEXPAE$$QAE@Z 004271a0 f i ClientConnection.obj
 0001:000261e0       ??$construct@EE@?$allocator@E@std@@QAEXPAE$$QAE@Z 004271e0 f i ClientConnection.obj
 0001:00026290       ??$construct@EE@?$allocator_traits@V?$allocator@E@std@@@std@@SAXAAV?$allocator@E@1@PAE$$QAE@Z 00427290 f i ClientConnection.obj
 0001:000262c0       ??$construct@KAAK@?$_Wrap_alloc@V?$allocator@K@std@@@std@@QAEXPAKAAK@Z 004272c0 f i ClientConnection.obj
 0001:00026300       ??$construct@KAAK@?$allocator@K@std@@QAEXPAKAAK@Z 00427300 f i ClientConnection.obj
 0001:000263b0       ??$construct@KAAK@?$allocator_traits@V?$allocator@K@std@@@std@@SAXAAV?$allocator@K@1@PAKAAK@Z 004273b0 f i ClientConnection.obj
 0001:000263e0       ??$construct@KABK@?$_Wrap_alloc@V?$allocator@K@std@@@std@@QAEXPAKABK@Z 004273e0 f i ClientConnection.obj
 0001:00026420       ??$construct@KABK@?$allocator_traits@V?$allocator@K@std@@@std@@SAXAAV?$allocator@K@1@PAKABK@Z 00427420 f i ClientConnection.obj
 0001:00026450       ??$construct@U_Container_proxy@std@@U12@@?$_Wrap_alloc@V?$allocator@U_Container_proxy@std@@@std@@@std@@QAEXPAU_Container_proxy@1@$$QAU21@@Z 00427450 f i ClientConnection.obj
 0001:00026490       ??$construct@U_Container_proxy@std@@U12@@?$allocator_traits@V?$allocator@U_Container_proxy@std@@@std@@@std@@SAXAAV?$allocator@U_Container_proxy@std@@@1@PAU_Container_proxy@1@$$QAU31@@Z 00427490 f i ClientConnection.obj
 0001:000264c0       ??$destroy@PAU?$_Tree_node@U?$pair@$$CBK_W@std@@PAX@std@@@?$_Wrap_alloc@V?$allocator@U?$_Tree_node@U?$pair@$$CBK_W@std@@PAX@std@@@std@@@std@@QAEXPAPAU?$_Tree_node@U?$pair@$$CBK_W@std@@PAX@1@@Z 004274c0 f i ClientConnection.obj
 0001:000264f0       ??$destroy@PAU?$_Tree_node@U?$pair@$$CBK_W@std@@PAX@std@@@?$allocator@U?$_Tree_node@U?$pair@$$CBK_W@std@@PAX@std@@@std@@QAEXPAPAU?$_Tree_node@U?$pair@$$CBK_W@std@@PAX@1@@Z 004274f0 f i ClientConnection.obj
 0001:00026500       ??$destroy@PAU?$_Tree_node@U?$pair@$$CBK_W@std@@PAX@std@@@?$allocator_traits@V?$allocator@U?$_Tree_node@U?$pair@$$CBK_W@std@@PAX@std@@@std@@@std@@SAXAAV?$allocator@U?$_Tree_node@U?$pair@$$CBK_W@std@@PAX@std@@@1@PAPAU?$_Tree_node@U?$pair@$$CBK_W@std@@PAX@1@@Z 00427500 f i ClientConnection.obj
 0001:00026520       ??$destroy@PAU?$_Tree_node@U?$pair@$$CB_WK@std@@PAX@std@@@?$_Wrap_alloc@V?$allocator@U?$_Tree_node@U?$pair@$$CB_WK@std@@PAX@std@@@std@@@std@@QAEXPAPAU?$_Tree_node@U?$pair@$$CB_WK@std@@PAX@1@@Z 00427520 f i ClientConnection.obj
 0001:00026550       ??$destroy@PAU?$_Tree_node@U?$pair@$$CB_WK@std@@PAX@std@@@?$allocator@U?$_Tree_node@U?$pair@$$CB_WK@std@@PAX@std@@@std@@QAEXPAPAU?$_Tree_node@U?$pair@$$CB_WK@std@@PAX@1@@Z 00427550 f i ClientConnection.obj
 0001:00026560       ??$destroy@PAU?$_Tree_node@U?$pair@$$CB_WK@std@@PAX@std@@@?$allocator_traits@V?$allocator@U?$_Tree_node@U?$pair@$$CB_WK@std@@PAX@std@@@std@@@std@@SAXAAV?$allocator@U?$_Tree_node@U?$pair@$$CB_WK@std@@PAX@std@@@1@PAPAU?$_Tree_node@U?$pair@$$CB_WK@std@@PAX@1@@Z 00427560 f i ClientConnection.obj
 0001:00026580       ??$destroy@U?$pair@$$CBK_W@std@@@?$_Wrap_alloc@V?$allocator@U?$_Tree_node@U?$pair@$$CBK_W@std@@PAX@std@@@std@@@std@@QAEXPAU?$pair@$$CBK_W@1@@Z 00427580 f i ClientConnection.obj
 0001:000265b0       ??$destroy@U?$pair@$$CBK_W@std@@@?$allocator@U?$_Tree_node@U?$pair@$$CBK_W@std@@PAX@std@@@std@@QAEXPAU?$pair@$$CBK_W@1@@Z 004275b0 f i ClientConnection.obj
 0001:000265c0       ??$destroy@U?$pair@$$CBK_W@std@@@?$allocator_traits@V?$allocator@U?$_Tree_node@U?$pair@$$CBK_W@std@@PAX@std@@@std@@@std@@SAXAAV?$allocator@U?$_Tree_node@U?$pair@$$CBK_W@std@@PAX@std@@@1@PAU?$pair@$$CBK_W@1@@Z 004275c0 f i ClientConnection.obj
 0001:000265e0       ??$destroy@U?$pair@$$CB_WK@std@@@?$_Wrap_alloc@V?$allocator@U?$_Tree_node@U?$pair@$$CB_WK@std@@PAX@std@@@std@@@std@@QAEXPAU?$pair@$$CB_WK@1@@Z 004275e0 f i ClientConnection.obj
 0001:00026610       ??$destroy@U?$pair@$$CB_WK@std@@@?$allocator@U?$_Tree_node@U?$pair@$$CB_WK@std@@PAX@std@@@std@@QAEXPAU?$pair@$$CB_WK@1@@Z 00427610 f i ClientConnection.obj
 0001:00026620       ??$destroy@U?$pair@$$CB_WK@std@@@?$allocator_traits@V?$allocator@U?$_Tree_node@U?$pair@$$CB_WK@std@@PAX@std@@@std@@@std@@SAXAAV?$allocator@U?$_Tree_node@U?$pair@$$CB_WK@std@@PAX@std@@@1@PAU?$pair@$$CB_WK@1@@Z 00427620 f i ClientConnection.obj
 0001:00026640       ??$destroy@U_Container_proxy@std@@@?$_Wrap_alloc@V?$allocator@U_Container_proxy@std@@@std@@@std@@QAEXPAU_Container_proxy@1@@Z 00427640 f i ClientConnection.obj
 0001:00026670       ??$destroy@U_Container_proxy@std@@@?$allocator_traits@V?$allocator@U_Container_proxy@std@@@std@@@std@@SAXAAV?$allocator@U_Container_proxy@std@@@1@PAU_Container_proxy@1@@Z 00427670 f i ClientConnection.obj
 0001:00026690       ??$find@V?$_Vector_iterator@V?$_Vector_val@U?$_Simple_types@E@std@@@std@@@std@@K@std@@YA?AV?$_Vector_iterator@V?$_Vector_val@U?$_Simple_types@E@std@@@std@@@0@V10@0ABK@Z 00427690 f i ClientConnection.obj
 0001:00026800       ??$find@V?$_Vector_iterator@V?$_Vector_val@U?$_Simple_types@K@std@@@std@@@std@@H@std@@YA?AV?$_Vector_iterator@V?$_Vector_val@U?$_Simple_types@K@std@@@std@@@0@V10@0ABH@Z 00427800 f i ClientConnection.obj
 0001:00026970       ??$find@V?$_Vector_iterator@V?$_Vector_val@U?$_Simple_types@K@std@@@std@@@std@@K@std@@YA?AV?$_Vector_iterator@V?$_Vector_val@U?$_Simple_types@K@std@@@std@@@0@V10@0ABK@Z 00427970 f i ClientConnection.obj
 0001:00026ae0       ??$forward@AAE@std@@YAAAEAAE@Z 00427ae0 f i ClientConnection.obj
 0001:00026af0       ??$forward@AAK@std@@YAAAKAAK@Z 00427af0 f i ClientConnection.obj
 0001:00026b00       ??$forward@ABE@std@@YAABEABE@Z 00427b00 f i ClientConnection.obj
 0001:00026b10       ??$forward@ABK@std@@YAABKABK@Z 00427b10 f i ClientConnection.obj
 0001:00026b20       ??$forward@E@std@@YA$$QAEAAE@Z 00427b20 f i ClientConnection.obj
 0001:00026b30       ??$swap@D@std@@YAXAAD0@Z   00427b30 f i ClientConnection.obj
 0001:00026b80       ??0?$_Iterator012@Ubidirectional_iterator_tag@std@@U?$pair@$$CBK_W@2@HPBU32@ABU32@U_Iterator_base12@2@@std@@QAE@ABU01@@Z 00427b80 f i ClientConnection.obj
 0001:00026bb0       ??0?$_Iterator012@Ubidirectional_iterator_tag@std@@U?$pair@$$CBK_W@2@HPBU32@ABU32@U_Iterator_base12@2@@std@@QAE@XZ 00427bb0 f i ClientConnection.obj
 0001:00026bd0       ??0?$_Iterator012@Ubidirectional_iterator_tag@std@@U?$pair@$$CB_WK@2@HPBU32@ABU32@U_Iterator_base12@2@@std@@QAE@ABU01@@Z 00427bd0 f i ClientConnection.obj
 0001:00026c00       ??0?$_Iterator012@Ubidirectional_iterator_tag@std@@U?$pair@$$CB_WK@2@HPBU32@ABU32@U_Iterator_base12@2@@std@@QAE@XZ 00427c00 f i ClientConnection.obj
 0001:00026c20       ??0?$_Iterator012@Urandom_access_iterator_tag@std@@EHPBEABEU_Iterator_base12@2@@std@@QAE@ABU01@@Z 00427c20 f i ClientConnection.obj
 0001:00026c50       ??0?$_Iterator012@Urandom_access_iterator_tag@std@@EHPBEABEU_Iterator_base12@2@@std@@QAE@XZ 00427c50 f i ClientConnection.obj
 0001:00026c70       ??0?$_Iterator012@Urandom_access_iterator_tag@std@@KHPBKABKU_Iterator_base12@2@@std@@QAE@ABU01@@Z 00427c70 f i ClientConnection.obj
 0001:00026ca0       ??0?$_Iterator012@Urandom_access_iterator_tag@std@@KHPBKABKU_Iterator_base12@2@@std@@QAE@XZ 00427ca0 f i ClientConnection.obj
 0001:00026cc0       ??0?$_Tree_const_iterator@V?$_Tree_val@U?$_Tree_simple_types@U?$pair@$$CBK_W@std@@@std@@@std@@@std@@QAE@ABV01@@Z 00427cc0 f i ClientConnection.obj
 0001:00026cf0       ??0?$_Tree_const_iterator@V?$_Tree_val@U?$_Tree_simple_types@U?$pair@$$CBK_W@std@@@std@@@std@@@std@@QAE@PAU?$_Tree_node@U?$pair@$$CBK_W@std@@PAX@1@PBV?$_Tree_val@U?$_Tree_simple_types@U?$pair@$$CBK_W@std@@@std@@@1@@Z 00427cf0 f i ClientConnection.obj
 0001:00026d20       ??0?$_Tree_const_iterator@V?$_Tree_val@U?$_Tree_simple_types@U?$pair@$$CB_WK@std@@@std@@@std@@@std@@QAE@ABV01@@Z 00427d20 f i ClientConnection.obj
 0001:00026d50       ??0?$_Tree_const_iterator@V?$_Tree_val@U?$_Tree_simple_types@U?$pair@$$CB_WK@std@@@std@@@std@@@std@@QAE@PAU?$_Tree_node@U?$pair@$$CB_WK@std@@PAX@1@PBV?$_Tree_val@U?$_Tree_simple_types@U?$pair@$$CB_WK@std@@@std@@@1@@Z 00427d50 f i ClientConnection.obj
 0001:00026d80       ??0?$_Tree_iterator@V?$_Tree_val@U?$_Tree_simple_types@U?$pair@$$CBK_W@std@@@std@@@std@@@std@@QAE@PAU?$_Tree_node@U?$pair@$$CBK_W@std@@PAX@1@PBV?$_Tree_val@U?$_Tree_simple_types@U?$pair@$$CBK_W@std@@@std@@@1@@Z 00427d80 f i ClientConnection.obj
 0001:00026db0       ??0?$_Tree_iterator@V?$_Tree_val@U?$_Tree_simple_types@U?$pair@$$CB_WK@std@@@std@@@std@@@std@@QAE@PAU?$_Tree_node@U?$pair@$$CB_WK@std@@PAX@1@PBV?$_Tree_val@U?$_Tree_simple_types@U?$pair@$$CB_WK@std@@@std@@@1@@Z 00427db0 f i ClientConnection.obj
 0001:00026de0       ??0?$_Tree_unchecked_const_iterator@V?$_Tree_val@U?$_Tree_simple_types@U?$pair@$$CBK_W@std@@@std@@@std@@U_Iterator_base12@2@@std@@QAE@ABV01@@Z 00427de0 f i ClientConnection.obj
 0001:00026e20       ??0?$_Tree_unchecked_const_iterator@V?$_Tree_val@U?$_Tree_simple_types@U?$pair@$$CBK_W@std@@@std@@@std@@U_Iterator_base12@2@@std@@QAE@PAU?$_Tree_node@U?$pair@$$CBK_W@std@@PAX@1@PBV?$_Tree_val@U?$_Tree_simple_types@U?$pair@$$CBK_W@std@@@std@@@1@@Z 00427e20 f i ClientConnection.obj
 0001:00026ea0       ??0?$_Tree_unchecked_const_iterator@V?$_Tree_val@U?$_Tree_simple_types@U?$pair@$$CB_WK@std@@@std@@@std@@U_Iterator_base12@2@@std@@QAE@ABV01@@Z 00427ea0 f i ClientConnection.obj
 0001:00026ee0       ??0?$_Tree_unchecked_const_iterator@V?$_Tree_val@U?$_Tree_simple_types@U?$pair@$$CB_WK@std@@@std@@@std@@U_Iterator_base12@2@@std@@QAE@PAU?$_Tree_node@U?$pair@$$CB_WK@std@@PAX@1@PBV?$_Tree_val@U?$_Tree_simple_types@U?$pair@$$CB_WK@std@@@std@@@1@@Z 00427ee0 f i ClientConnection.obj
 0001:00026f60       ??0?$_Vector_alloc@$0A@U?$_Vec_base_types@EV?$allocator@E@std@@@std@@@std@@QAE@ABV?$allocator@E@1@@Z 00427f60 f i ClientConnection.obj
 0001:00026fd0       ??0?$_Vector_alloc@$0A@U?$_Vec_base_types@KV?$allocator@K@std@@@std@@@std@@QAE@ABV?$allocator@K@1@@Z 00427fd0 f i ClientConnection.obj
 0001:00027040       ??0?$_Vector_const_iterator@V?$_Vector_val@U?$_Simple_types@E@std@@@std@@@std@@QAE@ABV01@@Z 00428040 f i ClientConnection.obj
 0001:00027080       ??0?$_Vector_const_iterator@V?$_Vector_val@U?$_Simple_types@E@std@@@std@@@std@@QAE@PAEPBU_Container_base12@1@@Z 00428080 f i ClientConnection.obj
 0001:00027100       ??0?$_Vector_const_iterator@V?$_Vector_val@U?$_Simple_types@K@std@@@std@@@std@@QAE@ABV01@@Z 00428100 f i ClientConnection.obj
 0001:00027140       ??0?$_Vector_const_iterator@V?$_Vector_val@U?$_Simple_types@K@std@@@std@@@std@@QAE@PAKPBU_Container_base12@1@@Z 00428140 f i ClientConnection.obj
 0001:000271c0       ??0?$_Vector_iterator@V?$_Vector_val@U?$_Simple_types@E@std@@@std@@@std@@QAE@ABV01@@Z 004281c0 f i ClientConnection.obj
 0001:000271f0       ??0?$_Vector_iterator@V?$_Vector_val@U?$_Simple_types@E@std@@@std@@@std@@QAE@PAEPBU_Container_base12@1@@Z 004281f0 f i ClientConnection.obj
 0001:00027220       ??0?$_Vector_iterator@V?$_Vector_val@U?$_Simple_types@K@std@@@std@@@std@@QAE@ABV01@@Z 00428220 f i ClientConnection.obj
 0001:00027250       ??0?$_Vector_iterator@V?$_Vector_val@U?$_Simple_types@K@std@@@std@@@std@@QAE@PAKPBU_Container_base12@1@@Z 00428250 f i ClientConnection.obj
 0001:00027280       ??0?$_Vector_val@U?$_Simple_types@E@std@@@std@@QAE@XZ 00428280 f i ClientConnection.obj
 0001:000272d0       ??0?$_Vector_val@U?$_Simple_types@K@std@@@std@@QAE@XZ 004282d0 f i ClientConnection.obj
 0001:00027320       ??0?$_Wrap_alloc@V?$allocator@E@std@@@std@@QAE@XZ 00428320 f i ClientConnection.obj
 0001:00027340       ??0?$_Wrap_alloc@V?$allocator@K@std@@@std@@QAE@XZ 00428340 f i ClientConnection.obj
 0001:00027360       ??0?$_Wrap_alloc@V?$allocator@U?$_Tree_node@U?$pair@$$CBK_W@std@@PAX@std@@@std@@@std@@QAE@XZ 00428360 f i ClientConnection.obj
 0001:00027380       ??0?$_Wrap_alloc@V?$allocator@U?$_Tree_node@U?$pair@$$CB_WK@std@@PAX@std@@@std@@@std@@QAE@XZ 00428380 f i ClientConnection.obj
 0001:000273a0       ??0?$_Wrap_alloc@V?$allocator@U_Container_proxy@std@@@std@@@std@@QAE@XZ 004283a0 f i ClientConnection.obj
 0001:000273c0       ??0?$allocator@D@std@@QAE@ABV01@@Z 004283c0 f i ClientConnection.obj
 0001:000273e0       ??0?$allocator@E@std@@QAE@XZ 004283e0 f i ClientConnection.obj
 0001:00027400       ??0?$allocator@K@std@@QAE@XZ 00428400 f i ClientConnection.obj
 0001:00027420       ??0?$allocator@U?$_Tree_node@U?$pair@$$CBK_W@std@@PAX@std@@@std@@QAE@XZ 00428420 f i ClientConnection.obj
 0001:00027440       ??0?$allocator@U?$_Tree_node@U?$pair@$$CB_WK@std@@PAX@std@@@std@@QAE@XZ 00428440 f i ClientConnection.obj
 0001:00027460       ??0?$vector@EV?$allocator@E@std@@@std@@QAE@XZ 00428460 f i ClientConnection.obj
 0001:00027490       ??0?$vector@KV?$allocator@K@std@@@std@@QAE@XZ 00428490 f i ClientConnection.obj
 0001:000274c0       ??0EndOfStream@rdr@@QAE@ABU01@@Z 004284c0 f i ClientConnection.obj
 0001:000274f0       ??0ErrorException@@QAE@ABV0@@Z 004284f0 f i ClientConnection.obj
 0001:00027520       ??0Exception@@QAE@ABV0@@Z  00428520 f i ClientConnection.obj
 0001:00027560       ??0Exception@rdr@@QAE@ABU01@@Z 00428560 f i ClientConnection.obj
 0001:000275a0       ??0ObjectSelector@@QAE@PAUHDC__@@PAX@Z 004285a0 f i ClientConnection.obj
 0001:000275e0       ??0PaletteSelector@@QAE@PAUHDC__@@PAUHPALETTE__@@@Z 004285e0 f i ClientConnection.obj
 0001:00027650       ??0QuietException@@QAE@ABV0@@Z 00428650 f i ClientConnection.obj
 0001:00027680       ??0TempDC@@QAE@PAUHWND__@@@Z 00428680 f i ClientConnection.obj
 0001:000276c0       ??0WarningException@@QAE@ABV0@@Z 004286c0 f i ClientConnection.obj
 0001:00027700       ??0_Iterator_base12@std@@QAE@ABU01@@Z 00428700 f i ClientConnection.obj
 0001:00027740       ??0_Iterator_base12@std@@QAE@XZ 00428740 f i ClientConnection.obj
 0001:00027770       ??0omni_mutex_conditional_lock@@QAE@AAVomni_mutex@@_N@Z 00428770 f i ClientConnection.obj
 0001:000277c0       ??0omni_mutex_lock@@QAE@AAVomni_mutex@@@Z 004287c0 f i ClientConnection.obj
 0001:000277f0       ??1?$_Iterator012@Ubidirectional_iterator_tag@std@@U?$pair@$$CBK_W@2@HPBU32@ABU32@U_Iterator_base12@2@@std@@QAE@XZ 004287f0 f i ClientConnection.obj
 0001:00027810       ??1?$_Iterator012@Ubidirectional_iterator_tag@std@@U?$pair@$$CB_WK@2@HPBU32@ABU32@U_Iterator_base12@2@@std@@QAE@XZ 00428810 f i ClientConnection.obj
 0001:00027830       ??1?$_Iterator012@Urandom_access_iterator_tag@std@@EHPBEABEU_Iterator_base12@2@@std@@QAE@XZ 00428830 f i ClientConnection.obj
 0001:00027850       ??1?$_Iterator012@Urandom_access_iterator_tag@std@@KHPBKABKU_Iterator_base12@2@@std@@QAE@XZ 00428850 f i ClientConnection.obj
 0001:00027870       ??1?$_Tree@V?$_Tmap_traits@K_WU?$less@K@std@@V?$allocator@U?$pair@$$CBK_W@std@@@2@$0A@@std@@@std@@QAE@XZ 00428870 f i ClientConnection.obj
 0001:000278a0       ??1?$_Tree@V?$_Tmap_traits@_WKU?$less@_W@std@@V?$allocator@U?$pair@$$CB_WK@std@@@2@$0A@@std@@@std@@QAE@XZ 004288a0 f i ClientConnection.obj
 0001:000278d0       ??1?$_Tree_alloc@$0A@U?$_Tree_base_types@U?$pair@$$CBK_W@std@@V?$allocator@U?$pair@$$CBK_W@std@@@2@@std@@@std@@QAE@XZ 004288d0 f i ClientConnection.obj
 0001:00027910       ??1?$_Tree_alloc@$0A@U?$_Tree_base_types@U?$pair@$$CB_WK@std@@V?$allocator@U?$pair@$$CB_WK@std@@@2@@std@@@std@@QAE@XZ 00428910 f i ClientConnection.obj
 0001:00027950       ??1?$_Tree_buy@U?$pair@$$CBK_W@std@@V?$allocator@U?$pair@$$CBK_W@std@@@2@@std@@QAE@XZ 00428950 f i ClientConnection.obj
 0001:00027970       ??1?$_Tree_buy@U?$pair@$$CB_WK@std@@V?$allocator@U?$pair@$$CB_WK@std@@@2@@std@@QAE@XZ 00428970 f i ClientConnection.obj
 0001:00027990       ??1?$_Tree_comp@$0A@V?$_Tmap_traits@K_WU?$less@K@std@@V?$allocator@U?$pair@$$CBK_W@std@@@2@$0A@@std@@@std@@QAE@XZ 00428990 f i ClientConnection.obj
 0001:000279b0       ??1?$_Tree_comp@$0A@V?$_Tmap_traits@_WKU?$less@_W@std@@V?$allocator@U?$pair@$$CB_WK@std@@@2@$0A@@std@@@std@@QAE@XZ 004289b0 f i ClientConnection.obj
 0001:000279d0       ??1?$_Tree_const_iterator@V?$_Tree_val@U?$_Tree_simple_types@U?$pair@$$CBK_W@std@@@std@@@std@@@std@@QAE@XZ 004289d0 f i ClientConnection.obj
 0001:000279f0       ??1?$_Tree_const_iterator@V?$_Tree_val@U?$_Tree_simple_types@U?$pair@$$CB_WK@std@@@std@@@std@@@std@@QAE@XZ 004289f0 f i ClientConnection.obj
 0001:00027a10       ??1?$_Tree_iterator@V?$_Tree_val@U?$_Tree_simple_types@U?$pair@$$CBK_W@std@@@std@@@std@@@std@@QAE@XZ 00428a10 f i ClientConnection.obj
 0001:00027a30       ??1?$_Tree_iterator@V?$_Tree_val@U?$_Tree_simple_types@U?$pair@$$CB_WK@std@@@std@@@std@@@std@@QAE@XZ 00428a30 f i ClientConnection.obj
 0001:00027a50       ??1?$_Tree_unchecked_const_iterator@V?$_Tree_val@U?$_Tree_simple_types@U?$pair@$$CBK_W@std@@@std@@@std@@U_Iterator_base12@2@@std@@QAE@XZ 00428a50 f i ClientConnection.obj
 0001:00027a70       ??1?$_Tree_unchecked_const_iterator@V?$_Tree_val@U?$_Tree_simple_types@U?$pair@$$CB_WK@std@@@std@@@std@@U_Iterator_base12@2@@std@@QAE@XZ 00428a70 f i ClientConnection.obj
 0001:00027a90       ??1?$_Tree_val@U?$_Tree_simple_types@U?$pair@$$CBK_W@std@@@std@@@std@@QAE@XZ 00428a90 f i ClientConnection.obj
 0001:00027ab0       ??1?$_Tree_val@U?$_Tree_simple_types@U?$pair@$$CB_WK@std@@@std@@@std@@QAE@XZ 00428ab0 f i ClientConnection.obj
 0001:00027ad0       ??1?$_Vector_alloc@$0A@U?$_Vec_base_types@EV?$allocator@E@std@@@std@@@std@@QAE@XZ 00428ad0 f i ClientConnection.obj
 0001:00027b00       ??1?$_Vector_alloc@$0A@U?$_Vec_base_types@KV?$allocator@K@std@@@std@@@std@@QAE@XZ 00428b00 f i ClientConnection.obj
 0001:00027b30       ??1?$_Vector_const_iterator@V?$_Vector_val@U?$_Simple_types@E@std@@@std@@@std@@QAE@XZ 00428b30 f i ClientConnection.obj
 0001:00027b50       ??1?$_Vector_const_iterator@V?$_Vector_val@U?$_Simple_types@K@std@@@std@@@std@@QAE@XZ 00428b50 f i ClientConnection.obj
 0001:00027b70       ??1?$_Vector_iterator@V?$_Vector_val@U?$_Simple_types@E@std@@@std@@@std@@QAE@XZ 00428b70 f i ClientConnection.obj
 0001:00027b90       ??1?$_Vector_iterator@V?$_Vector_val@U?$_Simple_types@K@std@@@std@@@std@@QAE@XZ 00428b90 f i ClientConnection.obj
 0001:00027bb0       ??1?$_Vector_val@U?$_Simple_types@E@std@@@std@@QAE@XZ 00428bb0 f i ClientConnection.obj
 0001:00027bd0       ??1?$_Vector_val@U?$_Simple_types@K@std@@@std@@QAE@XZ 00428bd0 f i ClientConnection.obj
 0001:00027bf0       ??1?$basic_string@DU?$char_traits@D@std@@V?$allocator@D@2@@std@@QAE@XZ 00428bf0 f i ClientConnection.obj
 0001:00027c20       ??1?$map@K_WU?$less@K@std@@V?$allocator@U?$pair@$$CBK_W@std@@@2@@std@@QAE@XZ 00428c20 f i ClientConnection.obj
 0001:00027c40       ??1?$map@_WKU?$less@_W@std@@V?$allocator@U?$pair@$$CB_WK@std@@@2@@std@@QAE@XZ 00428c40 f i ClientConnection.obj
 0001:00027c60       ??1?$vector@EV?$allocator@E@std@@@std@@QAE@XZ 00428c60 f i ClientConnection.obj
 0001:00027c90       ??1?$vector@KV?$allocator@K@std@@@std@@QAE@XZ 00428c90 f i ClientConnection.obj
 0001:00027cc0       ??1Clipboard@@QAE@XZ       00428cc0 f i ClientConnection.obj
 0001:00027d50       ??1KeyMap@@QAE@XZ          00428d50 f i ClientConnection.obj
 0001:00027f50       ??1ObjectSelector@@QAE@XZ  00428f50 f i ClientConnection.obj
 0001:00027f80       ??1PaletteSelector@@QAE@XZ 00428f80 f i ClientConnection.obj
 0001:00027fd0       ??1TempDC@@QAE@XZ          00428fd0 f i ClientConnection.obj
 0001:00028000       ??1_Iterator_base12@std@@QAE@XZ 00429000 f i ClientConnection.obj
 0001:00028030       ??1omni_mutex_conditional_lock@@QAE@XZ 00429030 f i ClientConnection.obj
 0001:00028060       ??1omni_mutex_lock@@QAE@XZ 00429060 f i ClientConnection.obj
 0001:00028080       ??4?$basic_string@DU?$char_traits@D@std@@V?$allocator@D@2@@std@@QAEAAV01@ABV01@@Z 00429080 f i ClientConnection.obj
 0001:00028120       ??4?$basic_string@DU?$char_traits@D@std@@V?$allocator@D@2@@std@@QAEAAV01@PBD@Z 00429120 f i ClientConnection.obj
 0001:00028140       ??4_Iterator_base12@std@@QAEAAU01@ABU01@@Z 00429140 f i ClientConnection.obj
 0001:000281f0       ??8?$_Tree_const_iterator@V?$_Tree_val@U?$_Tree_simple_types@U?$pair@$$CBK_W@std@@@std@@@std@@@std@@QBE_NABV01@@Z 004291f0 f i ClientConnection.obj
 0001:000282e0       ??8?$_Tree_const_iterator@V?$_Tree_val@U?$_Tree_simple_types@U?$pair@$$CB_WK@std@@@std@@@std@@@std@@QBE_NABV01@@Z 004292e0 f i ClientConnection.obj
 0001:000283d0       ??8?$_Vector_const_iterator@V?$_Vector_val@U?$_Simple_types@E@std@@@std@@@std@@QBE_NABV01@@Z 004293d0 f i ClientConnection.obj
 0001:00028420       ??8?$_Vector_const_iterator@V?$_Vector_val@U?$_Simple_types@K@std@@@std@@@std@@QBE_NABV01@@Z 00429420 f i ClientConnection.obj
 0001:00028470       ??9?$_Tree_const_iterator@V?$_Tree_val@U?$_Tree_simple_types@U?$pair@$$CBK_W@std@@@std@@@std@@@std@@QBE_NABV01@@Z 00429470 f i ClientConnection.obj
 0001:000284c0       ??9?$_Tree_const_iterator@V?$_Tree_val@U?$_Tree_simple_types@U?$pair@$$CB_WK@std@@@std@@@std@@@std@@QBE_NABV01@@Z 004294c0 f i ClientConnection.obj
 0001:00028510       ??9?$_Vector_const_iterator@V?$_Vector_val@U?$_Simple_types@E@std@@@std@@@std@@QBE_NABV01@@Z 00429510 f i ClientConnection.obj
 0001:00028560       ??9?$_Vector_const_iterator@V?$_Vector_val@U?$_Simple_types@K@std@@@std@@@std@@QBE_NABV01@@Z 00429560 f i ClientConnection.obj
 0001:000285b0       ??BTempDC@@QAEPAUHDC__@@XZ 004295b0 f i ClientConnection.obj
 0001:000285d0       ??D?$_Vector_const_iterator@V?$_Vector_val@U?$_Simple_types@E@std@@@std@@@std@@QBEABEXZ 004295d0 f i ClientConnection.obj
 0001:000286b0       ??D?$_Vector_iterator@V?$_Vector_val@U?$_Simple_types@E@std@@@std@@@std@@QBEAAEXZ 004296b0 f i ClientConnection.obj
 0001:000286d0       ??E?$_Tree_const_iterator@V?$_Tree_val@U?$_Tree_simple_types@U?$pair@$$CBK_W@std@@@std@@@std@@@std@@QAE?AV01@H@Z 004296d0 f i ClientConnection.obj
 0001:00028780       ??E?$_Tree_const_iterator@V?$_Tree_val@U?$_Tree_simple_types@U?$pair@$$CBK_W@std@@@std@@@std@@@std@@QAEAAV01@XZ 00429780 f i ClientConnection.obj
 0001:00028860       ??E?$_Tree_const_iterator@V?$_Tree_val@U?$_Tree_simple_types@U?$pair@$$CB_WK@std@@@std@@@std@@@std@@QAE?AV01@H@Z 00429860 f i ClientConnection.obj
 0001:00028910       ??E?$_Tree_const_iterator@V?$_Tree_val@U?$_Tree_simple_types@U?$pair@$$CB_WK@std@@@std@@@std@@@std@@QAEAAV01@XZ 00429910 f i ClientConnection.obj
 0001:000289f0       ??E?$_Tree_unchecked_const_iterator@V?$_Tree_val@U?$_Tree_simple_types@U?$pair@$$CBK_W@std@@@std@@@std@@U_Iterator_base12@2@@std@@QAEAAV01@XZ 004299f0 f i ClientConnection.obj
 0001:00028ae0       ??E?$_Tree_unchecked_const_iterator@V?$_Tree_val@U?$_Tree_simple_types@U?$pair@$$CB_WK@std@@@std@@@std@@U_Iterator_base12@2@@std@@QAEAAV01@XZ 00429ae0 f i ClientConnection.obj
 0001:00028bd0       ??E?$_Vector_const_iterator@V?$_Vector_val@U?$_Simple_types@E@std@@@std@@@std@@QAEAAV01@XZ 00429bd0 f i ClientConnection.obj
 0001:00028ca0       ??E?$_Vector_iterator@V?$_Vector_val@U?$_Simple_types@E@std@@@std@@@std@@QAE?AV01@H@Z 00429ca0 f i ClientConnection.obj
 0001:00028d50       ??E?$_Vector_iterator@V?$_Vector_val@U?$_Simple_types@E@std@@@std@@@std@@QAEAAV01@XZ 00429d50 f i ClientConnection.obj
 0001:00028d70       ??M?$_Vector_const_iterator@V?$_Vector_val@U?$_Simple_types@E@std@@@std@@@std@@QBE_NABV01@@Z 00429d70 f i ClientConnection.obj
 0001:00028dc0       ??M?$_Vector_const_iterator@V?$_Vector_val@U?$_Simple_types@K@std@@@std@@@std@@QBE_NABV01@@Z 00429dc0 f i ClientConnection.obj
 0001:00028e10       ??_GClientConnection@@UAEPAXI@Z 00429e10 f i ClientConnection.obj
 0001:00028e10       ??_EClientConnection@@UAEPAXI@Z 00429e10 f i ClientConnection.obj
 0001:00028e50       ??_EErrorException@@UAEPAXI@Z 00429e50 f i ClientConnection.obj
 0001:00028e50       ??_GErrorException@@UAEPAXI@Z 00429e50 f i ClientConnection.obj
 0001:00028e90       ??_EException@@UAEPAXI@Z   00429e90 f i ClientConnection.obj
 0001:00028e90       ??_GException@@UAEPAXI@Z   00429e90 f i ClientConnection.obj
 0001:00028ed0       ??_GKeyMap@@QAEPAXI@Z      00429ed0 f i ClientConnection.obj
 0001:00028f10       ??_EQuietException@@UAEPAXI@Z 00429f10 f i ClientConnection.obj
 0001:00028f10       ??_GQuietException@@UAEPAXI@Z 00429f10 f i ClientConnection.obj
 0001:00028f50       ??_GWarningException@@UAEPAXI@Z 00429f50 f i ClientConnection.obj
 0001:00028f50       ??_EWarningException@@UAEPAXI@Z 00429f50 f i ClientConnection.obj
 0001:00028f90       ?CheckNetRectBufferSize@ClientConnection@@AAEXH@Z 00429f90 f i ClientConnection.obj
 0001:000290a0       ?CheckZRLENetRectBufferSize@ClientConnection@@AAEXH@Z 0042a0a0 f i ClientConnection.obj
 0001:000291b0       ?DoBlit@ClientConnection@@AAEXXZ 0042a1b0 f i ClientConnection.obj
 0001:00029460       ?GetBytesRead@FdInStream@rdr@@QAE_JXZ 0042a460 f i ClientConnection.obj
 0001:00029480       ?GetPluginAuthor@CDSMPlugin@@QAEPADXZ 0042a480 f i ClientConnection.obj
 0001:000294a0       ?GetPluginName@CDSMPlugin@@QAEPADXZ 0042a4a0 f i ClientConnection.obj
 0001:000294c0       ?GetPluginVersion@CDSMPlugin@@QAEPADXZ 0042a4c0 f i ClientConnection.obj
 0001:000294e0       ?GetReadFromMemoryBuffer@FdInStream@rdr@@QAE_NXZ 0042a4e0 f i ClientConnection.obj
 0001:00029500       ?GetSafeHwnd@CTitleBar@@QAEPAUHWND__@@XZ 0042a500 f i ClientConnection.obj
 0001:00029520       ?IsEnabled@CDSMPlugin@@QAE_NXZ 0042a520 f i ClientConnection.obj
 0001:00029540       ?IsLoaded@CDSMPlugin@@QAE_NXZ 0042a540 f i ClientConnection.obj
 0001:00029560       ?Print@Log@@QAAXHPADZZ     0042a560 f i ClientConnection.obj
 0001:000295a0       ?ProcessKeyEvent@ClientConnection@@AAEXHK@Z 0042a5a0 f i ClientConnection.obj
 0001:00029970       ?ProcessMouseWheel@ClientConnection@@AAEXH@Z 0042a970 f i ClientConnection.obj
 0001:00029a30       ?ProcessPointerEvent@ClientConnection@@AAE_NHHKI@Z 0042aa30 f i ClientConnection.obj
 0001:00029ec0       ?ReadScreenUpdate@ClientConnection@@AAEXXZ 0042aec0 f i ClientConnection.obj
 0001:0002b8f0       ?SendKeyEvent@ClientConnection@@QAEXK_N@Z 0042c8f0 f i ClientConnection.obj
 0001:0002ba10       ?SendPointerEvent@ClientConnection@@AAEXHHH@Z 0042ca10 f i ClientConnection.obj
 0001:0002bb70       ?SetDSMMode@FdInStream@rdr@@QAEX_N@Z 0042cb70 f i ClientConnection.obj
 0001:0002bb90       ?SetWindowHandle@AccelKeys@@QAEXPAUHWND__@@@Z 0042cb90 f i ClientConnection.obj
 0001:0002bbb0       ?ShouldThrottle@PendingMouseMove@ClientConnection@@QAE_N_N@Z 0042cbb0 f i ClientConnection.obj
 0001:0002bc20       ?SubProcessPointerEvent@ClientConnection@@AAEXHHK@Z 0042cc20 f i ClientConnection.obj
 0001:0002bf60       ?UpdateScrollbars@ClientConnection@@AAEXXZ 0042cf60 f i ClientConnection.obj
 0001:0002c0a0       ?UsingOldProtocol@FileTransfer@@QAE_NXZ 0042d0a0 f i ClientConnection.obj
 0001:0002c0e0       ?_Adopt@_Iterator_base12@std@@QAEXPBU_Container_base12@2@@Z 0042d0e0 f i ClientConnection.obj
 0001:0002c1d0       ?_Alloc_proxy@?$_Vector_alloc@$0A@U?$_Vec_base_types@EV?$allocator@E@std@@@std@@@std@@QAEXXZ 0042d1d0 f i ClientConnection.obj
 0001:0002c230       ?_Alloc_proxy@?$_Vector_alloc@$0A@U?$_Vec_base_types@KV?$allocator@K@std@@@std@@@std@@QAEXXZ 0042d230 f i ClientConnection.obj
 0001:0002c290       ?_Change_alloc@?$_String_alloc@$0A@U?$_String_base_types@DV?$allocator@D@std@@@std@@@std@@QAEXABU?$_Wrap_alloc@V?$allocator@D@std@@@2@@Z 0042d290 f i ClientConnection.obj
 0001:0002c2a0       ?_Clrcont@_Iterator_base12@std@@QAEXXZ 0042d2a0 f i ClientConnection.obj
 0001:0002c2c0       ?_Color@?$_Tree_val@U?$_Tree_simple_types@U?$pair@$$CBK_W@std@@@std@@@std@@SAAADPAU?$_Tree_node@U?$pair@$$CBK_W@std@@PAX@2@@Z 0042d2c0 f i ClientConnection.obj
 0001:0002c2d0       ?_Color@?$_Tree_val@U?$_Tree_simple_types@U?$pair@$$CB_WK@std@@@std@@@std@@SAAADPAU?$_Tree_node@U?$pair@$$CB_WK@std@@PAX@2@@Z 0042d2d0 f i ClientConnection.obj
 0001:0002c2e0       ?_Compat@?$_Vector_const_iterator@V?$_Vector_val@U?$_Simple_types@E@std@@@std@@@std@@QBEXABV12@@Z 0042d2e0 f i ClientConnection.obj
 0001:0002c3a0       ?_Compat@?$_Vector_const_iterator@V?$_Vector_val@U?$_Simple_types@K@std@@@std@@@std@@QBEXABV12@@Z 0042d3a0 f i ClientConnection.obj
 0001:0002c460       ?_Destroy@?$vector@EV?$allocator@E@std@@@std@@IAEXPAE0@Z 0042d460 f i ClientConnection.obj
 0001:0002c4a0       ?_Destroy@?$vector@KV?$allocator@K@std@@@std@@IAEXPAK0@Z 0042d4a0 f i ClientConnection.obj
 0001:0002c4e0       ?_Erase@?$_Tree@V?$_Tmap_traits@K_WU?$less@K@std@@V?$allocator@U?$pair@$$CBK_W@std@@@2@$0A@@std@@@std@@IAEXPAU?$_Tree_node@U?$pair@$$CBK_W@std@@PAX@2@@Z 0042d4e0 f i ClientConnection.obj
 0001:0002c5b0       ?_Erase@?$_Tree@V?$_Tmap_traits@_WKU?$less@_W@std@@V?$allocator@U?$pair@$$CB_WK@std@@@2@$0A@@std@@@std@@IAEXPAU?$_Tree_node@U?$pair@$$CB_WK@std@@PAX@2@@Z 0042d5b0 f i ClientConnection.obj
 0001:0002c680       ?_Free_proxy@?$_Tree_alloc@$0A@U?$_Tree_base_types@U?$pair@$$CBK_W@std@@V?$allocator@U?$pair@$$CBK_W@std@@@2@@std@@@std@@QAEXXZ 0042d680 f i ClientConnection.obj
 0001:0002c6f0       ?_Free_proxy@?$_Tree_alloc@$0A@U?$_Tree_base_types@U?$pair@$$CB_WK@std@@V?$allocator@U?$pair@$$CB_WK@std@@@2@@std@@@std@@QAEXXZ 0042d6f0 f i ClientConnection.obj
 0001:0002c760       ?_Free_proxy@?$_Vector_alloc@$0A@U?$_Vec_base_types@EV?$allocator@E@std@@@std@@@std@@QAEXXZ 0042d760 f i ClientConnection.obj
 0001:0002c7c0       ?_Free_proxy@?$_Vector_alloc@$0A@U?$_Vec_base_types@KV?$allocator@K@std@@@std@@@std@@QAEXXZ 0042d7c0 f i ClientConnection.obj
 0001:0002c820       ?_Freeheadnode@?$_Tree_alloc@$0A@U?$_Tree_base_types@U?$pair@$$CBK_W@std@@V?$allocator@U?$pair@$$CBK_W@std@@@2@@std@@@std@@QAEXPAU?$_Tree_node@U?$pair@$$CBK_W@std@@PAX@2@@Z 0042d820 f i ClientConnection.obj
 0001:0002c8f0       ?_Freeheadnode@?$_Tree_alloc@$0A@U?$_Tree_base_types@U?$pair@$$CB_WK@std@@V?$allocator@U?$pair@$$CB_WK@std@@@2@@std@@@std@@QAEXPAU?$_Tree_node@U?$pair@$$CB_WK@std@@PAX@2@@Z 0042d8f0 f i ClientConnection.obj
 0001:0002c9c0       ?_Getal@?$_Tree_alloc@$0A@U?$_Tree_base_types@U?$pair@$$CBK_W@std@@V?$allocator@U?$pair@$$CBK_W@std@@@2@@std@@@std@@QBE?AU?$_Wrap_alloc@V?$allocator@U?$_Tree_node@U?$pair@$$CBK_W@std@@PAX@std@@@std@@@2@XZ 0042d9c0 f i ClientConnection.obj
 0001:0002c9e0       ?_Getal@?$_Tree_alloc@$0A@U?$_Tree_base_types@U?$pair@$$CB_WK@std@@V?$allocator@U?$pair@$$CB_WK@std@@@2@@std@@@std@@QBE?AU?$_Wrap_alloc@V?$allocator@U?$_Tree_node@U?$pair@$$CB_WK@std@@PAX@std@@@std@@@2@XZ 0042d9e0 f i ClientConnection.obj
 0001:0002ca00       ?_Getal@?$_Vector_alloc@$0A@U?$_Vec_base_types@EV?$allocator@E@std@@@std@@@std@@QBE?AU?$_Wrap_alloc@V?$allocator@E@std@@@2@XZ 0042da00 f i ClientConnection.obj
 0001:0002ca20       ?_Getal@?$_Vector_alloc@$0A@U?$_Vec_base_types@KV?$allocator@K@std@@@std@@@std@@QBE?AU?$_Wrap_alloc@V?$allocator@K@std@@@2@XZ 0042da20 f i ClientConnection.obj
 0001:0002ca40       ?_Getcont@_Iterator_base12@std@@QBEPBU_Container_base12@2@XZ 0042da40 f i ClientConnection.obj
 0001:0002ca80       ?_Getpfirst@_Container_base12@std@@QBEPAPAU_Iterator_base12@2@XZ 0042da80 f i ClientConnection.obj
 0001:0002cac0       ?_Getpnext@_Iterator_base12@std@@QAEPAPAU12@XZ 0042dac0 f i ClientConnection.obj
 0001:0002cae0       ?_Grow_to@?$vector@EV?$allocator@E@std@@@std@@IBEII@Z 0042dae0 f i ClientConnection.obj
 0001:0002cb50       ?_Grow_to@?$vector@KV?$allocator@K@std@@@std@@IBEII@Z 0042db50 f i ClientConnection.obj
 0001:0002cbc0       ?_Inside@?$vector@EV?$allocator@E@std@@@std@@IBE_NPBE@Z 0042dbc0 f i ClientConnection.obj
 0001:0002cc10       ?_Inside@?$vector@KV?$allocator@K@std@@@std@@IBE_NPBK@Z 0042dc10 f i ClientConnection.obj
 0001:0002cc60       ?_Isnil@?$_Tree_val@U?$_Tree_simple_types@U?$pair@$$CBK_W@std@@@std@@@std@@SAAADPAU?$_Tree_node@U?$pair@$$CBK_W@std@@PAX@2@@Z 0042dc60 f i ClientConnection.obj
 0001:0002cc70       ?_Isnil@?$_Tree_val@U?$_Tree_simple_types@U?$pair@$$CB_WK@std@@@std@@@std@@SAAADPAU?$_Tree_node@U?$pair@$$CB_WK@std@@PAX@2@@Z 0042dc70 f i ClientConnection.obj
 0001:0002cc80       ?_Left@?$_Tree_val@U?$_Tree_simple_types@U?$pair@$$CBK_W@std@@@std@@@std@@SAAAPAU?$_Tree_node@U?$pair@$$CBK_W@std@@PAX@2@PAU32@@Z 0042dc80 f i ClientConnection.obj
 0001:0002cc90       ?_Left@?$_Tree_val@U?$_Tree_simple_types@U?$pair@$$CB_WK@std@@@std@@@std@@SAAAPAU?$_Tree_node@U?$pair@$$CB_WK@std@@PAX@2@PAU32@@Z 0042dc90 f i ClientConnection.obj
 0001:0002cca0       ?_Lmost@?$_Tree@V?$_Tmap_traits@K_WU?$less@K@std@@V?$allocator@U?$pair@$$CBK_W@std@@@2@$0A@@std@@@std@@IBEAAPAU?$_Tree_node@U?$pair@$$CBK_W@std@@PAX@2@XZ 0042dca0 f i ClientConnection.obj
 0001:0002ccc0       ?_Lmost@?$_Tree@V?$_Tmap_traits@_WKU?$less@_W@std@@V?$allocator@U?$pair@$$CB_WK@std@@@2@$0A@@std@@@std@@IBEAAPAU?$_Tree_node@U?$pair@$$CB_WK@std@@PAX@2@XZ 0042dcc0 f i ClientConnection.obj
 0001:0002cce0       ?_Lrotate@?$_Tree@V?$_Tmap_traits@K_WU?$less@K@std@@V?$allocator@U?$pair@$$CBK_W@std@@@2@$0A@@std@@@std@@IAEXPAU?$_Tree_node@U?$pair@$$CBK_W@std@@PAX@2@@Z 0042dce0 f i ClientConnection.obj
 0001:0002ce60       ?_Lrotate@?$_Tree@V?$_Tmap_traits@_WKU?$less@_W@std@@V?$allocator@U?$pair@$$CB_WK@std@@@2@$0A@@std@@@std@@IAEXPAU?$_Tree_node@U?$pair@$$CB_WK@std@@PAX@2@@Z 0042de60 f i ClientConnection.obj
 0001:0002cfe0       ?_Max@?$_Tree_val@U?$_Tree_simple_types@U?$pair@$$CBK_W@std@@@std@@@std@@SAPAU?$_Tree_node@U?$pair@$$CBK_W@std@@PAX@2@PAU32@@Z 0042dfe0 f i ClientConnection.obj
 0001:0002d030       ?_Max@?$_Tree_val@U?$_Tree_simple_types@U?$pair@$$CB_WK@std@@@std@@@std@@SAPAU?$_Tree_node@U?$pair@$$CB_WK@std@@PAX@2@PAU32@@Z 0042e030 f i ClientConnection.obj
 0001:0002d080       ?_Min@?$_Tree_val@U?$_Tree_simple_types@U?$pair@$$CBK_W@std@@@std@@@std@@SAPAU?$_Tree_node@U?$pair@$$CBK_W@std@@PAX@2@PAU32@@Z 0042e080 f i ClientConnection.obj
 0001:0002d0d0       ?_Min@?$_Tree_val@U?$_Tree_simple_types@U?$pair@$$CB_WK@std@@@std@@@std@@SAPAU?$_Tree_node@U?$pair@$$CB_WK@std@@PAX@2@PAU32@@Z 0042e0d0 f i ClientConnection.obj
 0001:0002d120       ?_Mynode@?$_Tree_unchecked_const_iterator@V?$_Tree_val@U?$_Tree_simple_types@U?$pair@$$CBK_W@std@@@std@@@std@@U_Iterator_base12@2@@std@@QBEPAU?$_Tree_node@U?$pair@$$CBK_W@std@@PAX@2@XZ 0042e120 f i ClientConnection.obj
 0001:0002d140       ?_Mynode@?$_Tree_unchecked_const_iterator@V?$_Tree_val@U?$_Tree_simple_types@U?$pair@$$CB_WK@std@@@std@@@std@@U_Iterator_base12@2@@std@@QBEPAU?$_Tree_node@U?$pair@$$CB_WK@std@@PAX@2@XZ 0042e140 f i ClientConnection.obj
 0001:0002d160       ?_Myval@?$_Tree_val@U?$_Tree_simple_types@U?$pair@$$CBK_W@std@@@std@@@std@@SAAAU?$pair@$$CBK_W@2@PAU?$_Tree_node@U?$pair@$$CBK_W@std@@PAX@2@@Z 0042e160 f i ClientConnection.obj
 0001:0002d170       ?_Myval@?$_Tree_val@U?$_Tree_simple_types@U?$pair@$$CB_WK@std@@@std@@@std@@SAAAU?$pair@$$CB_WK@2@PAU?$_Tree_node@U?$pair@$$CB_WK@std@@PAX@2@@Z 0042e170 f i ClientConnection.obj
 0001:0002d180       ?_Orphan_me@_Iterator_base12@std@@QAEXXZ 0042e180 f i ClientConnection.obj
 0001:0002d210       ?_Orphan_ptr@?$_Tree@V?$_Tmap_traits@K_WU?$less@K@std@@V?$allocator@U?$pair@$$CBK_W@std@@@2@$0A@@std@@@std@@IBEXAAV12@PAU?$_Tree_node@U?$pair@$$CBK_W@std@@PAX@2@@Z 0042e210 f i ClientConnection.obj
 0001:0002d310       ?_Orphan_ptr@?$_Tree@V?$_Tmap_traits@_WKU?$less@_W@std@@V?$allocator@U?$pair@$$CB_WK@std@@@2@$0A@@std@@@std@@IBEXAAV12@PAU?$_Tree_node@U?$pair@$$CB_WK@std@@PAX@2@@Z 0042e310 f i ClientConnection.obj
 0001:0002d410       ?_Orphan_range@?$vector@EV?$allocator@E@std@@@std@@IBEXPAE0@Z 0042e410 f i ClientConnection.obj
 0001:0002d500       ?_Orphan_range@?$vector@KV?$allocator@K@std@@@std@@IBEXPAK0@Z 0042e500 f i ClientConnection.obj
 0001:0002d5f0       ?_Parent@?$_Tree_val@U?$_Tree_simple_types@U?$pair@$$CBK_W@std@@@std@@@std@@SAAAPAU?$_Tree_node@U?$pair@$$CBK_W@std@@PAX@2@PAU32@@Z 0042e5f0 f i ClientConnection.obj
 0001:0002d600       ?_Parent@?$_Tree_val@U?$_Tree_simple_types@U?$pair@$$CB_WK@std@@@std@@@std@@SAAAPAU?$_Tree_node@U?$pair@$$CB_WK@std@@PAX@2@PAU32@@Z 0042e600 f i ClientConnection.obj
 0001:0002d610       ?_Reallocate@?$vector@EV?$allocator@E@std@@@std@@IAEXI@Z 0042e610 f i ClientConnection.obj
 0001:0002d7a0       ?_Reallocate@?$vector@KV?$allocator@K@std@@@std@@IAEXI@Z 0042e7a0 f i ClientConnection.obj
 0001:0002d930       ?_Rechecked@?$_Vector_iterator@V?$_Vector_val@U?$_Simple_types@E@std@@@std@@@std@@QAEAAV12@PAE@Z 0042e930 f i ClientConnection.obj
 0001:0002d950       ?_Rechecked@?$_Vector_iterator@V?$_Vector_val@U?$_Simple_types@K@std@@@std@@@std@@QAEAAV12@PAK@Z 0042e950 f i ClientConnection.obj
 0001:0002d970       ?_Reserve@?$vector@EV?$allocator@E@std@@@std@@IAEXI@Z 0042e970 f i ClientConnection.obj
 0001:0002d9e0       ?_Reserve@?$vector@KV?$allocator@K@std@@@std@@IAEXI@Z 0042e9e0 f i ClientConnection.obj
 0001:0002da50       ?_Right@?$_Tree_val@U?$_Tree_simple_types@U?$pair@$$CBK_W@std@@@std@@@std@@SAAAPAU?$_Tree_node@U?$pair@$$CBK_W@std@@PAX@2@PAU32@@Z 0042ea50 f i ClientConnection.obj
 0001:0002da60       ?_Right@?$_Tree_val@U?$_Tree_simple_types@U?$pair@$$CB_WK@std@@@std@@@std@@SAAAPAU?$_Tree_node@U?$pair@$$CB_WK@std@@PAX@2@PAU32@@Z 0042ea60 f i ClientConnection.obj
 0001:0002da70       ?_Rmost@?$_Tree@V?$_Tmap_traits@K_WU?$less@K@std@@V?$allocator@U?$pair@$$CBK_W@std@@@2@$0A@@std@@@std@@IBEAAPAU?$_Tree_node@U?$pair@$$CBK_W@std@@PAX@2@XZ 0042ea70 f i ClientConnection.obj
 0001:0002da90       ?_Rmost@?$_Tree@V?$_Tmap_traits@_WKU?$less@_W@std@@V?$allocator@U?$pair@$$CB_WK@std@@@2@$0A@@std@@@std@@IBEAAPAU?$_Tree_node@U?$pair@$$CB_WK@std@@PAX@2@XZ 0042ea90 f i ClientConnection.obj
 0001:0002dab0       ?_Root@?$_Tree@V?$_Tmap_traits@K_WU?$less@K@std@@V?$allocator@U?$pair@$$CBK_W@std@@@2@$0A@@std@@@std@@IBEAAPAU?$_Tree_node@U?$pair@$$CBK_W@std@@PAX@2@XZ 0042eab0 f i ClientConnection.obj
 0001:0002dad0       ?_Root@?$_Tree@V?$_Tmap_traits@_WKU?$less@_W@std@@V?$allocator@U?$pair@$$CB_WK@std@@@2@$0A@@std@@@std@@IBEAAPAU?$_Tree_node@U?$pair@$$CB_WK@std@@PAX@2@XZ 0042ead0 f i ClientConnection.obj
 0001:0002daf0       ?_Rrotate@?$_Tree@V?$_Tmap_traits@K_WU?$less@K@std@@V?$allocator@U?$pair@$$CBK_W@std@@@2@$0A@@std@@@std@@IAEXPAU?$_Tree_node@U?$pair@$$CBK_W@std@@PAX@2@@Z 0042eaf0 f i ClientConnection.obj
 0001:0002dc70       ?_Rrotate@?$_Tree@V?$_Tmap_traits@_WKU?$less@_W@std@@V?$allocator@U?$pair@$$CB_WK@std@@@2@$0A@@std@@@std@@IAEXPAU?$_Tree_node@U?$pair@$$CB_WK@std@@PAX@2@@Z 0042ec70 f i ClientConnection.obj
 0001:0002ddf0       ?_Tidy@?$_Tree@V?$_Tmap_traits@K_WU?$less@K@std@@V?$allocator@U?$pair@$$CBK_W@std@@@2@$0A@@std@@@std@@IAEXXZ 0042edf0 f i ClientConnection.obj
 0001:0002df00       ?_Tidy@?$_Tree@V?$_Tmap_traits@_WKU?$less@_W@std@@V?$allocator@U?$pair@$$CB_WK@std@@@2@$0A@@std@@@std@@IAEXXZ 0042ef00 f i ClientConnection.obj
 0001:0002e010       ?_Tidy@?$vector@EV?$allocator@E@std@@@std@@IAEXXZ 0042f010 f i ClientConnection.obj
 0001:0002e0b0       ?_Tidy@?$vector@KV?$allocator@K@std@@@std@@IAEXXZ 0042f0b0 f i ClientConnection.obj
 0001:0002e150       ?_Unchecked@?$_Vector_iterator@V?$_Vector_val@U?$_Simple_types@E@std@@@std@@@std@@QBEPAEXZ 0042f150 f i ClientConnection.obj
 0001:0002e170       ?_Unchecked@?$_Vector_iterator@V?$_Vector_val@U?$_Simple_types@K@std@@@std@@@std@@QBEPAKXZ 0042f170 f i ClientConnection.obj
 0001:0002e190       ?_Unused_capacity@?$vector@EV?$allocator@E@std@@@std@@QBEIXZ 0042f190 f i ClientConnection.obj
 0001:0002e1b0       ?_Unused_capacity@?$vector@KV?$allocator@K@std@@@std@@QBEIXZ 0042f1b0 f i ClientConnection.obj
 0001:0002e1d0       ?_Xlen@?$vector@EV?$allocator@E@std@@@std@@IBEXXZ 0042f1d0 f i ClientConnection.obj
 0001:0002e1f0       ?_Xlen@?$vector@KV?$allocator@K@std@@@std@@IBEXXZ 0042f1f0 f i ClientConnection.obj
 0001:0002e210       ?allocate@?$_Wrap_alloc@V?$allocator@E@std@@@std@@QAEPAEI@Z 0042f210 f i ClientConnection.obj
 0001:0002e230       ?allocate@?$_Wrap_alloc@V?$allocator@K@std@@@std@@QAEPAKI@Z 0042f230 f i ClientConnection.obj
 0001:0002e250       ?allocate@?$_Wrap_alloc@V?$allocator@U_Container_proxy@std@@@std@@@std@@QAEPAU_Container_proxy@2@I@Z 0042f250 f i ClientConnection.obj
 0001:0002e270       ?allocate@?$allocator@E@std@@QAEPAEI@Z 0042f270 f i ClientConnection.obj
 0001:0002e2a0       ?allocate@?$allocator@K@std@@QAEPAKI@Z 0042f2a0 f i ClientConnection.obj
 0001:0002e2d0       ?assign@?$basic_string@DU?$char_traits@D@std@@V?$allocator@D@2@@std@@QAEAAV12@ABV12@@Z 0042f2d0 f i ClientConnection.obj
 0001:0002e300       ?begin@?$_Tree@V?$_Tmap_traits@K_WU?$less@K@std@@V?$allocator@U?$pair@$$CBK_W@std@@@2@$0A@@std@@@std@@QAE?AV?$_Tree_iterator@V?$_Tree_val@U?$_Tree_simple_types@U?$pair@$$CBK_W@std@@@std@@@std@@@2@XZ 0042f300 f i ClientConnection.obj
 0001:0002e330       ?begin@?$_Tree@V?$_Tmap_traits@_WKU?$less@_W@std@@V?$allocator@U?$pair@$$CB_WK@std@@@2@$0A@@std@@@std@@QAE?AV?$_Tree_iterator@V?$_Tree_val@U?$_Tree_simple_types@U?$pair@$$CB_WK@std@@@std@@@std@@@2@XZ 0042f330 f i ClientConnection.obj
 0001:0002e360       ?begin@?$vector@EV?$allocator@E@std@@@std@@QAE?AV?$_Vector_iterator@V?$_Vector_val@U?$_Simple_types@E@std@@@std@@@2@XZ 0042f360 f i ClientConnection.obj
 0001:0002e390       ?begin@?$vector@KV?$allocator@K@std@@@std@@QAE?AV?$_Vector_iterator@V?$_Vector_val@U?$_Simple_types@K@std@@@std@@@2@XZ 0042f390 f i ClientConnection.obj
 0001:0002e3c0       ?capacity@?$vector@EV?$allocator@E@std@@@std@@QBEIXZ 0042f3c0 f i ClientConnection.obj
 0001:0002e3e0       ?capacity@?$vector@KV?$allocator@K@std@@@std@@QBEIXZ 0042f3e0 f i ClientConnection.obj
 0001:0002e400       ?check@InStream@rdr@@QAEHHH@Z 0042f400 f i ClientConnection.obj
 0001:0002e480       ?clear@?$_Tree@V?$_Tmap_traits@K_WU?$less@K@std@@V?$allocator@U?$pair@$$CBK_W@std@@@2@$0A@@std@@@std@@QAEXXZ 0042f480 f i ClientConnection.obj
 0001:0002e500       ?clear@?$_Tree@V?$_Tmap_traits@_WKU?$less@_W@std@@V?$allocator@U?$pair@$$CB_WK@std@@@2@$0A@@std@@@std@@QAEXXZ 0042f500 f i ClientConnection.obj
 0001:0002e580       ?compare@?$basic_string@DU?$char_traits@D@std@@V?$allocator@D@2@@std@@QBEHABV12@@Z 0042f580 f i ClientConnection.obj
 0001:0002e5c0       ?compare@?$basic_string@DU?$char_traits@D@std@@V?$allocator@D@2@@std@@QBEHIIPBDI@Z 0042f5c0 f i ClientConnection.obj
 0001:0002e6d0       ?compare@?$char_traits@D@std@@SAHPBD0I@Z 0042f6d0 f i ClientConnection.obj
 0001:0002e710       ?construct@?$allocator@E@std@@QAEXPAEABE@Z 0042f710 f i ClientConnection.obj
 0001:0002e760       ?construct@?$allocator@K@std@@QAEXPAKABK@Z 0042f760 f i ClientConnection.obj
[...]
 0004:000003dc       __imp__GetVersion@0        006023dc     kernel32:KERNEL32.dll
 0004:000003e0       __imp__SetFileAttributesA@8 006023e0     kernel32:KERNEL32.dll
 0004:000003e4       __imp__LocalFileTimeToFileTime@8 006023e4     kernel32:KERNEL32.dll
 0004:000003e8       __imp__GetFullPathNameA@16 006023e8     kernel32:KERNEL32.dll
 0004:000003ec       __imp__QueryPerformanceFrequency@4 006023ec     kernel32:KERNEL32.dll
 0004:000003f0       __imp__QueryPerformanceCounter@4 006023f0     kernel32:KERNEL32.dll
 0004:000003f4       __imp__TerminateProcess@8  006023f4     kernel32:KERNEL32.dll
 0004:000003f8       __imp__FreeLibrary@4       006023f8     kernel32:KERNEL32.dll
 0004:000003fc       __imp__FindFirstFileA@8    006023fc     kernel32:KERNEL32.dll
 0004:00000400       __imp__FindClose@4         00602400     kernel32:KERNEL32.dll
 0004:00000404       __imp__DeleteFileA@4       00602404     kernel32:KERNEL32.dll
 0004:00000408       __imp__WideCharToMultiByte@32 00602408     kernel32:KERNEL32.dll
 0004:0000040c       __imp__MultiByteToWideChar@24 0060240c     kernel32:KERNEL32.dll
 0004:00000410       __imp__GlobalFree@4        00602410     kernel32:KERNEL32.dll
 0004:00000414       __imp__GlobalSize@4        00602414     kernel32:KERNEL32.dll
 0004:00000418       __imp__GetPrivateProfileStringA@24 00602418     kernel32:KERNEL32.dll
 0004:0000041c       __imp__WritePrivateProfileStringA@16 0060241c     kernel32:KERNEL32.dll
 0004:00000420       __imp__GetPrivateProfileIntA@16 00602420     kernel32:KERNEL32.dll
 0004:00000424       __imp__GlobalUnlock@4      00602424     kernel32:KERNEL32.dll
 0004:00000428       __imp__GlobalLock@4        00602428     kernel32:KERNEL32.dll
 0004:0000042c       __imp__GlobalAlloc@8       0060242c     kernel32:KERNEL32.dll
 0004:00000430       __imp__RemoveDirectoryW@4  00602430     kernel32:KERNEL32.dll
 0004:00000434       __imp__FormatMessageA@28   00602434     kernel32:KERNEL32.dll
 0004:00000438       __imp__LocalFree@4         00602438     kernel32:KERNEL32.dll
 0004:0000043c       __imp__GetTickCount@0      0060243c     kernel32:KERNEL32.dll
 0004:00000440       __imp__ResumeThread@4      00602440     kernel32:KERNEL32.dll
 0004:00000444       __imp__CreateThread@24     00602444     kernel32:KERNEL32.dll
 0004:00000448       __imp__Sleep@4             00602448     kernel32:KERNEL32.dll
 0004:0000044c       __imp__CreateEventA@16     0060244c     kernel32:KERNEL32.dll
 0004:00000450       __imp__WaitForSingleObject@8 00602450     kernel32:KERNEL32.dll
 0004:00000454       __imp__SetEvent@4          00602454     kernel32:KERNEL32.dll
 0004:00000458       __imp__GetLastError@0      00602458     kernel32:KERNEL32.dll
 0004:0000045c       __imp__CloseHandle@4       0060245c     kernel32:KERNEL32.dll
 0004:00000460       __imp__Beep@8              00602460     kernel32:KERNEL32.dll
 0004:00000464       __imp__OutputDebugStringA@4 00602464     kernel32:KERNEL32.dll
 0004:00000468       __imp__GetModuleHandleA@4  00602468     kernel32:KERNEL32.dll
 0004:0000046c       __imp__GetDateFormatW@24   0060246c     kernel32:KERNEL32.dll
 0004:00000470       __imp__GetTimeFormatW@24   00602470     kernel32:KERNEL32.dll
 0004:00000474       __imp__CompareStringW@24   00602474     kernel32:KERNEL32.dll
 0004:00000478       __imp__LCMapStringW@24     00602478     kernel32:KERNEL32.dll
 0004:0000047c       __imp__GetLocaleInfoW@16   0060247c     kernel32:KERNEL32.dll
 0004:00000480       __imp__IsValidLocale@8     00602480     kernel32:KERNEL32.dll
 0004:00000484       __imp__GetUserDefaultLCID@0 00602484     kernel32:KERNEL32.dll
 0004:00000488       __imp__EnumSystemLocalesW@8 00602488     kernel32:KERNEL32.dll
 0004:0000048c       __imp__HeapReAlloc@16      0060248c     kernel32:KERNEL32.dll
 0004:00000490       __imp__HeapSize@12         00602490     kernel32:KERNEL32.dll
 0004:00000494       __imp__HeapQueryInformation@20 00602494     kernel32:KERNEL32.dll
 0004:00000498       __imp__GetFullPathNameW@16 00602498     kernel32:KERNEL32.dll
 0004:0000049c       __imp__VirtualQuery@12     0060249c     kernel32:KERNEL32.dll
 0004:000004a0       __imp__GetOEMCP@0          006024a0     kernel32:KERNEL32.dll
 0004:000004a4       \177KERNEL32_NULL_THUNK_DATA 006024a4     kernel32:KERNEL32.dll
 0004:00000558       __imp__ShellExecuteA@24    00602558     shell32:SHELL32.dll
 0004:0000055c       __imp__SHGetSpecialFolderLocation@12 0060255c     shell32:SHELL32.dll
 0004:00000560       __imp__SHGetPathFromIDListA@8 00602560     shell32:SHELL32.dll
 0004:00000564       __imp__SHFileOperationA@4  00602564     shell32:SHELL32.dll
 0004:00000568       __imp__Shell_NotifyIconA@8 00602568     shell32:SHELL32.dll
 0004:0000056c       __imp__SHGetFolderPathA@20 0060256c     shell32:SHELL32.dll
 0004:00000570       \177SHELL32_NULL_THUNK_DATA 00602570     shell32:SHELL32.dll
 0004:000005a0       __imp__ReleaseCapture@0    006025a0     user32:USER32.dll
 0004:000005a4       __imp__SetCapture@4        006025a4     user32:USER32.dll
 0004:000005a8       __imp__CallWindowProcA@20  006025a8     user32:USER32.dll
 0004:000005ac       __imp__CallNextHookEx@16   006025ac     user32:USER32.dll
 0004:000005b0       __imp__SetWindowsHookExA@16 006025b0     user32:USER32.dll
 0004:000005b4       __imp__GetWindowThreadProcessId@8 006025b4     user32:USER32.dll
 0004:000005b8       __imp__GetForegroundWindow@0 006025b8     user32:USER32.dll
 0004:000005bc       __imp__PostThreadMessageA@16 006025bc     user32:USER32.dll
 0004:000005c0       __imp__GetMessageA@16      006025c0     user32:USER32.dll
 0004:000005c4       __imp__ToAscii@20          006025c4     user32:USER32.dll
 0004:000005c8       __imp__GetKeyState@4       006025c8     user32:USER32.dll
 0004:000005cc       __imp__keybd_event@16      006025cc     user32:USER32.dll
 0004:000005d0       __imp__VkKeyScanW@4        006025d0     user32:USER32.dll
 0004:000005d4       __imp__ToUnicode@24        006025d4     user32:USER32.dll
 0004:000005d8       __imp__GetKeyboardState@4  006025d8     user32:USER32.dll
 0004:000005dc       __imp__GetCaretBlinkTime@0 006025dc     user32:USER32.dll
 0004:000005e0       __imp__GetDesktopWindow@0  006025e0     user32:USER32.dll
 0004:000005e4       __imp__PtInRect@12         006025e4     user32:USER32.dll
 0004:000005e8       __imp__IntersectRect@12    006025e8     user32:USER32.dll
 0004:000005ec       __imp__SetWindowRgn@12     006025ec     user32:USER32.dll
 0004:000005f0       __imp__WindowFromDC@4      006025f0     user32:USER32.dll
 0004:000005f4       __imp__ModifyMenuA@20      006025f4     user32:USER32.dll
 0004:000005f8       __imp__GetMenuStringA@20   006025f8     user32:USER32.dll
 0004:000005fc       __imp__GetComboBoxInfo@8   006025fc     user32:USER32.dll
 0004:00000600       __imp__DestroyIcon@4       00602600     user32:USER32.dll
 0004:00000604       __imp__GetParent@4         00602604     user32:USER32.dll
 0004:00000608       __imp__GetWindowTextLengthA@4 00602608     user32:USER32.dll
 0004:0000060c       __imp__DrawTextA@20        0060260c     user32:USER32.dll
 0004:00000610       __imp__GetMenuItemCount@4  00602610     user32:USER32.dll
 0004:00000614       __imp__EnableWindow@8      00602614     user32:USER32.dll
 0004:00000618       __imp__SendDlgItemMessageA@20 00602618     user32:USER32.dll
 0004:0000061c       __imp__SendMessageTimeoutA@28 0060261c     user32:USER32.dll
 0004:00000620       __imp__SetCaretBlinkTime@4 00602620     user32:USER32.dll
 0004:00000624       __imp__ScreenToClient@8    00602624     user32:USER32.dll
 0004:00000628       __imp__GetScrollInfo@12    00602628     user32:USER32.dll
 0004:0000062c       __imp__IsDlgButtonChecked@8 0060262c     user32:USER32.dll
 0004:00000630       __imp__LoadKeyboardLayoutA@8 00602630     user32:USER32.dll
 0004:00000634       __imp__LoadBitmapA@8       00602634     user32:USER32.dll
 0004:00000638       __imp__wvsprintfA@12       00602638     user32:USER32.dll
 0004:0000063c       __imp__CharToOemA@8        0060263c     user32:USER32.dll
 0004:00000640       __imp__OemToCharA@8        00602640     user32:USER32.dll
 0004:00000644       __imp__DialogBoxParamA@20  00602644     user32:USER32.dll
 0004:00000648       __imp__EndDialog@8         00602648     user32:USER32.dll
 0004:0000064c       __imp__SetDlgItemTextA@12  0060264c     user32:USER32.dll
 0004:00000650       __imp__SetForegroundWindow@4 00602650     user32:USER32.dll
 0004:00000654       __imp__IsRectEmpty@4       00602654     user32:USER32.dll
 0004:00000658       __imp__LoadImageA@24       00602658     user32:USER32.dll
 0004:0000065c       __imp__PeekMessageA@20     0060265c     user32:USER32.dll
 0004:00000660       __imp__DispatchMessageA@4  00602660     user32:USER32.dll
 0004:00000664       __imp__TranslateMessage@4  00602664     user32:USER32.dll
 0004:00000668       __imp__GetMonitorInfoA@8   00602668     user32:USER32.dll
 0004:0000066c       __imp__MonitorFromPoint@12 0060266c     user32:USER32.dll
 0004:00000670       __imp__SystemParametersInfoA@16 00602670     user32:USER32.dll
 0004:00000674       __imp__EnumDisplayDevicesA@16 00602674     user32:USER32.dll
 0004:00000678       __imp__EnumDisplaySettingsExA@16 00602678     user32:USER32.dll
 0004:0000067c       __imp__GetSystemMetrics@4  0060267c     user32:USER32.dll
 0004:00000680       __imp__ValidateRect@8      00602680     user32:USER32.dll
 0004:00000684       __imp__SetMenuDefaultItem@12 00602684     user32:USER32.dll
 0004:00000688       __imp__TrackPopupMenu@28   00602688     user32:USER32.dll
 0004:0000068c       __imp__GetMenuItemID@8     0060268c     user32:USER32.dll
 0004:00000690       __imp__GetSubMenu@8        00602690     user32:USER32.dll
 0004:00000694       __imp__LoadMenuA@8         00602694     user32:USER32.dll
 0004:00000698       __imp__RegisterClassExA@4  00602698     user32:USER32.dll
 0004:0000069c       __imp__LoadStringA@16      0060269c     user32:USER32.dll
 0004:000006a0       __imp__IsClipboardFormatAvailable@4 006026a0     user32:USER32.dll
 0004:000006a4       __imp__RegisterClipboardFormatA@4 006026a4     user32:USER32.dll
 0004:000006a8       __imp__SetWindowLongA@12   006026a8     user32:USER32.dll
 0004:000006ac       __imp__GetCursorPos@4      006026ac     user32:USER32.dll
 0004:000006b0       __imp__SetCursorPos@8      006026b0     user32:USER32.dll
 0004:000006b4       __imp__RedrawWindow@16     006026b4     user32:USER32.dll
 0004:000006b8       __imp__EmptyClipboard@0    006026b8     user32:USER32.dll
 0004:000006bc       __imp__GetClipboardData@4  006026bc     user32:USER32.dll
 0004:000006c0       __imp__SetClipboardData@8  006026c0     user32:USER32.dll
 0004:000006c4       __imp__GetClipboardOwner@0 006026c4     user32:USER32.dll
 0004:000006c8       __imp__CloseClipboard@0    006026c8     user32:USER32.dll
 0004:000006cc       __imp__OpenClipboard@4     006026cc     user32:USER32.dll
 0004:000006d0       __imp__SetScrollInfo@16    006026d0     user32:USER32.dll
 0004:000006d4       __imp__LoadIconA@8         006026d4     user32:USER32.dll
 0004:000006d8       __imp__LoadCursorA@8       006026d8     user32:USER32.dll
 0004:000006dc       __imp__SetRect@20          006026dc     user32:USER32.dll
 0004:000006e0       __imp__FillRect@12         006026e0     user32:USER32.dll
 0004:000006e4       __imp__GetSysColorBrush@4  006026e4     user32:USER32.dll
 0004:000006e8       __imp__SetCursor@4         006026e8     user32:USER32.dll
 0004:000006ec       __imp__MessageBoxA@16      006026ec     user32:USER32.dll
 0004:000006f0       __imp__AdjustWindowRectEx@16 006026f0     user32:USER32.dll
 0004:000006f4       __imp__GetWindowRect@8     006026f4     user32:USER32.dll
 0004:000006f8       __imp__GetClientRect@8     006026f8     user32:USER32.dll
 0004:000006fc       __imp__ShowScrollBar@12    006026fc     user32:USER32.dll
 0004:00000700       __imp__ScrollWindowEx@32   00602700     user32:USER32.dll
 0004:00000704       __imp__InvalidateRgn@12    00602704     user32:USER32.dll
 0004:00000708       __imp__InvalidateRect@12   00602708     user32:USER32.dll
 0004:0000070c       __imp__EndPaint@8          0060270c     user32:USER32.dll
 0004:00000710       __imp__BeginPaint@8        00602710     user32:USER32.dll
 0004:00000714       __imp__ReleaseDC@8         00602714     user32:USER32.dll
 0004:00000718       __imp__GetDC@4             00602718     user32:USER32.dll
 0004:0000071c       __imp__UpdateWindow@4      0060271c     user32:USER32.dll
 0004:00000720       __imp__AppendMenuA@16      00602720     user32:USER32.dll
 0004:00000724       __imp__EnableMenuItem@12   00602724     user32:USER32.dll
 0004:00000728       __imp__CheckMenuItem@12    00602728     user32:USER32.dll
 0004:0000072c       __imp__DestroyMenu@4       0060272c     user32:USER32.dll
 0004:00000730       __imp__CreatePopupMenu@0   00602730     user32:USER32.dll
 0004:00000734       __imp__GetSystemMenu@8     00602734     user32:USER32.dll
 0004:00000738       __imp__DrawMenuBar@4       00602738     user32:USER32.dll
 0004:0000073c       __imp__KillTimer@8         0060273c     user32:USER32.dll
 0004:00000740       __imp__SetTimer@16         00602740     user32:USER32.dll
 0004:00000744       __imp__GetKeyNameTextA@12  00602744     user32:USER32.dll
 0004:00000748       __imp__GetFocus@0          00602748     user32:USER32.dll
 0004:0000074c       __imp__SetFocus@4          0060274c     user32:USER32.dll
 0004:00000750       __imp__ChangeClipboardChain@8 00602750     user32:USER32.dll
 0004:00000754       __imp__SetClipboardViewer@4 00602754     user32:USER32.dll
 0004:00000758       __imp__GetDlgItemInt@16    00602758     user32:USER32.dll
 0004:0000075c       __imp__SetDlgItemInt@16    0060275c     user32:USER32.dll
 0004:00000760       __imp__IsIconic@4          00602760     user32:USER32.dll
 0004:00000764       __imp__SetWindowPos@28     00602764     user32:USER32.dll
 0004:00000768       __imp__MoveWindow@24       00602768     user32:USER32.dll
 0004:0000076c       __imp__ShowWindow@8        0060276c     user32:USER32.dll
 0004:00000770       __imp__DestroyWindow@4     00602770     user32:USER32.dll
 0004:00000774       __imp__IsWindow@4          00602774     user32:USER32.dll
 0004:00000778       __imp__CreateWindowExA@48  00602778     user32:USER32.dll
 0004:0000077c       __imp__RegisterClassA@4    0060277c     user32:USER32.dll
 0004:00000780       __imp__PostQuitMessage@4   00602780     user32:USER32.dll
 0004:00000784       __imp__DefWindowProcA@16   00602784     user32:USER32.dll
 0004:00000788       __imp__PostMessageA@16     00602788     user32:USER32.dll
 0004:0000078c       __imp__SendNotifyMessageA@16 0060278c     user32:USER32.dll
 0004:00000790       __imp__RegisterWindowMessageA@4 00602790     user32:USER32.dll
 0004:00000794       __imp__GetKeyboardLayoutNameA@4 00602794     user32:USER32.dll
 0004:00000798       __imp__wsprintfA           00602798     user32:USER32.dll
 0004:0000079c       __imp__GetWindowLongA@8    0060279c     user32:USER32.dll
 0004:000007a0       __imp__GetWindowTextA@12   006027a0     user32:USER32.dll
 0004:000007a4       __imp__SetWindowTextA@8    006027a4     user32:USER32.dll
 0004:000007a8       __imp__GetDlgItemTextA@16  006027a8     user32:USER32.dll
 0004:000007ac       __imp__GetDlgItem@8        006027ac     user32:USER32.dll
 0004:000007b0       __imp__SendMessageA@16     006027b0     user32:USER32.dll
 0004:000007b4       __imp__TranslateAcceleratorA@12 006027b4     user32:USER32.dll
 0004:000007b8       __imp__DestroyAcceleratorTable@4 006027b8     user32:USER32.dll
 0004:000007bc       __imp__CreateAcceleratorTableA@8 006027bc     user32:USER32.dll
 0004:000007c0       __imp__MapWindowPoints@16  006027c0     user32:USER32.dll
 0004:000007c4       \177USER32_NULL_THUNK_DATA 006027c4     user32:USER32.dll
 0004:0000085c       __imp__timeGetTime@0       0060285c     winmm:WINMM.dll
 0004:00000860       __imp__timeSetEvent@20     00602860     winmm:WINMM.dll
 0004:00000864       __imp__timeKillEvent@4     00602864     winmm:WINMM.dll
 0004:00000868       __imp__PlaySoundA@12       00602868     winmm:WINMM.dll
 0004:0000086c       \177WINMM_NULL_THUNK_DATA  0060286c     winmm:WINMM.dll
 0004:00000898       __imp__WSAStartup@8        00602898     ws2_32:WS2_32.dll
 0004:0000089c       __imp__WSACleanup@0        0060289c     ws2_32:WS2_32.dll
 0004:000008a0       __imp__WSAAsyncSelect@16   006028a0     ws2_32:WS2_32.dll
 0004:000008a4       __imp__recv@16             006028a4     ws2_32:WS2_32.dll
 0004:000008a8       __imp__listen@8            006028a8     ws2_32:WS2_32.dll
 0004:000008ac       __imp__ioctlsocket@12      006028ac     ws2_32:WS2_32.dll
 0004:000008b0       __imp__bind@12             006028b0     ws2_32:WS2_32.dll
 0004:000008b4       __imp__accept@12           006028b4     ws2_32:WS2_32.dll
 0004:000008b8       __imp__WSAGetLastError@0   006028b8     ws2_32:WS2_32.dll
 0004:000008bc       __imp__gethostbyname@4     006028bc     ws2_32:WS2_32.dll
 0004:000008c0       __imp__socket@12           006028c0     ws2_32:WS2_32.dll
 0004:000008c4       __imp__shutdown@8          006028c4     ws2_32:WS2_32.dll
 0004:000008c8       __imp____WSAFDIsSet@8      006028c8     ws2_32:WS2_32.dll
 0004:000008cc       __imp__closesocket@4       006028cc     ws2_32:WS2_32.dll
 0004:000008d0       __imp__connect@12          006028d0     ws2_32:WS2_32.dll
 0004:000008d4       __imp__setsockopt@20       006028d4     ws2_32:WS2_32.dll
 0004:000008d8       __imp__send@16             006028d8     ws2_32:WS2_32.dll
 0004:000008dc       __imp__select@20           006028dc     ws2_32:WS2_32.dll
 0004:000008e0       __imp__inet_addr@4         006028e0     ws2_32:WS2_32.dll
 0004:000008e4       __imp__htons@4             006028e4     ws2_32:WS2_32.dll
 0004:000008e8       __imp__getpeername@12      006028e8     ws2_32:WS2_32.dll
 0004:000008ec       \177WS2_32_NULL_THUNK_DATA 006028ec     ws2_32:WS2_32.dll
 0004:00000928       __imp__jpeg_std_error      00602928     libjpeg-turbo-win:libjpeg-turbo-win.dll
 0004:0000092c       __imp__jpeg_CreateDecompress 0060292c     libjpeg-turbo-win:libjpeg-turbo-win.dll
 0004:00000930       __imp__jpeg_destroy_decompress 00602930     libjpeg-turbo-win:libjpeg-turbo-win.dll
 0004:00000934       __imp__jpeg_read_header    00602934     libjpeg-turbo-win:libjpeg-turbo-win.dll
 0004:00000938       __imp__jpeg_start_decompress 00602938     libjpeg-turbo-win:libjpeg-turbo-win.dll
 0004:0000093c       __imp__jpeg_read_scanlines 0060293c     libjpeg-turbo-win:libjpeg-turbo-win.dll
 0004:00000940       __imp__jpeg_finish_decompress 00602940     libjpeg-turbo-win:libjpeg-turbo-win.dll
 0004:00000944       __imp__jpeg_resync_to_restart 00602944     libjpeg-turbo-win:libjpeg-turbo-win.dll
 0004:00000948       \177libjpeg-turbo-win_NULL_THUNK_DATA 00602948     libjpeg-turbo-win:libjpeg-turbo-win.dll
 0004:00000978       __IMPORT_DESCRIPTOR_COMCTL32 00602978     comctl32:COMCTL32.dll
 0004:0000098c       __IMPORT_DESCRIPTOR_WINMM  0060298c     winmm:WINMM.dll
 0004:000009a0       __IMPORT_DESCRIPTOR_WS2_32 006029a0     ws2_32:WS2_32.dll
 0004:000009b4       __IMPORT_DESCRIPTOR_KERNEL32 006029b4     kernel32:KERNEL32.dll
 0004:000009c8       __IMPORT_DESCRIPTOR_USER32 006029c8     user32:USER32.dll
 0004:000009dc       __IMPORT_DESCRIPTOR_GDI32  006029dc     gdi32:GDI32.dll
 0004:000009f0       __IMPORT_DESCRIPTOR_COMDLG32 006029f0     comdlg32:COMDLG32.dll
 0004:00000a04       __IMPORT_DESCRIPTOR_ADVAPI32 00602a04     advapi32:ADVAPI32.dll
 0004:00000a18       __IMPORT_DESCRIPTOR_SHELL32 00602a18     shell32:SHELL32.dll
 0004:00000a2c       __IMPORT_DESCRIPTOR_libjpeg-turbo-win 00602a2c     libjpeg-turbo-win:libjpeg-turbo-win.dll
 0004:00000a40       __IMPORT_DESCRIPTOR_IMM32  00602a40     imm32:IMM32.dll
 0004:00000a54       __NULL_IMPORT_DESCRIPTOR   00602a54     comctl32:COMCTL32.dll
